ARM Linker, 4.1 [Build 791] [Standard]

==============================================================================

Section Cross References

    stm32f10x.o(STACK) refers (Special) to heapauxi.o(.text) for __use_two_region_memory
    stm32f10x.o(HEAP) refers (Special) to heapauxi.o(.text) for __use_two_region_memory
    stm32f10x.o(RESET) refers (Special) to heapauxi.o(.text) for __use_two_region_memory
    stm32f10x.o(RESET) refers to stm32f10x.o(STACK) for __initial_sp
    stm32f10x.o(RESET) refers to stm32f10x.o(.text) for Reset_Handler
    stm32f10x.o(RESET) refers to main.o(.text) for USART3_IRQHandler
    stm32f10x.o(.text) refers (Special) to heapauxi.o(.text) for __use_two_region_memory
    stm32f10x.o(.text) refers to __main.o(!!!main) for __main
    stm32f10x.o(.text) refers to stm32f10x.o(HEAP) for Heap_Mem
    stm32f10x.o(.text) refers to stm32f10x.o(STACK) for Stack_Mem
    main.o(.text) refers to scanf1.o(x$fpl$scanf1) for _scanf_real
    main.o(.text) refers to _printf_pad.o(.text) for _printf_pre_padding
    main.o(.text) refers to _printf_percent.o(.ARM.Collect$$_printf_percent$$00000000) for _printf_percent
    main.o(.text) refers to _printf_d.o(.ARM.Collect$$_printf_percent$$00000009) for _printf_d
    main.o(.text) refers to _printf_dec.o(.text) for _printf_int_dec
    main.o(.text) refers to _printf_f.o(.ARM.Collect$$_printf_percent$$00000003) for _printf_f
    main.o(.text) refers to printf1.o(x$fpl$printf1) for _printf_fp_dec
    main.o(.text) refers to serial.o(.text) for getkey3
    main.o(.text) refers to __0sscanf.o(.text) for __0sscanf
    main.o(.text) refers to f2d.o(x$fpl$f2d) for __aeabi_f2d
    main.o(.text) refers to dleqf.o(x$fpl$dleqf) for __aeabi_cdcmple
    main.o(.text) refers to adc.o(.text) for read_adc
    main.o(.text) refers to fflt_clz.o(x$fpl$fflt) for __aeabi_i2f
    main.o(.text) refers to ssd1306.o(.text) for SSD1306_Fill
    main.o(.text) refers to ds3231.o(.text) for DS3231_ReadDate
    main.o(.text) refers to noretval__2sprintf.o(.text) for __2sprintf
    main.o(.text) refers to fmul.o(x$fpl$fmul) for __aeabi_fmul
    main.o(.text) refers to dmul.o(x$fpl$dmul) for __aeabi_dmul
    main.o(.text) refers to systeminit.o(.text) for Beep
    main.o(.text) refers to stm32_init.o(.text) for stm32_Init
    main.o(.text) refers to main.o(.bss) for UsartBuff
    main.o(.text) refers to main.o(.data) for UsartBuffIndex
    main.o(.text) refers to main.o(.constdata) for fdata
    systeminit.o(.text) refers to stm32f10x_rcc.o(i.RCC_APB2PeriphClockCmd) for RCC_APB2PeriphClockCmd
    systeminit.o(.text) refers to stm32f10x_gpio.o(i.GPIO_Init) for GPIO_Init
    systeminit.o(.text) refers to stm32f10x_rcc.o(i.RCC_APB1PeriphClockCmd) for RCC_APB1PeriphClockCmd
    systeminit.o(.text) refers to stm32f10x_tim.o(i.TIM_TimeBaseInit) for TIM_TimeBaseInit
    systeminit.o(.text) refers to stm32f10x_tim.o(i.TIM_OC1Init) for TIM_OC1Init
    systeminit.o(.text) refers to stm32f10x_tim.o(i.TIM_OC1PreloadConfig) for TIM_OC1PreloadConfig
    systeminit.o(.text) refers to stm32f10x_tim.o(i.TIM_OC2Init) for TIM_OC2Init
    systeminit.o(.text) refers to stm32f10x_tim.o(i.TIM_OC2PreloadConfig) for TIM_OC2PreloadConfig
    systeminit.o(.text) refers to stm32f10x_tim.o(i.TIM_ARRPreloadConfig) for TIM_ARRPreloadConfig
    systeminit.o(.text) refers to stm32f10x_tim.o(i.TIM_Cmd) for TIM_Cmd
    systeminit.o(.text) refers to stm32f10x_nvic.o(i.NVIC_Init) for NVIC_Init
    systeminit.o(.text) refers to stm32f10x_tim.o(i.TIM_OC3Init) for TIM_OC3Init
    systeminit.o(.text) refers to stm32f10x_tim.o(i.TIM_OC3PreloadConfig) for TIM_OC3PreloadConfig
    systeminit.o(.text) refers to stm32f10x_tim.o(i.TIM_PWMIConfig) for TIM_PWMIConfig
    systeminit.o(.text) refers to stm32f10x_tim.o(i.TIM_SelectInputTrigger) for TIM_SelectInputTrigger
    systeminit.o(.text) refers to stm32f10x_tim.o(i.TIM_SelectSlaveMode) for TIM_SelectSlaveMode
    systeminit.o(.text) refers to stm32f10x_tim.o(i.TIM_SelectMasterSlaveMode) for TIM_SelectMasterSlaveMode
    systeminit.o(.text) refers to stm32f10x_tim.o(i.TIM_ITConfig) for TIM_ITConfig
    systeminit.o(.text) refers to delay.o(.text) for delay_ms
    systeminit.o(.text) refers to systeminit.o(.data) for roundRobin
    serial.o(.text) refers to strcat.o(.text) for strcat
    serial.o(.text) refers to strcmpv7m.o(.text) for strcmp
    lib_crc.o(.text) refers to lib_crc.o(.bss) for crc_tabccitt
    lib_crc.o(.text) refers to lib_crc.o(.data) for crc_tabccitt_init
    adc.o(.text) refers to stm32f10x_rcc.o(i.RCC_ADCCLKConfig) for RCC_ADCCLKConfig
    adc.o(.text) refers to stm32f10x_rcc.o(i.RCC_APB2PeriphClockCmd) for RCC_APB2PeriphClockCmd
    adc.o(.text) refers to stm32f10x_adc.o(i.ADC_DeInit) for ADC_DeInit
    adc.o(.text) refers to stm32f10x_adc.o(i.ADC_Init) for ADC_Init
    adc.o(.text) refers to stm32f10x_adc.o(i.ADC_RegularChannelConfig) for ADC_RegularChannelConfig
    adc.o(.text) refers to stm32f10x_adc.o(i.ADC_Cmd) for ADC_Cmd
[...]
    .ARM.Collect$$libinit$$00000013          0x08000192   Section        0  libinit2.o(.ARM.Collect$$libinit$$00000013)
    .ARM.Collect$$libinit$$00000015          0x08000192   Section        0  libinit2.o(.ARM.Collect$$libinit$$00000015)
    .ARM.Collect$$libinit$$00000017          0x08000192   Section        0  libinit2.o(.ARM.Collect$$libinit$$00000017)
    .ARM.Collect$$libinit$$00000019          0x08000192   Section        0  libinit2.o(.ARM.Collect$$libinit$$00000019)
    .ARM.Collect$$libinit$$0000001B          0x08000192   Section        0  libinit2.o(.ARM.Collect$$libinit$$0000001B)
    .ARM.Collect$$libinit$$0000001D          0x08000192   Section        0  libinit2.o(.ARM.Collect$$libinit$$0000001D)
    .ARM.Collect$$libinit$$0000001F          0x08000192   Section        0  libinit2.o(.ARM.Collect$$libinit$$0000001F)
    .ARM.Collect$$libinit$$00000021          0x08000192   Section        0  libinit2.o(.ARM.Collect$$libinit$$00000021)
    .ARM.Collect$$libinit$$00000028          0x08000192   Section        0  libinit2.o(.ARM.Collect$$libinit$$00000028)
    .ARM.Collect$$libinit$$0000002A          0x08000192   Section        0  libinit2.o(.ARM.Collect$$libinit$$0000002A)
    .ARM.Collect$$libinit$$0000002C          0x08000192   Section        0  libinit2.o(.ARM.Collect$$libinit$$0000002C)
    .ARM.Collect$$libinit$$0000002E          0x08000192   Section        0  libinit2.o(.ARM.Collect$$libinit$$0000002E)
    .ARM.Collect$$libinit$$0000002F          0x08000192   Section        2  libinit2.o(.ARM.Collect$$libinit$$0000002F)
    .ARM.Collect$$libshutdown$$00000000      0x08000194   Section        2  libshutdown.o(.ARM.Collect$$libshutdown$$00000000)
    .ARM.Collect$$libshutdown$$00000003      0x08000196   Section        0  libshutdown2.o(.ARM.Collect$$libshutdown$$00000003)
    .ARM.Collect$$libshutdown$$00000006      0x08000196   Section        0  libshutdown2.o(.ARM.Collect$$libshutdown$$00000006)
    .ARM.Collect$$libshutdown$$00000009      0x08000196   Section        0  libshutdown2.o(.ARM.Collect$$libshutdown$$00000009)
    .ARM.Collect$$libshutdown$$0000000B      0x08000196   Section        0  libshutdown2.o(.ARM.Collect$$libshutdown$$0000000B)
    .ARM.Collect$$libshutdown$$0000000E      0x08000196   Section        0  libshutdown2.o(.ARM.Collect$$libshutdown$$0000000E)
    .ARM.Collect$$libshutdown$$0000000F      0x08000196   Section        2  libshutdown2.o(.ARM.Collect$$libshutdown$$0000000F)
    .ARM.Collect$$rtentry$$00000000          0x08000198   Section        0  rtentry.o(.ARM.Collect$$rtentry$$00000000)
    .ARM.Collect$$rtentry$$00000002          0x08000198   Section        0  rtentry2.o(.ARM.Collect$$rtentry$$00000002)
    .ARM.Collect$$rtentry$$00000004          0x08000198   Section        6  rtentry4.o(.ARM.Collect$$rtentry$$00000004)
    .ARM.Collect$$rtentry$$00000009          0x0800019e   Section        0  rtentry2.o(.ARM.Collect$$rtentry$$00000009)
    .ARM.Collect$$rtentry$$0000000A          0x0800019e   Section        4  rtentry2.o(.ARM.Collect$$rtentry$$0000000A)
    .ARM.Collect$$rtentry$$0000000C          0x080001a2   Section        0  rtentry2.o(.ARM.Collect$$rtentry$$0000000C)
    .ARM.Collect$$rtentry$$0000000D          0x080001a2   Section        8  rtentry2.o(.ARM.Collect$$rtentry$$0000000D)
    .ARM.Collect$$rtexit$$00000000           0x080001aa   Section        2  rtexit.o(.ARM.Collect$$rtexit$$00000000)
    .ARM.Collect$$rtexit$$00000002           0x080001ac   Section        0  rtexit2.o(.ARM.Collect$$rtexit$$00000002)
    .ARM.Collect$$rtexit$$00000003           0x080001ac   Section        4  rtexit2.o(.ARM.Collect$$rtexit$$00000003)
    .ARM.Collect$$rtexit$$00000004           0x080001b0   Section        6  rtexit2.o(.ARM.Collect$$rtexit$$00000004)
    .text                                    0x080001b8   Section        0  stm32_init.o(.text)
    stm32_UsartSetup                         0x080001b9   Thumb Code   342  stm32_init.o(.text)
    .text                                    0x080003e8   Section       56  stm32f10x.o(.text)
    .text                                    0x08000420   Section        0  main.o(.text)
    .text                                    0x080006dc   Section        0  systeminit.o(.text)
    .text                                    0x080009f0   Section        0  serial.o(.text)
    .text                                    0x08000d88   Section        0  delay.o(.text)
    .text                                    0x08000dd0   Section        0  adc.o(.text)
    .text                                    0x08000f64   Section        0  ssd1306.o(.text)
    LCD_HLineInt                             0x0800147f   Thumb Code   130  ssd1306.o(.text)
    LCD_VLineInt                             0x08001501   Thumb Code   272  ssd1306.o(.text)
    .text                                    0x080021b0   Section        0  ds3231.o(.text)
    .text                                    0x08002aa0   Section        0  noretval__2sprintf.o(.text)
    .text                                    0x08002ac8   Section        0  _printf_pad.o(.text)
    .text                                    0x08002b1c   Section        0  _printf_dec.o(.text)
    .text                                    0x08002b94   Section        0  __printf_wp.o(.text)
    .text                                    0x08002ca4   Section        0  __0sscanf.o(.text)
    .text                                    0x08002ce0   Section        0  strcat.o(.text)
    .text                                    0x08002cf8   Section      128  strcmpv7m.o(.text)
    .text                                    0x08002d78   Section        0  heapauxi.o(.text)
    .text                                    0x08002d7e   Section        0  _printf_intcommon.o(.text)
    .text                                    0x08002e36   Section        0  _printf_fp_dec.o(.text)
    _fp_digits                               0x08002e39   Thumb Code   426  _printf_fp_dec.o(.text)
    .text                                    0x08003254   Section        0  _printf_char_common.o(.text)
    _printf_input_char                       0x08003255   Thumb Code    10  _printf_char_common.o(.text)
    .text                                    0x08003284   Section        0  _sputc.o(.text)
    .text                                    0x08003290   Section        0  scanf_fp.o(.text)
    _fp_value                                0x08003291   Thumb Code   502  scanf_fp.o(.text)
    .text                                    0x08003738   Section        0  scanf_char.o(.text)
    _scanf_char_input                        0x08003739   Thumb Code    12  scanf_char.o(.text)
    .text                                    0x08003768   Section        0  _sgetc.o(.text)
    .text                                    0x080037a8   Section        8  rt_locale_intlibspace.o(.text)
    .text                                    0x080037b0   Section        8  rt_errno_addr_intlibspace.o(.text)
    .text                                    0x080037b8   Section      138  lludiv10.o(.text)
    .text                                    0x08003842   Section        0  isspace.o(.text)
    .text                                    0x08003854   Section        0  _printf_fp_infnan.o(.text)
    .text                                    0x080038d4   Section        0  _scanf.o(.text)
    .text                                    0x08003c4c   Section        0  bigflt0.o(.text)
    .text                                    0x08003d30   Section        8  libspace.o(.text)
    .text                                    0x08003d38   Section       74  sys_stackheap_outer.o(.text)
    .text                                    0x08003d84   Section       16  rt_ctype_table.o(.text)
    .text                                    0x08003d94   Section        0  _rserrno.o(.text)
    .text                                    0x08003dac   Section        0  scanf_hexfp.o(.text)
    .text                                    0x080040c8   Section        0  scanf_infnan.o(.text)
    .text                                    0x08004204   Section        0  exit.o(.text)
    .text                                    0x08004210   Section       38  llshl.o(.text)
    .text                                    0x08004236   Section        0  _chval.o(.text)
    .text                                    0x08004254   Section        8  rt_fp_status_addr_intlibspace.o(.text)
    .text                                    0x0800425c   Section        0  sys_exit.o(.text)
    .text                                    0x08004268   Section        2  use_no_semi.o(.text)
    .text                                    0x0800426a   Section        0  indicate_semi.o(.text)
    CL$$btod_d2e                             0x0800426a   Section       62  btod.o(CL$$btod_d2e)
    CL$$btod_d2e_denorm_low                  0x080042a8   Section       70  btod.o(CL$$btod_d2e_denorm_low)
    CL$$btod_d2e_norm_op1                    0x080042ee   Section       96  btod.o(CL$$btod_d2e_norm_op1)
    CL$$btod_div_common                      0x0800434e   Section      824  btod.o(CL$$btod_div_common)
    CL$$btod_e2d                             0x08004688   Section       84  btod.o(CL$$btod_e2d)
    CL$$btod_e2e                             0x080046dc   Section      198  btod.o(CL$$btod_e2e)
    CL$$btod_ediv                            0x080047a2   Section       40  btod.o(CL$$btod_ediv)
    CL$$btod_edivd                           0x080047ca   Section       40  btod.o(CL$$btod_edivd)
    CL$$btod_emul                            0x080047f2   Section       40  btod.o(CL$$btod_emul)
    CL$$btod_emuld                           0x0800481a   Section       40  btod.o(CL$$btod_emuld)
    CL$$btod_mult_common                     0x08004842   Section      580  btod.o(CL$$btod_mult_common)
    i.ADC_Cmd                                0x08004a86   Section        0  stm32f10x_adc.o(i.ADC_Cmd)
    i.ADC_DeInit                             0x08004a9c   Section        0  stm32f10x_adc.o(i.ADC_DeInit)
    i.ADC_GetCalibrationStatus               0x08004ad8   Section        0  stm32f10x_adc.o(i.ADC_GetCalibrationStatus)
    i.ADC_GetConversionValue                 0x08004ae6   Section        0  stm32f10x_adc.o(i.ADC_GetConversionValue)
    i.ADC_GetFlagStatus                      0x08004aec   Section        0  stm32f10x_adc.o(i.ADC_GetFlagStatus)
    i.ADC_GetResetCalibrationStatus          0x08004afa   Section        0  stm32f10x_adc.o(i.ADC_GetResetCalibrationStatus)
    i.ADC_Init                               0x08004b08   Section        0  stm32f10x_adc.o(i.ADC_Init)
    i.ADC_RegularChannelConfig               0x08004b50   Section        0  stm32f10x_adc.o(i.ADC_RegularChannelConfig)
    i.ADC_ResetCalibration                   0x08004bc4   Section        0  stm32f10x_adc.o(i.ADC_ResetCalibration)
    i.ADC_SoftwareStartConvCmd               0x08004bce   Section        0  stm32f10x_adc.o(i.ADC_SoftwareStartConvCmd)
    i.ADC_StartCalibration                   0x08004be2   Section        0  stm32f10x_adc.o(i.ADC_StartCalibration)
    i.GPIO_Init                              0x08004bec   Section        0  stm32f10x_gpio.o(i.GPIO_Init)
    i.I2C_AcknowledgeConfig                  0x08004c8c   Section        0  stm32f10x_i2c.o(i.I2C_AcknowledgeConfig)
    i.I2C_CheckEvent                         0x08004ca0   Section        0  stm32f10x_i2c.o(i.I2C_CheckEvent)
    i.I2C_Cmd                                0x08004cb8   Section        0  stm32f10x_i2c.o(i.I2C_Cmd)
    i.I2C_DeInit                             0x08004ccc   Section        0  stm32f10x_i2c.o(i.I2C_DeInit)
    i.I2C_GenerateSTART                      0x08004cfc   Section        0  stm32f10x_i2c.o(i.I2C_GenerateSTART)
    i.I2C_GenerateSTOP                       0x08004d10   Section        0  stm32f10x_i2c.o(i.I2C_GenerateSTOP)
    i.I2C_GetFlagStatus                      0x08004d24   Section        0  stm32f10x_i2c.o(i.I2C_GetFlagStatus)
    i.I2C_Init                               0x08004d3c   Section        0  stm32f10x_i2c.o(i.I2C_Init)
    i.I2C_ReceiveData                        0x08004df0   Section        0  stm32f10x_i2c.o(i.I2C_ReceiveData)
    i.I2C_Send7bitAddress                    0x08004df6   Section        0  stm32f10x_i2c.o(i.I2C_Send7bitAddress)
    i.I2C_SendData                           0x08004e06   Section        0  stm32f10x_i2c.o(i.I2C_SendData)
    i.NVIC_Init                              0x08004e0a   Section        0  stm32f10x_nvic.o(i.NVIC_Init)
    i.RCC_ADCCLKConfig                       0x08004e80   Section        0  stm32f10x_rcc.o(i.RCC_ADCCLKConfig)
    i.RCC_APB1PeriphClockCmd                 0x08004e94   Section        0  stm32f10x_rcc.o(i.RCC_APB1PeriphClockCmd)
    i.RCC_APB1PeriphResetCmd                 0x08004eac   Section        0  stm32f10x_rcc.o(i.RCC_APB1PeriphResetCmd)
    i.RCC_APB2PeriphClockCmd                 0x08004ec4   Section        0  stm32f10x_rcc.o(i.RCC_APB2PeriphClockCmd)
    i.RCC_APB2PeriphResetCmd                 0x08004edc   Section        0  stm32f10x_rcc.o(i.RCC_APB2PeriphResetCmd)
    i.RCC_GetClocksFreq                      0x08004ef4   Section        0  stm32f10x_rcc.o(i.RCC_GetClocksFreq)
    i.TI1_Config                             0x08004f88   Section        0  stm32f10x_tim.o(i.TI1_Config)
    TI1_Config                               0x08004f89   Thumb Code    40  stm32f10x_tim.o(i.TI1_Config)
    i.TI2_Config                             0x08004fb0   Section        0  stm32f10x_tim.o(i.TI2_Config)
    TI2_Config                               0x08004fb1   Thumb Code    44  stm32f10x_tim.o(i.TI2_Config)
    i.TIM_ARRPreloadConfig                   0x08004fdc   Section        0  stm32f10x_tim.o(i.TIM_ARRPreloadConfig)
    i.TIM_Cmd                                0x08004ff2   Section        0  stm32f10x_tim.o(i.TIM_Cmd)
    i.TIM_ITConfig                           0x08005008   Section        0  stm32f10x_tim.o(i.TIM_ITConfig)
    i.TIM_OC1Init                            0x08005018   Section        0  stm32f10x_tim.o(i.TIM_OC1Init)
    i.TIM_OC1PreloadConfig                   0x08005078   Section        0  stm32f10x_tim.o(i.TIM_OC1PreloadConfig)
    i.TIM_OC2Init                            0x08005084   Section        0  stm32f10x_tim.o(i.TIM_OC2Init)
    i.TIM_OC2PreloadConfig                   0x08005100   Section        0  stm32f10x_tim.o(i.TIM_OC2PreloadConfig)
    i.TIM_OC3Init                            0x08005110   Section        0  stm32f10x_tim.o(i.TIM_OC3Init)
    i.TIM_OC3PreloadConfig                   0x08005188   Section        0  stm32f10x_tim.o(i.TIM_OC3PreloadConfig)
    i.TIM_PWMIConfig                         0x08005194   Section        0  stm32f10x_tim.o(i.TIM_PWMIConfig)
    i.TIM_SelectInputTrigger                 0x08005200   Section        0  stm32f10x_tim.o(i.TIM_SelectInputTrigger)
    i.TIM_SelectMasterSlaveMode              0x0800520c   Section        0  stm32f10x_tim.o(i.TIM_SelectMasterSlaveMode)
    i.TIM_SelectSlaveMode                    0x0800521c   Section        0  stm32f10x_tim.o(i.TIM_SelectSlaveMode)
    i.TIM_SetIC1Prescaler                    0x0800522c   Section        0  stm32f10x_tim.o(i.TIM_SetIC1Prescaler)
    i.TIM_SetIC2Prescaler                    0x0800523c   Section        0  stm32f10x_tim.o(i.TIM_SetIC2Prescaler)
    i.TIM_TimeBaseInit                       0x08005250   Section        0  stm32f10x_tim.o(i.TIM_TimeBaseInit)
    i.__ARM_fpclassify                       0x0800528c   Section        0  fpclassify.o(i.__ARM_fpclassify)
    i.__mathlib_dbl_underflow                0x080052b4   Section        0  dunder.o(i.__mathlib_dbl_underflow)
    i.__mathlib_narrow                       0x080052c4   Section        0  narrow.o(i.__mathlib_narrow)
    i.__mathlib_tofloat                      0x080052d4   Section        0  narrow.o(i.__mathlib_tofloat)
    i.__support_ldexp                        0x0800535c   Section        0  ldexp.o(i.__support_ldexp)
    i._is_digit                              0x08005372   Section        0  __printf_wp.o(i._is_digit)
    i.frexp                                  0x08005380   Section        0  frexp.o(i.frexp)
    i.ldexp                                  0x080053d8   Section        0  ldexp.o(i.ldexp)
    locale$$code                             0x08005458   Section       44  lc_numeric_c.o(locale$$code)
    locale$$code                             0x08005484   Section       44  lc_ctype_c.o(locale$$code)
    x$fpl$d2f                                0x080054b0   Section       98  d2f.o(x$fpl$d2f)
    x$fpl$dcheck1                            0x08005514   Section       16  dcheck1.o(x$fpl$dcheck1)
    x$fpl$dcmpinf                            0x08005524   Section       24  dcmpi.o(x$fpl$dcmpinf)
    x$fpl$deqf                               0x0800553c   Section      120  deqf.o(x$fpl$deqf)
    x$fpl$dleqf                              0x080055b4   Section      120  dleqf.o(x$fpl$dleqf)
    x$fpl$dmul                               0x0800562c   Section      340  dmul.o(x$fpl$dmul)
    x$fpl$dnaninf                            0x08005780   Section      156  dnaninf.o(x$fpl$dnaninf)
    x$fpl$dretinf                            0x0800581c   Section       12  dretinf.o(x$fpl$dretinf)
    x$fpl$drleqf                             0x08005828   Section      108  drleqf.o(x$fpl$drleqf)
    x$fpl$f2d                                0x08005894   Section       86  f2d.o(x$fpl$f2d)
    x$fpl$fflt                               0x080058ec   Section       48  fflt_clz.o(x$fpl$fflt)
    x$fpl$fmul                               0x0800591c   Section      258  fmul.o(x$fpl$fmul)
    x$fpl$fnaninf                            0x08005a1e   Section      140  fnaninf.o(x$fpl$fnaninf)
    x$fpl$fpinit                             0x08005aaa   Section       14  fpinit.o(x$fpl$fpinit)
    x$fpl$fretinf                            0x08005ab8   Section       10  fretinf.o(x$fpl$fretinf)
    x$fpl$printf1                            0x08005ac2   Section        4  printf1.o(x$fpl$printf1)
    x$fpl$retnan                             0x08005ac6   Section      100  retnan.o(x$fpl$retnan)
    x$fpl$scalbn                             0x08005b2a   Section       92  scalbn.o(x$fpl$scalbn)
    x$fpl$scanf1                             0x08005b86   Section        4  scanf1.o(x$fpl$scanf1)
    x$fpl$scanf2                             0x08005b8a   Section        8  scanf2.o(x$fpl$scanf2)
    x$fpl$trapveneer                         0x08005b92   Section       48  trapv.o(x$fpl$trapveneer)
    .constdata                               0x08005bc2   Section     1011  main.o(.constdata)
    x$fpl$usenofp                            0x08005bc2   Section        0  usenofp.o(x$fpl$usenofp)
    SSD1306_SET_ADDR_0x0                     0x08005bc2   Data           6  main.o(.constdata)
    Font7x10                                 0x08005f7e   Data           7  main.o(.constdata)
    bmp_tile                                 0x08005f85   Data          48  main.o(.constdata)
    .constdata                               0x08005fb5   Section       22  ssd1306.o(.constdata)
    SSD1306_SET_ADDR_0x0                     0x08005fb5   Data           6  ssd1306.o(.constdata)
    LUT_FB                                   0x08005fbb   Data           8  ssd1306.o(.constdata)
    LUT_LB                                   0x08005fc3   Data           8  ssd1306.o(.constdata)
    .constdata                               0x08005fcb   Section       20  stm32f10x_rcc.o(.constdata)
    ADCPrescTable                            0x08005fcb   Data           4  stm32f10x_rcc.o(.constdata)
    APBAHBPrescTable                         0x08005fcf   Data          16  stm32f10x_rcc.o(.constdata)
    .constdata                               0x08005fe0   Section      148  bigflt0.o(.constdata)
    tenpwrs_x                                0x08005fe0   Data          60  bigflt0.o(.constdata)
    tenpwrs_i                                0x0800601c   Data          64  bigflt0.o(.constdata)
    c$$dinf                                  0x08006094   Section        8  fpconst.o(c$$dinf)
    locale$$data                             0x0800609c   Section       28  lc_numeric_c.o(locale$$data)
    __lcnum_c_name                           0x080060a0   Data           2  lc_numeric_c.o(locale$$data)
    __lcnum_c_start                          0x080060a8   Data           0  lc_numeric_c.o(locale$$data)
    __lcnum_c_point                          0x080060b4   Data           0  lc_numeric_c.o(locale$$data)
    __lcnum_c_thousands                      0x080060b6   Data           0  lc_numeric_c.o(locale$$data)
    __lcnum_c_grouping                       0x080060b7   Data           0  lc_numeric_c.o(locale$$data)
    locale$$data                             0x080060b8   Section      272  lc_ctype_c.o(locale$$data)
    __lcnum_c_end                            0x080060b8   Data           0  lc_numeric_c.o(locale$$data)
    __lcctype_c_name                         0x080060bc   Data           2  lc_ctype_c.o(locale$$data)
    __lcctype_c_start                        0x080060c4   Data           0  lc_ctype_c.o(locale$$data)
    __lcctype_c_end                          0x080061c8   Data           0  lc_ctype_c.o(locale$$data)
    .data                                    0x20000000   Section       28  main.o(.data)
    roundRobinLcd                            0x2000000c   Data           4  main.o(.data)
    lock                                     0x20000010   Data           1  main.o(.data)
    lockCount                                0x20000014   Data           4  main.o(.data)
    .data                                    0x2000001c   Section        5  systeminit.o(.data)
    roundRobin                               0x2000001c   Data           4  systeminit.o(.data)
    counter                                  0x20000020   Data           1  systeminit.o(.data)
    .data                                    0x20000022   Section        6  ssd1306.o(.data)
    scr_orientation                          0x20000027   Data           1  ssd1306.o(.data)
    .bss                                     0x20000028   Section       60  main.o(.bss)
    .bss                                     0x20000064   Section     1024  ssd1306.o(.bss)
    vRAM                                     0x20000064   Data        1024  ssd1306.o(.bss)
    .bss                                     0x20000464   Section       96  libspace.o(.bss)
    HEAP                                     0x200004c8   Section      512  stm32f10x.o(HEAP)
    Heap_Mem                                 0x200004c8   Data         512  stm32f10x.o(HEAP)
    STACK                                    0x200006c8   Section      512  stm32f10x.o(STACK)
    Stack_Mem                                0x200006c8   Data         512  stm32f10x.o(STACK)
    __initial_sp                             0x200008c8   Data           0  stm32f10x.o(STACK)

    Global Symbols

    Symbol Name                              Value     Ov Type        Size  Object(Section)

    BuildAttributes$$THM_ISAv4$P$D$K$B$S$PE$A:L22UL41UL21$X:L11$S22US41US21$IEEE1$IW$USESV6$~STKCKD$USESV7$~SHL$OTIME$ROPI$IEEEX$EBA8$UX$STANDARDLIB$REQ8$PRES8$EABIv2 0x00000000   Number         0  anon$$obj.o ABSOLUTE
    __ARM_use_no_argv                        0x00000000   Number         0  main.o ABSOLUTE
    _printf_flags                            0x00000000   Number         0  printf_stubs.o ABSOLUTE
    _printf_return_value                     0x00000000   Number         0  printf_stubs.o ABSOLUTE
    _printf_sizespec                         0x00000000   Number         0  printf_stubs.o ABSOLUTE
    _printf_widthprec                        0x00000000   Number         0  printf_stubs.o ABSOLUTE
    __ARM_exceptions_init                     - Undefined Weak Reference
    __alloca_initialize                       - Undefined Weak Reference
    __cpp_initialize__aeabi_                  - Undefined Weak Reference
    __cxa_finalize                            - Undefined Weak Reference
    __sigvec_lookup                           - Undefined Weak Reference
    _atexit_init                              - Undefined Weak Reference
    _call_atexit_fns                          - Undefined Weak Reference
    _clock_init                               - Undefined Weak Reference
    _fp_trap_init                             - Undefined Weak Reference
    _fp_trap_shutdown                         - Undefined Weak Reference
    _get_lc_collate                           - Undefined Weak Reference
    _get_lc_monetary                          - Undefined Weak Reference
    _get_lc_time                              - Undefined Weak Reference
    _getenv_init                              - Undefined Weak Reference
    _handle_redirection                       - Undefined Weak Reference
    _init_alloc                               - Undefined Weak Reference
    _init_user_alloc                          - Undefined Weak Reference
    _initio                                   - Undefined Weak Reference
    _printf_truncate_signed                   - Undefined Weak Reference
    _printf_truncate_unsigned                 - Undefined Weak Reference
    _rand_init                                - Undefined Weak Reference
    _scanf_int                                - Undefined Weak Reference
    _scanf_longlong                           - Undefined Weak Reference
    _scanf_mbtowc                             - Undefined Weak Reference
    _scanf_string                             - Undefined Weak Reference
    _scanf_wctomb                             - Undefined Weak Reference
    _scanf_wstring                            - Undefined Weak Reference
    _signal_finish                            - Undefined Weak Reference
    _signal_init                              - Undefined Weak Reference
    _terminate_alloc                          - Undefined Weak Reference
    _terminate_user_alloc                     - Undefined Weak Reference
    _terminateio                              - Undefined Weak Reference
    __Vectors                                0x08000000   Data           4  stm32f10x.o(RESET)
    __main                                   0x080000ed   Thumb Code     8  __main.o(!!!main)
    __scatterload                            0x080000f5   Thumb Code     0  __scatter.o(!!!scatter)
    __scatterload_rt2                        0x080000f5   Thumb Code    44  __scatter.o(!!!scatter)
    __scatterload_rt2_thumb_only             0x080000f5   Thumb Code     0  __scatter.o(!!!scatter)
    __scatterload_null                       0x08000103   Thumb Code     0  __scatter.o(!!!scatter)
    __scatterload_copy                       0x08000129   Thumb Code    26  __scatter_copy.o(!!handler_copy)
    __scatterload_zeroinit                   0x08000145   Thumb Code    28  __scatter_zi.o(!!handler_zi)
    _printf_f                                0x08000161   Thumb Code     0  _printf_f.o(.ARM.Collect$$_printf_percent$$00000003)
    _printf_percent                          0x08000161   Thumb Code     0  _printf_percent.o(.ARM.Collect$$_printf_percent$$00000000)
    _printf_d                                0x08000167   Thumb Code     0  _printf_d.o(.ARM.Collect$$_printf_percent$$00000009)
    _printf_percent_end                      0x0800016d   Thumb Code     0  _printf_percent_end.o(.ARM.Collect$$_printf_percent$$00000017)
    __rt_lib_init                            0x08000171   Thumb Code     0  libinit.o(.ARM.Collect$$libinit$$00000000)
    __rt_lib_init_heap_1                     0x08000177   Thumb Code     0  libinit2.o(.ARM.Collect$$libinit$$00000006)
    __rt_lib_init_lc_common                  0x08000177   Thumb Code     0  libinit2.o(.ARM.Collect$$libinit$$0000000B)
    __rt_lib_init_rand_1                     0x08000177   Thumb Code     0  libinit2.o(.ARM.Collect$$libinit$$0000000A)
    __rt_lib_init_user_alloc_1               0x08000177   Thumb Code     0  libinit2.o(.ARM.Collect$$libinit$$00000008)
    __rt_lib_init_lc_collate_1               0x0800017d   Thumb Code     0  libinit2.o(.ARM.Collect$$libinit$$0000000D)
    __rt_lib_init_lc_ctype_2                 0x0800017d   Thumb Code     0  libinit2.o(.ARM.Collect$$libinit$$0000000E)
    __rt_lib_init_lc_ctype_1                 0x08000189   Thumb Code     0  libinit2.o(.ARM.Collect$$libinit$$0000000F)
    __rt_lib_init_lc_monetary_1              0x08000189   Thumb Code     0  libinit2.o(.ARM.Collect$$libinit$$00000011)
    __rt_lib_init_lc_numeric_2               0x08000189   Thumb Code     0  libinit2.o(.ARM.Collect$$libinit$$00000012)
    __rt_lib_init_alloca_1                   0x08000193   Thumb Code     0  libinit2.o(.ARM.Collect$$libinit$$0000002A)
    __rt_lib_init_argv_1                     0x08000193   Thumb Code     0  libinit2.o(.ARM.Collect$$libinit$$00000028)
    __rt_lib_init_atexit_1                   0x08000193   Thumb Code     0  libinit2.o(.ARM.Collect$$libinit$$00000017)
    __rt_lib_init_clock_1                    0x08000193   Thumb Code     0  libinit2.o(.ARM.Collect$$libinit$$0000001D)
    __rt_lib_init_cpp_1                      0x08000193   Thumb Code     0  libinit2.o(.ARM.Collect$$libinit$$0000002E)
    __rt_lib_init_exceptions_1               0x08000193   Thumb Code     0  libinit2.o(.ARM.Collect$$libinit$$0000002C)
    __rt_lib_init_fp_trap_1                  0x08000193   Thumb Code     0  libinit2.o(.ARM.Collect$$libinit$$0000001B)
    __rt_lib_init_getenv_1                   0x08000193   Thumb Code     0  libinit2.o(.ARM.Collect$$libinit$$0000001F)
    __rt_lib_init_lc_numeric_1               0x08000193   Thumb Code     0  libinit2.o(.ARM.Collect$$libinit$$00000013)
    __rt_lib_init_lc_time_1                  0x08000193   Thumb Code     0  libinit2.o(.ARM.Collect$$libinit$$00000015)
    __rt_lib_init_return                     0x08000193   Thumb Code     0  libinit2.o(.ARM.Collect$$libinit$$0000002F)
    __rt_lib_init_signal_1                   0x08000193   Thumb Code     0  libinit2.o(.ARM.Collect$$libinit$$00000019)
    __rt_lib_init_stdio_1                    0x08000193   Thumb Code     0  libinit2.o(.ARM.Collect$$libinit$$00000021)
    __rt_lib_shutdown                        0x08000195   Thumb Code     0  libshutdown.o(.ARM.Collect$$libshutdown$$00000000)
    __rt_lib_shutdown_fp_trap_1              0x08000197   Thumb Code     0  libshutdown2.o(.ARM.Collect$$libshutdown$$00000006)
    __rt_lib_shutdown_heap_1                 0x08000197   Thumb Code     0  libshutdown2.o(.ARM.Collect$$libshutdown$$0000000E)
    __rt_lib_shutdown_return                 0x08000197   Thumb Code     0  libshutdown2.o(.ARM.Collect$$libshutdown$$0000000F)
    __rt_lib_shutdown_signal_1               0x08000197   Thumb Code     0  libshutdown2.o(.ARM.Collect$$libshutdown$$00000009)
    __rt_lib_shutdown_stdio_1                0x08000197   Thumb Code     0  libshutdown2.o(.ARM.Collect$$libshutdown$$00000003)
    __rt_lib_shutdown_user_alloc_1           0x08000197   Thumb Code     0  libshutdown2.o(.ARM.Collect$$libshutdown$$0000000B)
    __rt_entry                               0x08000199   Thumb Code     0  rtentry.o(.ARM.Collect$$rtentry$$00000000)
    __rt_entry_presh_1                       0x08000199   Thumb Code     0  rtentry2.o(.ARM.Collect$$rtentry$$00000002)
    __rt_entry_sh                            0x08000199   Thumb Code     0  rtentry4.o(.ARM.Collect$$rtentry$$00000004)
    __rt_entry_li                            0x0800019f   Thumb Code     0  rtentry2.o(.ARM.Collect$$rtentry$$0000000A)
    __rt_entry_postsh_1                      0x0800019f   Thumb Code     0  rtentry2.o(.ARM.Collect$$rtentry$$00000009)
    __rt_entry_main                          0x080001a3   Thumb Code     0  rtentry2.o(.ARM.Collect$$rtentry$$0000000D)
    __rt_entry_postli_1                      0x080001a3   Thumb Code     0  rtentry2.o(.ARM.Collect$$rtentry$$0000000C)
    __rt_exit                                0x080001ab   Thumb Code     0  rtexit.o(.ARM.Collect$$rtexit$$00000000)
    __rt_exit_ls                             0x080001ad   Thumb Code     0  rtexit2.o(.ARM.Collect$$rtexit$$00000003)
    __rt_exit_prels_1                        0x080001ad   Thumb Code     0  rtexit2.o(.ARM.Collect$$rtexit$$00000002)
    __rt_exit_exit                           0x080001b1   Thumb Code     0  rtexit2.o(.ARM.Collect$$rtexit$$00000004)
    stm32_Init                               0x0800030f   Thumb Code   132  stm32_init.o(.text)
    stm32_GetPCLK1                           0x08000393   Thumb Code     4  stm32_init.o(.text)
    stm32_GetPCLK2                           0x08000397   Thumb Code     4  stm32_init.o(.text)
    Reset_Handler                            0x080003e9   Thumb Code     4  stm32f10x.o(.text)
    NMI_Handler                              0x080003ed   Thumb Code     2  stm32f10x.o(.text)
    HardFault_Handler                        0x080003ef   Thumb Code     2  stm32f10x.o(.text)
    MemManage_Handler                        0x080003f1   Thumb Code     2  stm32f10x.o(.text)
    BusFault_Handler                         0x080003f3   Thumb Code     2  stm32f10x.o(.text)
    UsageFault_Handler                       0x080003f5   Thumb Code     2  stm32f10x.o(.text)
    SVC_Handler                              0x080003f7   Thumb Code     2  stm32f10x.o(.text)
    DebugMon_Handler                         0x080003f9   Thumb Code     2  stm32f10x.o(.text)
    PendSV_Handler                           0x080003fb   Thumb Code     2  stm32f10x.o(.text)
    SysTick_Handler                          0x080003fd   Thumb Code     2  stm32f10x.o(.text)
    ADC_IRQHandler                           0x080003ff   Thumb Code     0  stm32f10x.o(.text)
    CAN_RX1_IRQHandler                       0x080003ff   Thumb Code     0  stm32f10x.o(.text)
    CAN_SCE_IRQHandler                       0x080003ff   Thumb Code     0  stm32f10x.o(.text)
    DMAChannel1_IRQHandler                   0x080003ff   Thumb Code     0  stm32f10x.o(.text)
    DMAChannel2_IRQHandler                   0x080003ff   Thumb Code     0  stm32f10x.o(.text)
    DMAChannel3_IRQHandler                   0x080003ff   Thumb Code     0  stm32f10x.o(.text)
    DMAChannel4_IRQHandler                   0x080003ff   Thumb Code     0  stm32f10x.o(.text)
    DMAChannel5_IRQHandler                   0x080003ff   Thumb Code     0  stm32f10x.o(.text)
    DMAChannel6_IRQHandler                   0x080003ff   Thumb Code     0  stm32f10x.o(.text)
    DMAChannel7_IRQHandler                   0x080003ff   Thumb Code     0  stm32f10x.o(.text)
    EXTI0_IRQHandler                         0x080003ff   Thumb Code     0  stm32f10x.o(.text)
    EXTI15_10_IRQHandler                     0x080003ff   Thumb Code     0  stm32f10x.o(.text)
    EXTI1_IRQHandler                         0x080003ff   Thumb Code     0  stm32f10x.o(.text)
    EXTI2_IRQHandler                         0x080003ff   Thumb Code     0  stm32f10x.o(.text)
    EXTI3_IRQHandler                         0x080003ff   Thumb Code     0  stm32f10x.o(.text)
    EXTI4_IRQHandler                         0x080003ff   Thumb Code     0  stm32f10x.o(.text)
    EXTI9_5_IRQHandler                       0x080003ff   Thumb Code     0  stm32f10x.o(.text)
    FLASH_IRQHandler                         0x080003ff   Thumb Code     0  stm32f10x.o(.text)
    I2C1_ER_IRQHandler                       0x080003ff   Thumb Code     0  stm32f10x.o(.text)
    I2C1_EV_IRQHandler                       0x080003ff   Thumb Code     0  stm32f10x.o(.text)
    I2C2_ER_IRQHandler                       0x080003ff   Thumb Code     0  stm32f10x.o(.text)
    I2C2_EV_IRQHandler                       0x080003ff   Thumb Code     0  stm32f10x.o(.text)
    PVD_IRQHandler                           0x080003ff   Thumb Code     0  stm32f10x.o(.text)
    RCC_IRQHandler                           0x080003ff   Thumb Code     0  stm32f10x.o(.text)
    RTCAlarm_IRQHandler                      0x080003ff   Thumb Code     0  stm32f10x.o(.text)
    RTC_IRQHandler                           0x080003ff   Thumb Code     0  stm32f10x.o(.text)
    SPI1_IRQHandler                          0x080003ff   Thumb Code     0  stm32f10x.o(.text)
    SPI2_IRQHandler                          0x080003ff   Thumb Code     0  stm32f10x.o(.text)
    TAMPER_IRQHandler                        0x080003ff   Thumb Code     0  stm32f10x.o(.text)
    TIM1_BRK_IRQHandler                      0x080003ff   Thumb Code     0  stm32f10x.o(.text)
    TIM1_CC_IRQHandler                       0x080003ff   Thumb Code     0  stm32f10x.o(.text)
    TIM1_TRG_COM_IRQHandler                  0x080003ff   Thumb Code     0  stm32f10x.o(.text)
    TIM1_UP_IRQHandler                       0x080003ff   Thumb Code     0  stm32f10x.o(.text)
    TIM2_IRQHandler                          0x080003ff   Thumb Code     0  stm32f10x.o(.text)
    TIM3_IRQHandler                          0x080003ff   Thumb Code     0  stm32f10x.o(.text)
    TIM4_IRQHandler                          0x080003ff   Thumb Code     0  stm32f10x.o(.text)
    USART1_IRQHandler                        0x080003ff   Thumb Code     0  stm32f10x.o(.text)
    USART2_IRQHandler                        0x080003ff   Thumb Code     0  stm32f10x.o(.text)
    USBWakeUp_IRQHandler                     0x080003ff   Thumb Code     0  stm32f10x.o(.text)
    USB_HP_CAN_TX_IRQHandler                 0x080003ff   Thumb Code     0  stm32f10x.o(.text)
    USB_LP_CAN_RX0_IRQHandler                0x080003ff   Thumb Code     0  stm32f10x.o(.text)
    WWDG_IRQHandler                          0x080003ff   Thumb Code     0  stm32f10x.o(.text)
    __user_initial_stackheap                 0x08000401   Thumb Code     0  stm32f10x.o(.text)
    RadTemp                                  0x08000421   Thumb Code     2  main.o(.text)
    USART3_IRQHandler                        0x08000423   Thumb Code   104  main.o(.text)
    DisplayValues                            0x0800048b   Thumb Code   236  main.o(.text)
    OnStartButtonPresed                      0x08000577   Thumb Code     2  main.o(.text)
    OnStopButtonPresed                       0x08000579   Thumb Code     2  main.o(.text)
    OnUpButtonPresed                         0x0800057b   Thumb Code     2  main.o(.text)
    OnDownButtonPresed                       0x0800057d   Thumb Code     2  main.o(.text)
    OnPlusButtonPresed                       0x0800057f   Thumb Code     2  main.o(.text)
    OnMinusButtonPresed                      0x08000581   Thumb Code     2  main.o(.text)
    CheckKeyPad                              0x08000583   Thumb Code   148  main.o(.text)
    main                                     0x08000617   Thumb Code    72  main.o(.text)
    BuzerInit                                0x080006dd   Thumb Code    44  systeminit.o(.text)
    RGBInit                                  0x08000709   Thumb Code    44  systeminit.o(.text)
    SetRGB                                   0x08000735   Thumb Code    84  systeminit.o(.text)
    SetRGBColor                              0x08000789   Thumb Code   102  systeminit.o(.text)
    Tim4Init                                 0x080007ef   Thumb Code   146  systeminit.o(.text)
    Tim3Init                                 0x08000881   Thumb Code   146  systeminit.o(.text)
    Tim2Init                                 0x08000913   Thumb Code   140  systeminit.o(.text)
    Beep                                     0x0800099f   Thumb Code    56  systeminit.o(.text)
    GetUniqID                                0x080009f1   Thumb Code   118  serial.o(.text)
    Encrypt                                  0x08000a67   Thumb Code    40  serial.o(.text)
    jtag_Disable                             0x08000a8f   Thumb Code    36  serial.o(.text)
    ltoa                                     0x08000ab3   Thumb Code    78  serial.o(.text)
    sendchar                                 0x08000b01   Thumb Code    46  serial.o(.text)
    getkey                                   0x08000b2f   Thumb Code    22  serial.o(.text)
    sendchar2                                0x08000b45   Thumb Code    46  serial.o(.text)
    getkey2                                  0x08000b73   Thumb Code    22  serial.o(.text)
    getkey3                                  0x08000b89   Thumb Code    24  serial.o(.text)
    send_static_string                       0x08000ba1   Thumb Code    24  serial.o(.text)
    send_string                              0x08000bb9   Thumb Code    24  serial.o(.text)
    send_static_string2                      0x08000bd1   Thumb Code    24  serial.o(.text)
    sendbyte                                 0x08000be9   Thumb Code    18  serial.o(.text)
    send_bytes                               0x08000bfb   Thumb Code    32  serial.o(.text)
    send_string2                             0x08000c1b   Thumb Code    24  serial.o(.text)
    get_udir                                 0x08000c33   Thumb Code   240  serial.o(.text)
    clear_array                              0x08000d23   Thumb Code    26  serial.o(.text)
    delay_ms                                 0x08000d89   Thumb Code    38  delay.o(.text)
    delay_us                                 0x08000daf   Thumb Code    34  delay.o(.text)
    adc_init                                 0x08000dd1   Thumb Code   308  adc.o(.text)
    read_adc                                 0x08000f05   Thumb Code    32  adc.o(.text)
    readadc                                  0x08000f25   Thumb Code    58  adc.o(.text)
    TM_SPI_Send                              0x08000f65   Thumb Code    58  ssd1306.o(.text)
    TM_SPI_Send_Buff                         0x08000f9f   Thumb Code    28  ssd1306.o(.text)
    SSD1306_cmd                              0x08000fbb   Thumb Code    20  ssd1306.o(.text)
    SSD1306_cmd_double                       0x08000fcf   Thumb Code    28  ssd1306.o(.text)
    SSD1306_InitGPIO                         0x08000feb   Thumb Code   192  ssd1306.o(.text)
    SSD1306_Init                             0x080010ab   Thumb Code   146  ssd1306.o(.text)
    SSD1306_Contrast                         0x0800113d   Thumb Code    32  ssd1306.o(.text)
    SSD1306_SetAllPixelsOn                   0x0800115d   Thumb Code    36  ssd1306.o(.text)
    SSD1306_SetInvert                        0x08001181   Thumb Code    36  ssd1306.o(.text)
    SSD1306_SetDisplayState                  0x080011a5   Thumb Code    36  ssd1306.o(.text)
    SSD1306_SetXDir                          0x080011c9   Thumb Code    36  ssd1306.o(.text)
    SSD1306_SetYDir                          0x080011ed   Thumb Code    36  ssd1306.o(.text)
    SSD1306_Orientation                      0x08001211   Thumb Code   154  ssd1306.o(.text)
    SSD1306_Flush                            0x080012ab   Thumb Code    56  ssd1306.o(.text)
    SSD1306_Fill                             0x080012e3   Thumb Code    22  ssd1306.o(.text)
    SSD1306_ScrollHSetup                     0x080012f9   Thumb Code    78  ssd1306.o(.text)
    SSD1306_ScrollDSetup                     0x08001347   Thumb Code   116  ssd1306.o(.text)
    SSD1306_ScrollStart                      0x080013bb   Thumb Code    28  ssd1306.o(.text)
    SSD1306_ScrollStop                       0x080013d7   Thumb Code    28  ssd1306.o(.text)
    LCD_Pixel                                0x080013f3   Thumb Code   140  ssd1306.o(.text)
    LCD_HLine                                0x08001611   Thumb Code    80  ssd1306.o(.text)
    LCD_VLine                                0x08001661   Thumb Code    80  ssd1306.o(.text)
    LCD_FillRect                             0x080016b1   Thumb Code   146  ssd1306.o(.text)
    LCD_Line                                 0x08001743   Thumb Code   294  ssd1306.o(.text)
    LCD_Circle                               0x08001869   Thumb Code   410  ssd1306.o(.text)
    LCD_Ellipse                              0x08001a03   Thumb Code   390  ssd1306.o(.text)
    LCD_PutChar                              0x08001b89   Thumb Code   420  ssd1306.o(.text)
    LCD_PutStr                               0x08001d2d   Thumb Code    82  ssd1306.o(.text)
    LCD_PutStrLF                             0x08001d7f   Thumb Code   126  ssd1306.o(.text)
    LCD_Rect                                 0x08001dfd   Thumb Code    64  ssd1306.o(.text)
    LCD_PutInt                               0x08001e3d   Thumb Code   132  ssd1306.o(.text)
    LCD_PutIntU                              0x08001ec1   Thumb Code   104  ssd1306.o(.text)
    LCD_PutIntF                              0x08001f29   Thumb Code   244  ssd1306.o(.text)
    LCD_PutIntLZ                             0x0800201d   Thumb Code   168  ssd1306.o(.text)
    LCD_PutHex                               0x080020c5   Thumb Code   108  ssd1306.o(.text)
    LCD_DrawBitmap                           0x08002131   Thumb Code   122  ssd1306.o(.text)
    DS3231_ReadDateRAW                       0x080021b1   Thumb Code   340  ds3231.o(.text)
    DS3231_WriteDateRAW                      0x08002305   Thumb Code   216  ds3231.o(.text)
    DS3231_ReadDate                          0x080023dd   Thumb Code   178  ds3231.o(.text)
    DS3231_DateToTimeStr                     0x0800248f   Thumb Code   102  ds3231.o(.text)
    DS3231_DateToDateStr                     0x080024f5   Thumb Code   118  ds3231.o(.text)
    DS3231_ReadTemp                          0x0800256b   Thumb Code   306  ds3231.o(.text)
    i2c_init                                 0x0800269d   Thumb Code   110  ds3231.o(.text)
    DS3231Init                               0x0800270b   Thumb Code   336  ds3231.o(.text)
    I2C_Configuration                        0x0800285b   Thumb Code   132  ds3231.o(.text)
    I2C_EE_ByteWrite                         0x080028df   Thumb Code   142  ds3231.o(.text)
    I2C_EE_ByteRead                          0x0800296d   Thumb Code   216  ds3231.o(.text)
    I2C_EE_16bit_read                        0x08002a45   Thumb Code    42  ds3231.o(.text)
    I2C_EE_16bit_write                       0x08002a6f   Thumb Code    36  ds3231.o(.text)
    __2sprintf                               0x08002aa1   Thumb Code    34  noretval__2sprintf.o(.text)
    _printf_pre_padding                      0x08002ac9   Thumb Code    46  _printf_pad.o(.text)
    _printf_post_padding                     0x08002af7   Thumb Code    36  _printf_pad.o(.text)
    _printf_int_dec                          0x08002b1d   Thumb Code   102  _printf_dec.o(.text)
    __printf                                 0x08002b95   Thumb Code   270  __printf_wp.o(.text)
    __0sscanf                                0x08002ca5   Thumb Code    52  __0sscanf.o(.text)
    strcat                                   0x08002ce1   Thumb Code    24  strcat.o(.text)
    strcmp                                   0x08002cf9   Thumb Code   128  strcmpv7m.o(.text)
    __use_two_region_memory                  0x08002d79   Thumb Code     2  heapauxi.o(.text)
    __rt_heap_escrow$2region                 0x08002d7b   Thumb Code     2  heapauxi.o(.text)
    __rt_heap_expand$2region                 0x08002d7d   Thumb Code     2  heapauxi.o(.text)
    _printf_int_common                       0x08002d7f   Thumb Code   184  _printf_intcommon.o(.text)
    __lib_sel_fp_printf                      0x08002e37   Thumb Code     2  _printf_fp_dec.o(.text)
    _printf_fp_dec_real                      0x08002fe3   Thumb Code   626  _printf_fp_dec.o(.text)
    _printf_char_common                      0x0800325f   Thumb Code    32  _printf_char_common.o(.text)
    _sputc                                   0x08003285   Thumb Code    10  _sputc.o(.text)
    _scanf_really_real                       0x08003487   Thumb Code   676  scanf_fp.o(.text)
    __vfscanf_char                           0x08003745   Thumb Code    26  scanf_char.o(.text)
    _sgetc                                   0x08003769   Thumb Code    30  _sgetc.o(.text)
    _sbackspace                              0x08003787   Thumb Code    34  _sgetc.o(.text)
    __rt_locale                              0x080037a9   Thumb Code     8  rt_locale_intlibspace.o(.text)
    __aeabi_errno_addr                       0x080037b1   Thumb Code     8  rt_errno_addr_intlibspace.o(.text)
    __errno$intlibspace                      0x080037b1   Thumb Code     0  rt_errno_addr_intlibspace.o(.text)
    __rt_errno_addr$intlibspace              0x080037b1   Thumb Code     0  rt_errno_addr_intlibspace.o(.text)
    _ll_udiv10                               0x080037b9   Thumb Code   138  lludiv10.o(.text)
    isspace                                  0x08003843   Thumb Code    18  isspace.o(.text)
    _printf_fp_infnan                        0x08003855   Thumb Code   112  _printf_fp_infnan.o(.text)
    __vfscanf                                0x080038d5   Thumb Code   882  _scanf.o(.text)
    _btod_etento                             0x08003c4d   Thumb Code   222  bigflt0.o(.text)
    __user_libspace                          0x08003d31   Thumb Code     8  libspace.o(.text)
    __user_perproc_libspace                  0x08003d31   Thumb Code     0  libspace.o(.text)
    __user_perthread_libspace                0x08003d31   Thumb Code     0  libspace.o(.text)
    __user_setup_stackheap                   0x08003d39   Thumb Code    74  sys_stackheap_outer.o(.text)
    __rt_ctype_table                         0x08003d85   Thumb Code    16  rt_ctype_table.o(.text)
    __read_errno                             0x08003d95   Thumb Code    10  _rserrno.o(.text)
    __set_errno                              0x08003d9f   Thumb Code    12  _rserrno.o(.text)
    _scanf_really_hex_real                   0x08003dad   Thumb Code   782  scanf_hexfp.o(.text)
    _scanf_really_infnan                     0x080040c9   Thumb Code   298  scanf_infnan.o(.text)
    exit                                     0x08004205   Thumb Code    12  exit.o(.text)
    __aeabi_llsl                             0x08004211   Thumb Code     0  llshl.o(.text)
    _ll_shift_l                              0x08004211   Thumb Code    38  llshl.o(.text)
    _chval                                   0x08004237   Thumb Code    28  _chval.o(.text)
    __rt_fp_status_addr                      0x08004255   Thumb Code     8  rt_fp_status_addr_intlibspace.o(.text)
    _sys_exit                                0x0800425d   Thumb Code     8  sys_exit.o(.text)
    __I$use$semihosting                      0x08004269   Thumb Code     0  use_no_semi.o(.text)
    __use_no_semihosting_swi                 0x08004269   Thumb Code     2  use_no_semi.o(.text)
    __semihosting_library_function           0x0800426b   Thumb Code     0  indicate_semi.o(.text)
    _btod_d2e                                0x0800426b   Thumb Code    62  btod.o(CL$$btod_d2e)
    _d2e_denorm_low                          0x080042a9   Thumb Code    70  btod.o(CL$$btod_d2e_denorm_low)
    _d2e_norm_op1                            0x080042ef   Thumb Code    96  btod.o(CL$$btod_d2e_norm_op1)
    __btod_div_common                        0x0800434f   Thumb Code   696  btod.o(CL$$btod_div_common)
    _e2d                                     0x08004689   Thumb Code    80  btod.o(CL$$btod_e2d)
    _e2e                                     0x080046dd   Thumb Code   198  btod.o(CL$$btod_e2e)
    _btod_ediv                               0x080047a3   Thumb Code    40  btod.o(CL$$btod_ediv)
    _btod_edivd                              0x080047cb   Thumb Code    40  btod.o(CL$$btod_edivd)
    _btod_emul                               0x080047f3   Thumb Code    40  btod.o(CL$$btod_emul)
    _btod_emuld                              0x0800481b   Thumb Code    40  btod.o(CL$$btod_emuld)
    __btod_mult_common                       0x08004843   Thumb Code   580  btod.o(CL$$btod_mult_common)
    ADC_Cmd                                  0x08004a87   Thumb Code    20  stm32f10x_adc.o(i.ADC_Cmd)
    ADC_DeInit                               0x08004a9d   Thumb Code    56  stm32f10x_adc.o(i.ADC_DeInit)
    ADC_GetCalibrationStatus                 0x08004ad9   Thumb Code    14  stm32f10x_adc.o(i.ADC_GetCalibrationStatus)
    ADC_GetConversionValue                   0x08004ae7   Thumb Code     6  stm32f10x_adc.o(i.ADC_GetConversionValue)
    ADC_GetFlagStatus                        0x08004aed   Thumb Code    14  stm32f10x_adc.o(i.ADC_GetFlagStatus)
    ADC_GetResetCalibrationStatus            0x08004afb   Thumb Code    14  stm32f10x_adc.o(i.ADC_GetResetCalibrationStatus)
    ADC_Init                                 0x08004b09   Thumb Code    62  stm32f10x_adc.o(i.ADC_Init)
    ADC_RegularChannelConfig                 0x08004b51   Thumb Code   116  stm32f10x_adc.o(i.ADC_RegularChannelConfig)
    ADC_ResetCalibration                     0x08004bc5   Thumb Code    10  stm32f10x_adc.o(i.ADC_ResetCalibration)
    ADC_SoftwareStartConvCmd                 0x08004bcf   Thumb Code    20  stm32f10x_adc.o(i.ADC_SoftwareStartConvCmd)
    ADC_StartCalibration                     0x08004be3   Thumb Code    10  stm32f10x_adc.o(i.ADC_StartCalibration)
    GPIO_Init                                0x08004bed   Thumb Code   160  stm32f10x_gpio.o(i.GPIO_Init)
    I2C_AcknowledgeConfig                    0x08004c8d   Thumb Code    20  stm32f10x_i2c.o(i.I2C_AcknowledgeConfig)
    I2C_CheckEvent                           0x08004ca1   Thumb Code    24  stm32f10x_i2c.o(i.I2C_CheckEvent)
    I2C_Cmd                                  0x08004cb9   Thumb Code    20  stm32f10x_i2c.o(i.I2C_Cmd)
    I2C_DeInit                               0x08004ccd   Thumb Code    44  stm32f10x_i2c.o(i.I2C_DeInit)
    I2C_GenerateSTART                        0x08004cfd   Thumb Code    20  stm32f10x_i2c.o(i.I2C_GenerateSTART)
    I2C_GenerateSTOP                         0x08004d11   Thumb Code    20  stm32f10x_i2c.o(i.I2C_GenerateSTOP)
    I2C_GetFlagStatus                        0x08004d25   Thumb Code    24  stm32f10x_i2c.o(i.I2C_GetFlagStatus)
    I2C_Init                                 0x08004d3d   Thumb Code   172  stm32f10x_i2c.o(i.I2C_Init)
    I2C_ReceiveData                          0x08004df1   Thumb Code     6  stm32f10x_i2c.o(i.I2C_ReceiveData)
    I2C_Send7bitAddress                      0x08004df7   Thumb Code    16  stm32f10x_i2c.o(i.I2C_Send7bitAddress)
    I2C_SendData                             0x08004e07   Thumb Code     4  stm32f10x_i2c.o(i.I2C_SendData)
    NVIC_Init                                0x08004e0b   Thumb Code   116  stm32f10x_nvic.o(i.NVIC_Init)
    RCC_ADCCLKConfig                         0x08004e81   Thumb Code    14  stm32f10x_rcc.o(i.RCC_ADCCLKConfig)
    RCC_APB1PeriphClockCmd                   0x08004e95   Thumb Code    18  stm32f10x_rcc.o(i.RCC_APB1PeriphClockCmd)
    RCC_APB1PeriphResetCmd                   0x08004ead   Thumb Code    18  stm32f10x_rcc.o(i.RCC_APB1PeriphResetCmd)
    RCC_APB2PeriphClockCmd                   0x08004ec5   Thumb Code    18  stm32f10x_rcc.o(i.RCC_APB2PeriphClockCmd)
    RCC_APB2PeriphResetCmd                   0x08004edd   Thumb Code    18  stm32f10x_rcc.o(i.RCC_APB2PeriphResetCmd)
    RCC_GetClocksFreq                        0x08004ef5   Thumb Code   132  stm32f10x_rcc.o(i.RCC_GetClocksFreq)
    TIM_ARRPreloadConfig                     0x08004fdd   Thumb Code    22  stm32f10x_tim.o(i.TIM_ARRPreloadConfig)
    TIM_Cmd                                  0x08004ff3   Thumb Code    22  stm32f10x_tim.o(i.TIM_Cmd)
    TIM_ITConfig                             0x08005009   Thumb Code    16  stm32f10x_tim.o(i.TIM_ITConfig)
    TIM_OC1Init                              0x08005019   Thumb Code    88  stm32f10x_tim.o(i.TIM_OC1Init)
    TIM_OC1PreloadConfig                     0x08005079   Thumb Code    12  stm32f10x_tim.o(i.TIM_OC1PreloadConfig)
    TIM_OC2Init                              0x08005085   Thumb Code   116  stm32f10x_tim.o(i.TIM_OC2Init)
    TIM_OC2PreloadConfig                     0x08005101   Thumb Code    14  stm32f10x_tim.o(i.TIM_OC2PreloadConfig)
    TIM_OC3Init                              0x08005111   Thumb Code   112  stm32f10x_tim.o(i.TIM_OC3Init)
    TIM_OC3PreloadConfig                     0x08005189   Thumb Code    12  stm32f10x_tim.o(i.TIM_OC3PreloadConfig)
    TIM_PWMIConfig                           0x08005195   Thumb Code   108  stm32f10x_tim.o(i.TIM_PWMIConfig)
    TIM_SelectInputTrigger                   0x08005201   Thumb Code    12  stm32f10x_tim.o(i.TIM_SelectInputTrigger)
    TIM_SelectMasterSlaveMode                0x0800520d   Thumb Code    16  stm32f10x_tim.o(i.TIM_SelectMasterSlaveMode)
    TIM_SelectSlaveMode                      0x0800521d   Thumb Code    16  stm32f10x_tim.o(i.TIM_SelectSlaveMode)
    TIM_SetIC1Prescaler                      0x0800522d   Thumb Code    16  stm32f10x_tim.o(i.TIM_SetIC1Prescaler)
    TIM_SetIC2Prescaler                      0x0800523d   Thumb Code    18  stm32f10x_tim.o(i.TIM_SetIC2Prescaler)
    TIM_TimeBaseInit                         0x08005251   Thumb Code    52  stm32f10x_tim.o(i.TIM_TimeBaseInit)
    __ARM_fpclassify                         0x0800528d   Thumb Code    40  fpclassify.o(i.__ARM_fpclassify)
    __mathlib_dbl_underflow                  0x080052b5   Thumb Code    10  dunder.o(i.__mathlib_dbl_underflow)
    __mathlib_narrow                         0x080052c5   Thumb Code    16  narrow.o(i.__mathlib_narrow)
    __mathlib_tofloat                        0x080052d5   Thumb Code   132  narrow.o(i.__mathlib_tofloat)
    __support_ldexp                          0x0800535d   Thumb Code    22  ldexp.o(i.__support_ldexp)
    _is_digit                                0x08005373   Thumb Code    14  __printf_wp.o(i._is_digit)
    frexp                                    0x08005381   Thumb Code    80  frexp.o(i.frexp)
    ldexp                                    0x080053d9   Thumb Code   126  ldexp.o(i.ldexp)
    _get_lc_numeric                          0x08005459   Thumb Code    44  lc_numeric_c.o(locale$$code)
    _get_lc_ctype                            0x08005485   Thumb Code    44  lc_ctype_c.o(locale$$code)
    __aeabi_d2f                              0x080054b1   Thumb Code     0  d2f.o(x$fpl$d2f)
    _d2f                                     0x080054b1   Thumb Code    98  d2f.o(x$fpl$d2f)
    __fpl_dcheck_NaN1                        0x08005515   Thumb Code    10  dcheck1.o(x$fpl$dcheck1)
    __fpl_dcmp_Inf                           0x08005525   Thumb Code    24  dcmpi.o(x$fpl$dcmpinf)
    __aeabi_cdcmpeq                          0x0800553d   Thumb Code     0  deqf.o(x$fpl$deqf)
    _dcmpeq                                  0x0800553d   Thumb Code   120  deqf.o(x$fpl$deqf)
    __aeabi_cdcmple                          0x080055b5   Thumb Code     0  dleqf.o(x$fpl$dleqf)
    _dcmple                                  0x080055b5   Thumb Code   120  dleqf.o(x$fpl$dleqf)
    __fpl_dcmple_InfNaN                      0x08005617   Thumb Code     0  dleqf.o(x$fpl$dleqf)
    __aeabi_dmul                             0x0800562d   Thumb Code     0  dmul.o(x$fpl$dmul)
    _dmul                                    0x0800562d   Thumb Code   332  dmul.o(x$fpl$dmul)
    __fpl_dnaninf                            0x08005781   Thumb Code   156  dnaninf.o(x$fpl$dnaninf)
    __fpl_dretinf                            0x0800581d   Thumb Code    12  dretinf.o(x$fpl$dretinf)
    __aeabi_cdrcmple                         0x08005829   Thumb Code     0  drleqf.o(x$fpl$drleqf)
    _drcmple                                 0x08005829   Thumb Code   108  drleqf.o(x$fpl$drleqf)
    __aeabi_f2d                              0x08005895   Thumb Code     0  f2d.o(x$fpl$f2d)
    _f2d                                     0x08005895   Thumb Code    86  f2d.o(x$fpl$f2d)
    __aeabi_i2f                              0x080058ed   Thumb Code     0  fflt_clz.o(x$fpl$fflt)
    _fflt                                    0x080058ed   Thumb Code    48  fflt_clz.o(x$fpl$fflt)
    __aeabi_fmul                             0x0800591d   Thumb Code     0  fmul.o(x$fpl$fmul)
    _fmul                                    0x0800591d   Thumb Code   258  fmul.o(x$fpl$fmul)
    __fpl_fnaninf                            0x08005a1f   Thumb Code   140  fnaninf.o(x$fpl$fnaninf)
    _fp_init                                 0x08005aab   Thumb Code    14  fpinit.o(x$fpl$fpinit)
    __fplib_config_pureend_doubles           0x08005ab7   Thumb Code     0  fpinit.o(x$fpl$fpinit)
    __fpl_fretinf                            0x08005ab9   Thumb Code    10  fretinf.o(x$fpl$fretinf)
    _printf_fp_dec                           0x08005ac3   Thumb Code     4  printf1.o(x$fpl$printf1)
    __fpl_return_NaN                         0x08005ac7   Thumb Code   100  retnan.o(x$fpl$retnan)
    __ARM_scalbn                             0x08005b2b   Thumb Code    92  scalbn.o(x$fpl$scalbn)
    _scanf_real                              0x08005b87   Thumb Code     4  scanf1.o(x$fpl$scanf1)
    _scanf_hex_real                          0x08005b8b   Thumb Code     4  scanf2.o(x$fpl$scanf2)
    _scanf_infnan                            0x08005b8f   Thumb Code     4  scanf2.o(x$fpl$scanf2)
    __fpl_cmpreturn                          0x08005b93   Thumb Code    48  trapv.o(x$fpl$trapveneer)
    __I$use$fp                               0x08005bc3   Thumb Code     0  usenofp.o(x$fpl$usenofp)
    fdata                                    0x08005bc8   Data         950  main.o(.constdata)
    Region$$Table$$Base                      0x08006074   Number         0  anon$$obj.o(Region$$Table)
    Region$$Table$$Limit                     0x08006094   Number         0  anon$$obj.o(Region$$Table)
    __aeabi_HUGE_VAL                         0x08006094   Data           0  fpconst.o(c$$dinf)
    __aeabi_HUGE_VALL                        0x08006094   Data           0  fpconst.o(c$$dinf)
    __aeabi_INFINITY                         0x08006094   Data           0  fpconst.o(c$$dinf)
    __dInf                                   0x08006094   Data           0  fpconst.o(c$$dinf)
    __huge_val                               0x08006094   Data           0  fpconst.o(c$$dinf)
    __ctype                                  0x080060c5   Data           0  lc_ctype_c.o(locale$$data)
    UsartBuffIndex                           0x20000000   Data           4  main.o(.data)
    InputCurrent                             0x20000004   Data           4  main.o(.data)
    InputVoltage                             0x20000008   Data           4  main.o(.data)
    i                                        0x20000018   Data           4  main.o(.data)
    scr_width                                0x20000022   Data           2  ssd1306.o(.data)
    scr_height                               0x20000024   Data           2  ssd1306.o(.data)
    LCD_PixelMode                            0x20000026   Data           1  ssd1306.o(.data)
    UsartBuff                                0x20000028   Data          20  main.o(.bss)
    temp_main                                0x2000003c   Data          30  main.o(.bss)
    CurrentDate                              0x2000005a   Data          10  main.o(.bss)
    __libspace_start                         0x20000464   Data          96  libspace.o(.bss)
    __temporary_stack_top$libspace           0x200004c4   Data           0  libspace.o(.bss)



==============================================================================

Memory Map of the image

  Image Entry point : 0x080000ed

  Load Region LR_IROM1 (Base: 0x08000000, Size: 0x000061f0, Max: 0x00010000, ABSOLUTE)

    Execution Region ER_IROM1 (Base: 0x08000000, Size: 0x000061c8, Max: 0x00010000, ABSOLUTE)

    Base Addr    Size         Type   Attr      Idx    E Section Name        Object

    0x08000000   0x000000ec   Data   RO          104    RESET               stm32f10x.o
    0x080000ec   0x00000008   Code   RO         1992  * !!!main             c_w.l(__main.o)
    0x080000f4   0x00000034   Code   RO         2308    !!!scatter          c_w.l(__scatter.o)
    0x08000128   0x0000001a   Code   RO         2310    !!handler_copy      c_w.l(__scatter_copy.o)
    0x08000142   0x00000002   PAD
    0x08000144   0x0000001c   Code   RO         2312    !!handler_zi        c_w.l(__scatter_zi.o)
    0x08000160   0x00000000   Code   RO         1983    .ARM.Collect$$_printf_percent$$00000000  c_w.l(_printf_percent.o)
    0x08000160   0x00000006   Code   RO         1982    .ARM.Collect$$_printf_percent$$00000003  c_w.l(_printf_f.o)
    0x08000166   0x00000006   Code   RO         1981    .ARM.Collect$$_printf_percent$$00000009  c_w.l(_printf_d.o)
    0x0800016c   0x00000004   Code   RO         2021    .ARM.Collect$$_printf_percent$$00000017  c_w.l(_printf_percent_end.o)
    0x08000170   0x00000006   Code   RO         2141    .ARM.Collect$$libinit$$00000000  c_w.l(libinit.o)
    0x08000176   0x00000000   Code   RO         2144    .ARM.Collect$$libinit$$00000006  c_w.l(libinit2.o)
    0x08000176   0x00000000   Code   RO         2146    .ARM.Collect$$libinit$$00000008  c_w.l(libinit2.o)
    0x08000176   0x00000000   Code   RO         2148    .ARM.Collect$$libinit$$0000000A  c_w.l(libinit2.o)
    0x08000176   0x00000006   Code   RO         2149    .ARM.Collect$$libinit$$0000000B  c_w.l(libinit2.o)
    0x0800017c   0x00000000   Code   RO         2151    .ARM.Collect$$libinit$$0000000D  c_w.l(libinit2.o)
    0x0800017c   0x0000000c   Code   RO         2152    .ARM.Collect$$libinit$$0000000E  c_w.l(libinit2.o)
    0x08000188   0x00000000   Code   RO         2153    .ARM.Collect$$libinit$$0000000F  c_w.l(libinit2.o)
    0x08000188   0x00000000   Code   RO         2155    .ARM.Collect$$libinit$$00000011  c_w.l(libinit2.o)
    0x08000188   0x0000000a   Code   RO         2156    .ARM.Collect$$libinit$$00000012  c_w.l(libinit2.o)
    0x08000192   0x00000000   Code   RO         2157    .ARM.Collect$$libinit$$00000013  c_w.l(libinit2.o)
    0x08000192   0x00000000   Code   RO         2159    .ARM.Collect$$libinit$$00000015  c_w.l(libinit2.o)
    0x08000192   0x00000000   Code   RO         2161    .ARM.Collect$$libinit$$00000017  c_w.l(libinit2.o)
    0x08000192   0x00000000   Code   RO         2163    .ARM.Collect$$libinit$$00000019  c_w.l(libinit2.o)
    0x08000192   0x00000000   Code   RO         2165    .ARM.Collect$$libinit$$0000001B  c_w.l(libinit2.o)
    0x08000192   0x00000000   Code   RO         2167    .ARM.Collect$$libinit$$0000001D  c_w.l(libinit2.o)
    0x08000192   0x00000000   Code   RO         2169    .ARM.Collect$$libinit$$0000001F  c_w.l(libinit2.o)
    0x08000192   0x00000000   Code   RO         2171    .ARM.Collect$$libinit$$00000021  c_w.l(libinit2.o)
    0x08000192   0x00000000   Code   RO         2175    .ARM.Collect$$libinit$$00000028  c_w.l(libinit2.o)
    0x08000192   0x00000000   Code   RO         2177    .ARM.Collect$$libinit$$0000002A  c_w.l(libinit2.o)
    0x08000192   0x00000000   Code   RO         2179    .ARM.Collect$$libinit$$0000002C  c_w.l(libinit2.o)
    0x08000192   0x00000000   Code   RO         2181    .ARM.Collect$$libinit$$0000002E  c_w.l(libinit2.o)
    0x08000192   0x00000002   Code   RO         2182    .ARM.Collect$$libinit$$0000002F  c_w.l(libinit2.o)
    0x08000194   0x00000002   Code   RO         2253    .ARM.Collect$$libshutdown$$00000000  c_w.l(libshutdown.o)
    0x08000196   0x00000000   Code   RO         2267    .ARM.Collect$$libshutdown$$00000003  c_w.l(libshutdown2.o)
    0x08000196   0x00000000   Code   RO         2270    .ARM.Collect$$libshutdown$$00000006  c_w.l(libshutdown2.o)
    0x08000196   0x00000000   Code   RO         2273    .ARM.Collect$$libshutdown$$00000009  c_w.l(libshutdown2.o)
    0x08000196   0x00000000   Code   RO         2275    .ARM.Collect$$libshutdown$$0000000B  c_w.l(libshutdown2.o)
    0x08000196   0x00000000   Code   RO         2278    .ARM.Collect$$libshutdown$$0000000E  c_w.l(libshutdown2.o)
    0x08000196   0x00000002   Code   RO         2279    .ARM.Collect$$libshutdown$$0000000F  c_w.l(libshutdown2.o)
    0x08000198   0x00000000   Code   RO         2012    .ARM.Collect$$rtentry$$00000000  c_w.l(rtentry.o)
    0x08000198   0x00000000   Code   RO         2040    .ARM.Collect$$rtentry$$00000002  c_w.l(rtentry2.o)
    0x08000198   0x00000006   Code   RO         2052    .ARM.Collect$$rtentry$$00000004  c_w.l(rtentry4.o)
    0x0800019e   0x00000000   Code   RO         2042    .ARM.Collect$$rtentry$$00000009  c_w.l(rtentry2.o)
    0x0800019e   0x00000004   Code   RO         2043    .ARM.Collect$$rtentry$$0000000A  c_w.l(rtentry2.o)
    0x080001a2   0x00000000   Code   RO         2045    .ARM.Collect$$rtentry$$0000000C  c_w.l(rtentry2.o)
    0x080001a2   0x00000008   Code   RO         2046    .ARM.Collect$$rtentry$$0000000D  c_w.l(rtentry2.o)
    0x080001aa   0x00000002   Code   RO         2193    .ARM.Collect$$rtexit$$00000000  c_w.l(rtexit.o)
    0x080001ac   0x00000000   Code   RO         2221    .ARM.Collect$$rtexit$$00000002  c_w.l(rtexit2.o)
    0x080001ac   0x00000004   Code   RO         2222    .ARM.Collect$$rtexit$$00000003  c_w.l(rtexit2.o)
    0x080001b0   0x00000006   Code   RO         2223    .ARM.Collect$$rtexit$$00000004  c_w.l(rtexit2.o)
    0x080001b6   0x00000002   PAD
    0x080001b8   0x00000230   Code   RO            1    .text               stm32_init.o
    0x080003e8   0x00000038   Code   RO          105    .text               stm32f10x.o
    0x08000420   0x000002bc   Code   RO          110    .text               main.o
    0x080006dc   0x00000314   Code   RO          166    .text               systeminit.o
    0x080009f0   0x00000398   Code   RO          185    .text               serial.o
    0x08000d88   0x00000048   Code   RO          200    .text               delay.o
    0x08000dd0   0x00000194   Code   RO          227    .text               adc.o
    0x08000f64   0x0000124c   Code   RO          280    .text               ssd1306.o
    0x080021b0   0x000008f0   Code   RO          300    .text               ds3231.o
    0x08002aa0   0x00000028   Code   RO         1953    .text               c_w.l(noretval__2sprintf.o)
    0x08002ac8   0x00000052   Code   RO         1957    .text               c_w.l(_printf_pad.o)
    0x08002b1a   0x00000002   PAD
    0x08002b1c   0x00000078   Code   RO         1959    .text               c_w.l(_printf_dec.o)
    0x08002b94   0x0000010e   Code   RO         1969    .text               c_w.l(__printf_wp.o)
    0x08002ca2   0x00000002   PAD
    0x08002ca4   0x0000003c   Code   RO         1984    .text               c_w.l(__0sscanf.o)
    0x08002ce0   0x00000018   Code   RO         1986    .text               c_w.l(strcat.o)
    0x08002cf8   0x00000080   Code   RO         1988    .text               c_w.l(strcmpv7m.o)
    0x08002d78   0x00000006   Code   RO         1990    .text               c_w.l(heapauxi.o)
    0x08002d7e   0x000000b8   Code   RO         2013    .text               c_w.l(_printf_intcommon.o)
    0x08002e36   0x0000041e   Code   RO         2015    .text               c_w.l(_printf_fp_dec.o)
    0x08003254   0x00000030   Code   RO         2017    .text               c_w.l(_printf_char_common.o)
    0x08003284   0x0000000a   Code   RO         2019    .text               c_w.l(_sputc.o)
    0x0800328e   0x00000002   PAD
    0x08003290   0x000004a8   Code   RO         2022    .text               c_w.l(scanf_fp.o)
    0x08003738   0x00000030   Code   RO         2024    .text               c_w.l(scanf_char.o)
    0x08003768   0x00000040   Code   RO         2026    .text               c_w.l(_sgetc.o)
    0x080037a8   0x00000008   Code   RO         2057    .text               c_w.l(rt_locale_intlibspace.o)
    0x080037b0   0x00000008   Code   RO         2062    .text               c_w.l(rt_errno_addr_intlibspace.o)
    0x080037b8   0x0000008a   Code   RO         2064    .text               c_w.l(lludiv10.o)
    0x08003842   0x00000012   Code   RO         2066    .text               c_w.l(isspace.o)
    0x08003854   0x00000080   Code   RO         2068    .text               c_w.l(_printf_fp_infnan.o)
    0x080038d4   0x00000378   Code   RO         2072    .text               c_w.l(_scanf.o)
    0x08003c4c   0x000000e4   Code   RO         2074    .text               c_w.l(bigflt0.o)
    0x08003d30   0x00000008   Code   RO         2121    .text               c_w.l(libspace.o)
    0x08003d38   0x0000004a   Code   RO         2124    .text               c_w.l(sys_stackheap_outer.o)
    0x08003d82   0x00000002   PAD
    0x08003d84   0x00000010   Code   RO         2126    .text               c_w.l(rt_ctype_table.o)
    0x08003d94   0x00000016   Code   RO         2128    .text               c_w.l(_rserrno.o)
    0x08003daa   0x00000002   PAD
    0x08003dac   0x0000031c   Code   RO         2130    .text               c_w.l(scanf_hexfp.o)
    0x080040c8   0x0000013c   Code   RO         2132    .text               c_w.l(scanf_infnan.o)
    0x08004204   0x0000000c   Code   RO         2134    .text               c_w.l(exit.o)
    0x08004210   0x00000026   Code   RO         2195    .text               c_w.l(llshl.o)
    0x08004236   0x0000001c   Code   RO         2197    .text               c_w.l(_chval.o)
    0x08004252   0x00000002   PAD
    0x08004254   0x00000008   Code   RO         2230    .text               c_w.l(rt_fp_status_addr_intlibspace.o)
    0x0800425c   0x0000000c   Code   RO         2243    .text               c_w.l(sys_exit.o)
    0x08004268   0x00000002   Code   RO         2256    .text               c_w.l(use_no_semi.o)
    0x0800426a   0x00000000   Code   RO         2258    .text               c_w.l(indicate_semi.o)
    0x0800426a   0x0000003e   Code   RO         2077    CL$$btod_d2e        c_w.l(btod.o)
    0x080042a8   0x00000046   Code   RO         2079    CL$$btod_d2e_denorm_low  c_w.l(btod.o)
    0x080042ee   0x00000060   Code   RO         2078    CL$$btod_d2e_norm_op1  c_w.l(btod.o)
    0x0800434e   0x00000338   Code   RO         2087    CL$$btod_div_common  c_w.l(btod.o)
    0x08004686   0x00000002   PAD
    0x08004688   0x00000054   Code   RO         2085    CL$$btod_e2d        c_w.l(btod.o)
    0x080046dc   0x000000c6   Code   RO         2084    CL$$btod_e2e        c_w.l(btod.o)
    0x080047a2   0x00000028   Code   RO         2081    CL$$btod_ediv       c_w.l(btod.o)
    0x080047ca   0x00000028   Code   RO         2083    CL$$btod_edivd      c_w.l(btod.o)
    0x080047f2   0x00000028   Code   RO         2080    CL$$btod_emul       c_w.l(btod.o)
    0x0800481a   0x00000028   Code   RO         2082    CL$$btod_emuld      c_w.l(btod.o)
    0x08004842   0x00000244   Code   RO         2086    CL$$btod_mult_common  c_w.l(btod.o)
    0x08004a86   0x00000014   Code   RO          318    i.ADC_Cmd           STM32F10xR.LIB(stm32f10x_adc.o)
    0x08004a9a   0x00000002   PAD
    0x08004a9c   0x0000003c   Code   RO          315    i.ADC_DeInit        STM32F10xR.LIB(stm32f10x_adc.o)
    0x08004ad8   0x0000000e   Code   RO          324    i.ADC_GetCalibrationStatus  STM32F10xR.LIB(stm32f10x_adc.o)
    0x08004ae6   0x00000006   Code   RO          331    i.ADC_GetConversionValue  STM32F10xR.LIB(stm32f10x_adc.o)
    0x08004aec   0x0000000e   Code   RO          347    i.ADC_GetFlagStatus  STM32F10xR.LIB(stm32f10x_adc.o)
    0x08004afa   0x0000000e   Code   RO          322    i.ADC_GetResetCalibrationStatus  STM32F10xR.LIB(stm32f10x_adc.o)
    0x08004b08   0x00000048   Code   RO          316    i.ADC_Init          STM32F10xR.LIB(stm32f10x_adc.o)
    0x08004b50   0x00000074   Code   RO          329    i.ADC_RegularChannelConfig  STM32F10xR.LIB(stm32f10x_adc.o)
    0x08004bc4   0x0000000a   Code   RO          321    i.ADC_ResetCalibration  STM32F10xR.LIB(stm32f10x_adc.o)
    0x08004bce   0x00000014   Code   RO          325    i.ADC_SoftwareStartConvCmd  STM32F10xR.LIB(stm32f10x_adc.o)
    0x08004be2   0x0000000a   Code   RO          323    i.ADC_StartCalibration  STM32F10xR.LIB(stm32f10x_adc.o)
    0x08004bec   0x000000a0   Code   RO          707    i.GPIO_Init         STM32F10xR.LIB(stm32f10x_gpio.o)
    0x08004c8c   0x00000014   Code   RO          824    i.I2C_AcknowledgeConfig  STM32F10xR.LIB(stm32f10x_i2c.o)
    0x08004ca0   0x00000018   Code   RO          843    i.I2C_CheckEvent    STM32F10xR.LIB(stm32f10x_i2c.o)
    0x08004cb8   0x00000014   Code   RO          819    i.I2C_Cmd           STM32F10xR.LIB(stm32f10x_i2c.o)
    0x08004ccc   0x00000030   Code   RO          816    i.I2C_DeInit        STM32F10xR.LIB(stm32f10x_i2c.o)
    0x08004cfc   0x00000014   Code   RO          822    i.I2C_GenerateSTART  STM32F10xR.LIB(stm32f10x_i2c.o)
    0x08004d10   0x00000014   Code   RO          823    i.I2C_GenerateSTOP  STM32F10xR.LIB(stm32f10x_i2c.o)
    0x08004d24   0x00000018   Code   RO          844    i.I2C_GetFlagStatus  STM32F10xR.LIB(stm32f10x_i2c.o)
    0x08004d3c   0x000000b4   Code   RO          817    i.I2C_Init          STM32F10xR.LIB(stm32f10x_i2c.o)
    0x08004df0   0x00000006   Code   RO          830    i.I2C_ReceiveData   STM32F10xR.LIB(stm32f10x_i2c.o)
    0x08004df6   0x00000010   Code   RO          831    i.I2C_Send7bitAddress  STM32F10xR.LIB(stm32f10x_i2c.o)
    0x08004e06   0x00000004   Code   RO          829    i.I2C_SendData      STM32F10xR.LIB(stm32f10x_i2c.o)
    0x08004e0a   0x00000074   Code   RO         1020    i.NVIC_Init         STM32F10xR.LIB(stm32f10x_nvic.o)
    0x08004e7e   0x00000002   PAD
    0x08004e80   0x00000014   Code   RO         1221    i.RCC_ADCCLKConfig  STM32F10xR.LIB(stm32f10x_rcc.o)
    0x08004e94   0x00000018   Code   RO         1229    i.RCC_APB1PeriphClockCmd  STM32F10xR.LIB(stm32f10x_rcc.o)
    0x08004eac   0x00000018   Code   RO         1231    i.RCC_APB1PeriphResetCmd  STM32F10xR.LIB(stm32f10x_rcc.o)
    0x08004ec4   0x00000018   Code   RO         1228    i.RCC_APB2PeriphClockCmd  STM32F10xR.LIB(stm32f10x_rcc.o)
    0x08004edc   0x00000018   Code   RO         1230    i.RCC_APB2PeriphResetCmd  STM32F10xR.LIB(stm32f10x_rcc.o)
    0x08004ef4   0x00000094   Code   RO         1226    i.RCC_GetClocksFreq  STM32F10xR.LIB(stm32f10x_rcc.o)
    0x08004f88   0x00000028   Code   RO         1495    i.TI1_Config        STM32F10xR.LIB(stm32f10x_tim.o)
    0x08004fb0   0x0000002c   Code   RO         1416    i.TI2_Config        STM32F10xR.LIB(stm32f10x_tim.o)
    0x08004fdc   0x00000016   Code   RO         1445    i.TIM_ARRPreloadConfig  STM32F10xR.LIB(stm32f10x_tim.o)
    0x08004ff2   0x00000016   Code   RO         1425    i.TIM_Cmd           STM32F10xR.LIB(stm32f10x_tim.o)
    0x08005008   0x00000010   Code   RO         1427    i.TIM_ITConfig      STM32F10xR.LIB(stm32f10x_tim.o)
    0x08005018   0x00000060   Code   RO         1409    i.TIM_OC1Init       STM32F10xR.LIB(stm32f10x_tim.o)
    0x08005078   0x0000000c   Code   RO         1449    i.TIM_OC1PreloadConfig  STM32F10xR.LIB(stm32f10x_tim.o)
    0x08005084   0x0000007c   Code   RO         1410    i.TIM_OC2Init       STM32F10xR.LIB(stm32f10x_tim.o)
    0x08005100   0x0000000e   Code   RO         1450    i.TIM_OC2PreloadConfig  STM32F10xR.LIB(stm32f10x_tim.o)
    0x0800510e   0x00000002   PAD
    0x08005110   0x00000078   Code   RO         1411    i.TIM_OC3Init       STM32F10xR.LIB(stm32f10x_tim.o)
    0x08005188   0x0000000c   Code   RO         1451    i.TIM_OC3PreloadConfig  STM32F10xR.LIB(stm32f10x_tim.o)
    0x08005194   0x0000006c   Code   RO         1419    i.TIM_PWMIConfig    STM32F10xR.LIB(stm32f10x_tim.o)
    0x08005200   0x0000000c   Code   RO         1432    i.TIM_SelectInputTrigger  STM32F10xR.LIB(stm32f10x_tim.o)
    0x0800520c   0x00000010   Code   RO         1477    i.TIM_SelectMasterSlaveMode  STM32F10xR.LIB(stm32f10x_tim.o)
    0x0800521c   0x00000010   Code   RO         1476    i.TIM_SelectSlaveMode  STM32F10xR.LIB(stm32f10x_tim.o)
    0x0800522c   0x00000010   Code   RO         1417    i.TIM_SetIC1Prescaler  STM32F10xR.LIB(stm32f10x_tim.o)
    0x0800523c   0x00000012   Code   RO         1415    i.TIM_SetIC2Prescaler  STM32F10xR.LIB(stm32f10x_tim.o)
    0x0800524e   0x00000002   PAD
    0x08005250   0x0000003c   Code   RO         1408    i.TIM_TimeBaseInit  STM32F10xR.LIB(stm32f10x_tim.o)
    0x0800528c   0x00000028   Code   RO         2113    i.__ARM_fpclassify  m_ws.l(fpclassify.o)
    0x080052b4   0x00000010   Code   RO         2238    i.__mathlib_dbl_underflow  m_ws.l(dunder.o)
    0x080052c4   0x00000010   Code   RO         2115    i.__mathlib_narrow  m_ws.l(narrow.o)
    0x080052d4   0x00000088   Code   RO         2116    i.__mathlib_tofloat  m_ws.l(narrow.o)
    0x0800535c   0x00000016   Code   RO         2209    i.__support_ldexp   m_ws.l(ldexp.o)
    0x08005372   0x0000000e   Code   RO         1971    i._is_digit         c_w.l(__printf_wp.o)
    0x08005380   0x00000058   Code   RO         2190    i.frexp             m_ws.l(frexp.o)
    0x080053d8   0x0000007e   Code   RO         2210    i.ldexp             m_ws.l(ldexp.o)
    0x08005456   0x00000002   PAD
    0x08005458   0x0000002c   Code   RO         2100    locale$$code        c_w.l(lc_numeric_c.o)
    0x08005484   0x0000002c   Code   RO         2200    locale$$code        c_w.l(lc_ctype_c.o)
    0x080054b0   0x00000062   Code   RO         2183    x$fpl$d2f           fz_ws.l(d2f.o)
    0x08005512   0x00000002   PAD
    0x08005514   0x00000010   Code   RO         2236    x$fpl$dcheck1       fz_ws.l(dcheck1.o)
    0x08005524   0x00000018   Code   RO         2028    x$fpl$dcmpinf       fz_ws.l(dcmpi.o)
    0x0800553c   0x00000078   Code   RO         2185    x$fpl$deqf          fz_ws.l(deqf.o)
    0x080055b4   0x00000078   Code   RO         1994    x$fpl$dleqf         fz_ws.l(dleqf.o)
    0x0800562c   0x00000154   Code   RO         1996    x$fpl$dmul          fz_ws.l(dmul.o)
    0x08005780   0x0000009c   Code   RO         2030    x$fpl$dnaninf       fz_ws.l(dnaninf.o)
    0x0800581c   0x0000000c   Code   RO         2032    x$fpl$dretinf       fz_ws.l(dretinf.o)
    0x08005828   0x0000006c   Code   RO         2187    x$fpl$drleqf        fz_ws.l(drleqf.o)
    0x08005894   0x00000056   Code   RO         1998    x$fpl$f2d           fz_ws.l(f2d.o)
    0x080058ea   0x00000002   PAD
    0x080058ec   0x00000030   Code   RO         2001    x$fpl$fflt          fz_ws.l(fflt_clz.o)
    0x0800591c   0x00000102   Code   RO         2006    x$fpl$fmul          fz_ws.l(fmul.o)
    0x08005a1e   0x0000008c   Code   RO         2034    x$fpl$fnaninf       fz_ws.l(fnaninf.o)
    0x08005aaa   0x0000000e   Code   RO         2204    x$fpl$fpinit        fz_ws.l(fpinit.o)
    0x08005ab8   0x0000000a   Code   RO         2036    x$fpl$fretinf       fz_ws.l(fretinf.o)
    0x08005ac2   0x00000004   Code   RO         2008    x$fpl$printf1       fz_ws.l(printf1.o)
    0x08005ac6   0x00000064   Code   RO         2254    x$fpl$retnan        fz_ws.l(retnan.o)
    0x08005b2a   0x0000005c   Code   RO         2206    x$fpl$scalbn        fz_ws.l(scalbn.o)
    0x08005b86   0x00000004   Code   RO         2010    x$fpl$scanf1        fz_ws.l(scanf1.o)
    0x08005b8a   0x00000008   Code   RO         2107    x$fpl$scanf2        fz_ws.l(scanf2.o)
    0x08005b92   0x00000030   Code   RO         2280    x$fpl$trapveneer    fz_ws.l(trapv.o)
    0x08005bc2   0x00000000   Code   RO         2038    x$fpl$usenofp       fz_ws.l(usenofp.o)
    0x08005bc2   0x000003f3   Data   RO          112    .constdata          main.o
    0x08005fb5   0x00000016   Data   RO          282    .constdata          ssd1306.o
    0x08005fcb   0x00000014   Data   RO         1239    .constdata          STM32F10xR.LIB(stm32f10x_rcc.o)
    0x08005fdf   0x00000001   PAD
    0x08005fe0   0x00000094   Data   RO         2075    .constdata          c_w.l(bigflt0.o)
    0x08006074   0x00000020   Data   RO         2306    Region$$Table       anon$$obj.o
    0x08006094   0x00000008   Data   RO         2102    c$$dinf             fz_ws.l(fpconst.o)
    0x0800609c   0x0000001c   Data   RO         2099    locale$$data        c_w.l(lc_numeric_c.o)
    0x080060b8   0x00000110   Data   RO         2199    locale$$data        c_w.l(lc_ctype_c.o)


    Execution Region RW_IRAM1 (Base: 0x20000000, Size: 0x000008c8, Max: 0x00005000, ABSOLUTE)

    Base Addr    Size         Type   Attr      Idx    E Section Name        Object

    0x20000000   0x0000001c   Data   RW          113    .data               main.o
    0x2000001c   0x00000005   Data   RW          167    .data               systeminit.o
    0x20000021   0x00000001   PAD
    0x20000022   0x00000006   Data   RW          283    .data               ssd1306.o
    0x20000028   0x0000003c   Zero   RW          111    .bss                main.o
    0x20000064   0x00000400   Zero   RW          281    .bss                ssd1306.o
    0x20000464   0x00000060   Zero   RW         2122    .bss                c_w.l(libspace.o)
    0x200004c4   0x00000004   PAD
    0x200004c8   0x00000200   Zero   RW          103    HEAP                stm32f10x.o
    0x200006c8   0x00000200   Zero   RW          102    STACK               stm32f10x.o


==============================================================================

Image component sizes


      Code (inc. data)   RO Data    RW Data    ZI Data      Debug   Object Name

       404          6          0          0          0       1072   adc.o
        72          0          0          0          0        696   delay.o
      2288         50          0          0          0       6283   ds3231.o
       700        126       1011         28         60       7977   main.o
       920         76          0          0          0       4037   serial.o
      4684         94         22          6       1024      18657   ssd1306.o
       560         78          0          0          0      61323   stm32_init.o
        56         22        236          0       1024        752   stm32f10x.o
       788         26          0          5          0       2271   systeminit.o

    ----------------------------------------------------------------------
     10472        478       1301         40       2108     103068   Object Totals
         0          0         32          0          0          0   (incl. Generated)
         0          0          0          1          0          0   (incl. Padding)

    ----------------------------------------------------------------------

      Code (inc. data)   RO Data    RW Data    ZI Data      Debug   Library Member Name

       356         14          0          0          0      39870   stm32f10x_adc.o
       160          0          0          0          0       7948   stm32f10x_gpio.o
       382         12          0          0          0      14941   stm32f10x_i2c.o
       116          0          0          0          0       8676   stm32f10x_nvic.o
       264         46         20          0          0       5555   stm32f10x_rcc.o
       768         32          0          0          0      35504   stm32f10x_tim.o
        60          8          0          0          0         84   __0sscanf.o
         8          0          0          0          0         68   __main.o
       284          0          0          0          0        156   __printf_wp.o
        52          8          0          0          0          0   __scatter.o
        26          0          0          0          0          0   __scatter_copy.o
        28          0          0          0          0          0   __scatter_zi.o
        28          0          0          0          0         68   _chval.o
        48          6          0          0          0         96   _printf_char_common.o
         6          0          0          0          0          0   _printf_d.o
       120         18          0          0          0         92   _printf_dec.o
         6          0          0          0          0          0   _printf_f.o
      1054          0          0          0          0        216   _printf_fp_dec.o
       128         16          0          0          0         84   _printf_fp_infnan.o
       184          0          0          0          0         88   _printf_intcommon.o
        82          0          0          0          0        108   _printf_pad.o
         0          0          0          0          0          0   _printf_percent.o
         4          0          0          0          0          0   _printf_percent_end.o
        22          0          0          0          0        100   _rserrno.o
       888          6          0          0          0        100   _scanf.o
        64          0          0          0          0         84   _sgetc.o
        10          0          0          0          0         68   _sputc.o
       228          6        148          0          0         96   bigflt0.o
      2074        132          0          0          0        940   btod.o
        12          0          0          0          0         72   exit.o
         6          0          0          0          0        152   heapauxi.o
         0          0          0          0          0          0   indicate_semi.o
        18          0          0          0          0         76   isspace.o
        44         10        272          0          0         76   lc_ctype_c.o
        44         10         28          0          0         76   lc_numeric_c.o
         6          0          0          0          0          0   libinit.o
        30          0          0          0          0          0   libinit2.o
         2          0          0          0          0          0   libshutdown.o
         2          0          0          0          0          0   libshutdown2.o
         8          4          0          0         96         68   libspace.o
        38          0          0          0          0         68   llshl.o
       138          0          0          0          0         80   lludiv10.o
        40          6          0          0          0         84   noretval__2sprintf.o
        16          4          0          0          0         76   rt_ctype_table.o
         8          4          0          0          0         68   rt_errno_addr_intlibspace.o
         8          4          0          0          0         68   rt_fp_status_addr_intlibspace.o
         8          4          0          0          0         68   rt_locale_intlibspace.o
         0          0          0          0          0          0   rtentry.o
        12          0          0          0          0          0   rtentry2.o
         6          0          0          0          0          0   rtentry4.o
         2          0          0          0          0          0   rtexit.o
        10          0          0          0          0          0   rtexit2.o
        48         10          0          0          0         84   scanf_char.o
      1192         14          0          0          0        148   scanf_fp.o
       796         14          0          0          0        100   scanf_hexfp.o
       316         18          0          0          0        100   scanf_infnan.o
        24          0          0          0          0         68   strcat.o
       128          0          0          0          0         68   strcmpv7m.o
        12          4          0          0          0         68   sys_exit.o
        74          0          0          0          0         80   sys_stackheap_outer.o
         2          0          0          0          0         68   use_no_semi.o
        98          4          0          0          0         92   d2f.o
        16          4          0          0          0         68   dcheck1.o
        24          0          0          0          0         68   dcmpi.o
       120          4          0          0          0         92   deqf.o
       120          4          0          0          0         92   dleqf.o
       340         12          0          0          0        104   dmul.o
       156          4          0          0          0         92   dnaninf.o
        12          0          0          0          0         68   dretinf.o
       108          0          0          0          0         80   drleqf.o
        86          4          0          0          0         84   f2d.o
        48          0          0          0          0         68   fflt_clz.o
       258          4          0          0          0         84   fmul.o
       140          4          0          0          0         84   fnaninf.o
         0          0          8          0          0          0   fpconst.o
        14          0          0          0          0         76   fpinit.o
        10          0          0          0          0         68   fretinf.o
         4          0          0          0          0         68   printf1.o
       100          0          0          0          0         68   retnan.o
        92          0          0          0          0         68   scalbn.o
         4          0          0          0          0         68   scanf1.o
         8          0          0          0          0         84   scanf2.o
        48          0          0          0          0         68   trapv.o
         0          0          0          0          0          0   usenofp.o
        16          6          0          0          0         68   dunder.o
        40          0          0          0          0         68   fpclassify.o
        88          8          0          0          0         76   frexp.o
       148          0          0          0          0        160   ldexp.o
       152          4          0          0          0        160   narrow.o

    ----------------------------------------------------------------------
     12782        474        477          0        100     118934   Library Totals
        32          2          1          0          4          0   (incl. Padding)

    ----------------------------------------------------------------------

      Code (inc. data)   RO Data    RW Data    ZI Data      Debug   Library Name

      2046        104         20          0          0     112494   STM32F10xR.LIB
      8454        306        448          0         96       4264   c_w.l
      1806         44          8          0          0       1644   fz_ws.l
       444         18          0          0          0        532   m_ws.l

    ----------------------------------------------------------------------
     12782        474        477          0        100     118934   Library Totals

    ----------------------------------------------------------------------

==============================================================================


      Code (inc. data)   RO Data    RW Data    ZI Data      Debug   

     23254        952       1778         40       2208     215380   Grand Totals
     23254        952       1778         40       2208     215380   ELF Image Totals
     23254        952       1778         40          0          0   ROM Totals

==============================================================================

    Total RO  Size (Code + RO Data)                25032 (  24.45kB)
    Total RW  Size (RW Data + ZI Data)              2248 (   2.20kB)
    Total ROM Size (Code + RO Data + RW Data)      25072 (  24.48kB)

==============================================================================

