<html>
<body>
<pre>
<h1>µVision Build Log</h1>
<h2>Project:</h2>
C:\Users\amin\Desktop\current Projects\In-Home-Display\Dispaly board\template.uvproj
Project File Date:  01/11/2019

<h2>Output:</h2>
Build target 'Target 1'
compiling STM32_Init.c...
assembling STM32F10x.s...
compiling main.c...
main.c(116): warning:  #223-D: function "readadc" declared implicitly
main.c(188): warning:  #223-D: function "AppendEnergyRecord" declared implicitly
main.c(258): warning:  #177-D: variable "temp" was declared but never referenced
main.c(516): warning:  #223-D: function "I2C_Configuration" declared implicitly
main.c(517): warning:  #223-D: function "adc_init" declared implicitly
compiling SystemInit.c...
systemInit\SystemInit.c(241): warning:  #223-D: function "delay_ms" declared implicitly
compiling serial.c...
compiling delay.c...
compiling lib_crc.c...
compiling adc.c...
compiling eeprom.c...
eeprom\eeprom.c(57): warning:  #68-D: integer conversion resulted in a change of sign
compiling memory.c...
eeprom\memory.c(66): warning:  #223-D: function "send_string" declared implicitly
compiling SSD1306.c...
compiling DS3231.c...
compiling commandline.c...
compiling Log.c...
log\Log.c(35): warning:  #177-D: variable "lastUpdateRecord" was declared but never referenced
log\Log.c(76): warning:  #177-D: variable "temp" was declared but never referenced
linking...
template.axf: Error: L6218E: Undefined symbol GetLedBarLevels (referred from commandline.o).
template.axf: Error: L6218E: Undefined symbol ReadMemory (referred from commandline.o).
Target not created
Build target 'Target 1'
compiling STM32_Init.c...
assembling STM32F10x.s...
compiling main.c...
main.c(116): warning:  #223-D: function "readadc" declared implicitly
main.c(188): warning:  #223-D: function "AppendEnergyRecord" declared implicitly
main.c(258): warning:  #177-D: variable "temp" was declared but never referenced
main.c(516): warning:  #223-D: function "I2C_Configuration" declared implicitly
main.c(517): warning:  #223-D: function "adc_init" declared implicitly
compiling SystemInit.c...
systemInit\SystemInit.c(241): warning:  #223-D: function "delay_ms" declared implicitly
compiling serial.c...
compiling delay.c...
compiling lib_crc.c...
compiling adc.c...
compiling eeprom.c...
eeprom\eeprom.c(57): warning:  #68-D: integer conversion resulted in a change of sign
compiling memory.c...
eeprom\memory.c(66): warning:  #223-D: function "send_string" declared implicitly
compiling SSD1306.c...
compiling DS3231.c...
compiling commandline.c...
compiling Log.c...
log\Log.c(35): warning:  #177-D: variable "lastUpdateRecord" was declared but never referenced
log\Log.c(76): warning:  #177-D: variable "temp" was declared but never referenced
linking...
Program Size: Code=31268 RO-data=2280 RW-data=104 ZI-data=5368  
FromELF: creating hex file...
"template.axf" - 0 Error(s), 10 Warning(s).
Build target 'Target 1'
compiling STM32_Init.c...
assembling STM32F10x.s...
compiling main.c...
main.c(116): warning:  #223-D: function "readadc" declared implicitly
main.c(188): warning:  #223-D: function "AppendEnergyRecord" declared implicitly
main.c(258): warning:  #177-D: variable "temp" was declared but never referenced
main.c(522): warning:  #223-D: function "I2C_Configuration" declared implicitly
main.c(523): warning:  #223-D: function "adc_init" declared implicitly
compiling SystemInit.c...
systemInit\SystemInit.c(241): warning:  #223-D: function "delay_ms" declared implicitly
compiling serial.c...
compiling delay.c...
compiling lib_crc.c...
compiling adc.c...
compiling eeprom.c...
eeprom\eeprom.c(57): warning:  #68-D: integer conversion resulted in a change of sign
compiling memory.c...
eeprom\memory.c(66): warning:  #223-D: function "send_string" declared implicitly
compiling SSD1306.c...
compiling DS3231.c...
compiling commandline.c...
compiling Log.c...
log\Log.c(35): warning:  #177-D: variable "lastUpdateRecord" was declared but never referenced
log\Log.c(75): error:  #20: identifier "i" is undefined
log\Log.c(92): warning:  #177-D: variable "temp" was declared but never referenced
Target not created
Build target 'Target 1'
compiling STM32_Init.c...
assembling STM32F10x.s...
compiling main.c...
main.c(116): warning:  #223-D: function "readadc" declared implicitly
main.c(188): warning:  #223-D: function "AppendEnergyRecord" declared implicitly
main.c(258): warning:  #177-D: variable "temp" was declared but never referenced
main.c(522): warning:  #223-D: function "I2C_Configuration" declared implicitly
main.c(523): warning:  #223-D: function "adc_init" declared implicitly
compiling SystemInit.c...
systemInit\SystemInit.c(241): warning:  #223-D: function "delay_ms" declared implicitly
compiling serial.c...
compiling delay.c...
compiling lib_crc.c...
compiling adc.c...
compiling eeprom.c...
eeprom\eeprom.c(57): warning:  #68-D: integer conversion resulted in a change of sign
compiling memory.c...
eeprom\memory.c(66): warning:  #223-D: function "send_string" declared implicitly
compiling SSD1306.c...
compiling DS3231.c...
compiling commandline.c...
compiling Log.c...
log\Log.c(35): warning:  #177-D: variable "lastUpdateRecord" was declared but never referenced
log\Log.c(93): warning:  #177-D: variable "temp" was declared but never referenced
linking...
Program Size: Code=31356 RO-data=2208 RW-data=104 ZI-data=5368  
FromELF: creating hex file...
"template.axf" - 0 Error(s), 10 Warning(s).
Build target 'Target 1'
compiling STM32_Init.c...
assembling STM32F10x.s...
compiling main.c...
main.c(116): warning:  #223-D: function "readadc" declared implicitly
main.c(188): warning:  #223-D: function "AppendEnergyRecord" declared implicitly
main.c(258): warning:  #177-D: variable "temp" was declared but never referenced
main.c(531): warning:  #223-D: function "I2C_Configuration" declared implicitly
main.c(532): warning:  #223-D: function "adc_init" declared implicitly
compiling SystemInit.c...
systemInit\SystemInit.c(241): warning:  #223-D: function "delay_ms" declared implicitly
compiling serial.c...
compiling delay.c...
compiling lib_crc.c...
compiling adc.c...
compiling eeprom.c...
eeprom\eeprom.c(57): warning:  #68-D: integer conversion resulted in a change of sign
compiling memory.c...
eeprom\memory.c(66): warning:  #223-D: function "send_string" declared implicitly
compiling SSD1306.c...
compiling DS3231.c...
compiling commandline.c...
compiling Log.c...
log\Log.c(35): warning:  #177-D: variable "lastUpdateRecord" was declared but never referenced
log\Log.c(93): warning:  #177-D: variable "temp" was declared but never referenced
linking...
Program Size: Code=31380 RO-data=2208 RW-data=96 ZI-data=5368  
FromELF: creating hex file...
"template.axf" - 0 Error(s), 10 Warning(s).
Build target 'Target 1'
compiling STM32_Init.c...
assembling STM32F10x.s...
compiling main.c...
main.c(116): warning:  #223-D: function "readadc" declared implicitly
main.c(188): warning:  #223-D: function "AppendEnergyRecord" declared implicitly
main.c(258): warning:  #177-D: variable "temp" was declared but never referenced
main.c(531): warning:  #223-D: function "I2C_Configuration" declared implicitly
main.c(532): warning:  #223-D: function "adc_init" declared implicitly
compiling SystemInit.c...
systemInit\SystemInit.c(241): warning:  #223-D: function "delay_ms" declared implicitly
compiling serial.c...
compiling delay.c...
compiling lib_crc.c...
compiling adc.c...
compiling eeprom.c...
eeprom\eeprom.c(57): warning:  #68-D: integer conversion resulted in a change of sign
compiling memory.c...
eeprom\memory.c(66): warning:  #223-D: function "send_string" declared implicitly
compiling SSD1306.c...
compiling DS3231.c...
compiling commandline.c...
compiling Log.c...
log\Log.c(35): warning:  #177-D: variable "lastUpdateRecord" was declared but never referenced
log\Log.c(93): warning:  #177-D: variable "temp" was declared but never referenced
linking...
Program Size: Code=31368 RO-data=2208 RW-data=96 ZI-data=5368  
FromELF: creating hex file...
"template.axf" - 0 Error(s), 10 Warning(s).
Build target 'Target 1'
compiling STM32_Init.c...
assembling STM32F10x.s...
compiling main.c...
main.c(116): warning:  #223-D: function "readadc" declared implicitly
main.c(188): warning:  #223-D: function "AppendEnergyRecord" declared implicitly
main.c(258): warning:  #177-D: variable "temp" was declared but never referenced
main.c(531): warning:  #223-D: function "I2C_Configuration" declared implicitly
main.c(532): warning:  #223-D: function "adc_init" declared implicitly
compiling SystemInit.c...
systemInit\SystemInit.c(241): warning:  #223-D: function "delay_ms" declared implicitly
compiling serial.c...
compiling delay.c...
compiling lib_crc.c...
compiling adc.c...
compiling eeprom.c...
eeprom\eeprom.c(57): warning:  #68-D: integer conversion resulted in a change of sign
compiling memory.c...
eeprom\memory.c(66): warning:  #223-D: function "send_string" declared implicitly
compiling SSD1306.c...
compiling DS3231.c...
compiling commandline.c...
commandline\commandline.c(24): error:  #20: identifier "SetVI" is undefined
compiling Log.c...
log\Log.c(35): warning:  #177-D: variable "lastUpdateRecord" was declared but never referenced
log\Log.c(93): warning:  #177-D: variable "temp" was declared but never referenced
Target not created
Build target 'Target 1'
compiling STM32_Init.c...
assembling STM32F10x.s...
compiling main.c...
main.c(116): warning:  #223-D: function "readadc" declared implicitly
main.c(188): warning:  #223-D: function "AppendEnergyRecord" declared implicitly
main.c(258): warning:  #177-D: variable "temp" was declared but never referenced
main.c(531): warning:  #223-D: function "I2C_Configuration" declared implicitly
main.c(532): warning:  #223-D: function "adc_init" declared implicitly
compiling SystemInit.c...
systemInit\SystemInit.c(241): warning:  #223-D: function "delay_ms" declared implicitly
compiling serial.c...
compiling delay.c...
compiling lib_crc.c...
compiling adc.c...
compiling eeprom.c...
eeprom\eeprom.c(57): warning:  #68-D: integer conversion resulted in a change of sign
compiling memory.c...
eeprom\memory.c(66): warning:  #223-D: function "send_string" declared implicitly
compiling SSD1306.c...
compiling DS3231.c...
compiling commandline.c...
compiling Log.c...
log\Log.c(35): warning:  #177-D: variable "lastUpdateRecord" was declared but never referenced
log\Log.c(93): warning:  #177-D: variable "temp" was declared but never referenced
linking...
Program Size: Code=31368 RO-data=2244 RW-data=96 ZI-data=5368  
FromELF: creating hex file...
"template.axf" - 0 Error(s), 10 Warning(s).
Build target 'Target 1'
compiling STM32_Init.c...
assembling STM32F10x.s...
compiling main.c...
main.c(116): warning:  #223-D: function "readadc" declared implicitly
main.c(188): warning:  #223-D: function "AppendEnergyRecord" declared implicitly
main.c(259): warning:  #177-D: variable "temp" was declared but never referenced
main.c(532): warning:  #223-D: function "I2C_Configuration" declared implicitly
main.c(533): warning:  #223-D: function "adc_init" declared implicitly
compiling SystemInit.c...
systemInit\SystemInit.c(241): warning:  #223-D: function "delay_ms" declared implicitly
compiling serial.c...
compiling delay.c...
compiling lib_crc.c...
compiling adc.c...
compiling eeprom.c...
eeprom\eeprom.c(57): warning:  #68-D: integer conversion resulted in a change of sign
compiling memory.c...
eeprom\memory.c(66): warning:  #223-D: function "send_string" declared implicitly
compiling SSD1306.c...
compiling DS3231.c...
compiling commandline.c...
compiling Log.c...
log\Log.c(35): warning:  #177-D: variable "lastUpdateRecord" was declared but never referenced
log\Log.c(93): warning:  #177-D: variable "temp" was declared but never referenced
linking...
Program Size: Code=31412 RO-data=2244 RW-data=96 ZI-data=5368  
FromELF: creating hex file...
"template.axf" - 0 Error(s), 10 Warning(s).
Build target 'Target 1'
compiling STM32_Init.c...
assembling STM32F10x.s...
compiling main.c...
main.c(116): warning:  #223-D: function "readadc" declared implicitly
main.c(188): warning:  #223-D: function "AppendEnergyRecord" declared implicitly
main.c(205): warning:  #181-D: argument is incompatible with corresponding format string conversion
main.c(259): warning:  #177-D: variable "temp" was declared but never referenced
main.c(532): warning:  #223-D: function "I2C_Configuration" declared implicitly
main.c(533): warning:  #223-D: function "adc_init" declared implicitly
compiling SystemInit.c...
systemInit\SystemInit.c(241): warning:  #223-D: function "delay_ms" declared implicitly
compiling serial.c...
compiling delay.c...
compiling lib_crc.c...
compiling adc.c...
compiling eeprom.c...
eeprom\eeprom.c(57): warning:  #68-D: integer conversion resulted in a change of sign
compiling memory.c...
eeprom\memory.c(66): warning:  #223-D: function "send_string" declared implicitly
compiling SSD1306.c...
compiling DS3231.c...
compiling commandline.c...
compiling Log.c...
log\Log.c(35): warning:  #177-D: variable "lastUpdateRecord" was declared but never referenced
log\Log.c(93): warning:  #177-D: variable "temp" was declared but never referenced
linking...
Program Size: Code=31456 RO-data=2244 RW-data=96 ZI-data=5368  
FromELF: creating hex file...
"template.axf" - 0 Error(s), 11 Warning(s).
Build target 'Target 1'
compiling STM32_Init.c...
assembling STM32F10x.s...
compiling main.c...
main.c(116): warning:  #223-D: function "readadc" declared implicitly
main.c(188): warning:  #223-D: function "AppendEnergyRecord" declared implicitly
main.c(206): warning:  #181-D: argument is incompatible with corresponding format string conversion
main.c(260): warning:  #177-D: variable "temp" was declared but never referenced
main.c(533): warning:  #223-D: function "I2C_Configuration" declared implicitly
main.c(534): warning:  #223-D: function "adc_init" declared implicitly
compiling SystemInit.c...
systemInit\SystemInit.c(241): warning:  #223-D: function "delay_ms" declared implicitly
compiling serial.c...
compiling delay.c...
compiling lib_crc.c...
compiling adc.c...
compiling eeprom.c...
eeprom\eeprom.c(57): warning:  #68-D: integer conversion resulted in a change of sign
compiling memory.c...
eeprom\memory.c(66): warning:  #223-D: function "send_string" declared implicitly
compiling SSD1306.c...
compiling DS3231.c...
compiling commandline.c...
compiling Log.c...
log\Log.c(35): warning:  #177-D: variable "lastUpdateRecord" was declared but never referenced
log\Log.c(93): warning:  #177-D: variable "temp" was declared but never referenced
linking...
Program Size: Code=31456 RO-data=2244 RW-data=96 ZI-data=5368  
FromELF: creating hex file...
"template.axf" - 0 Error(s), 11 Warning(s).
Build target 'Target 1'
compiling STM32_Init.c...
assembling STM32F10x.s...
compiling main.c...
main.c(116): warning:  #223-D: function "readadc" declared implicitly
main.c(188): warning:  #223-D: function "AppendEnergyRecord" declared implicitly
main.c(206): warning:  #181-D: argument is incompatible with corresponding format string conversion
main.c(260): warning:  #177-D: variable "temp" was declared but never referenced
main.c(533): warning:  #223-D: function "I2C_Configuration" declared implicitly
main.c(534): warning:  #223-D: function "adc_init" declared implicitly
compiling SystemInit.c...
systemInit\SystemInit.c(241): warning:  #223-D: function "delay_ms" declared implicitly
compiling serial.c...
compiling delay.c...
compiling lib_crc.c...
compiling adc.c...
compiling eeprom.c...
eeprom\eeprom.c(57): warning:  #68-D: integer conversion resulted in a change of sign
compiling memory.c...
eeprom\memory.c(66): warning:  #223-D: function "send_string" declared implicitly
compiling SSD1306.c...
compiling DS3231.c...
compiling commandline.c...
compiling Log.c...
log\Log.c(35): warning:  #177-D: variable "lastUpdateRecord" was declared but never referenced
log\Log.c(93): warning:  #177-D: variable "temp" was declared but never referenced
linking...
Program Size: Code=31456 RO-data=2244 RW-data=96 ZI-data=5368  
FromELF: creating hex file...
"template.axf" - 0 Error(s), 11 Warning(s).
Build target 'Target 1'
compiling STM32_Init.c...
assembling STM32F10x.s...
compiling main.c...
main.c(116): warning:  #223-D: function "readadc" declared implicitly
main.c(188): warning:  #223-D: function "AppendEnergyRecord" declared implicitly
main.c(260): warning:  #177-D: variable "temp" was declared but never referenced
main.c(533): warning:  #223-D: function "I2C_Configuration" declared implicitly
main.c(534): warning:  #223-D: function "adc_init" declared implicitly
compiling SystemInit.c...
systemInit\SystemInit.c(241): warning:  #223-D: function "delay_ms" declared implicitly
compiling serial.c...
compiling delay.c...
compiling lib_crc.c...
compiling adc.c...
compiling eeprom.c...
eeprom\eeprom.c(57): warning:  #68-D: integer conversion resulted in a change of sign
compiling memory.c...
eeprom\memory.c(66): warning:  #223-D: function "send_string" declared implicitly
compiling SSD1306.c...
compiling DS3231.c...
compiling commandline.c...
compiling Log.c...
log\Log.c(35): warning:  #177-D: variable "lastUpdateRecord" was declared but never referenced
log\Log.c(93): warning:  #177-D: variable "temp" was declared but never referenced
linking...
Program Size: Code=31456 RO-data=2244 RW-data=96 ZI-data=5368  
FromELF: creating hex file...
"template.axf" - 0 Error(s), 10 Warning(s).
Build target 'Target 1'
compiling STM32_Init.c...
assembling STM32F10x.s...
compiling main.c...
main.c(116): warning:  #223-D: function "readadc" declared implicitly
main.c(188): warning:  #223-D: function "AppendEnergyRecord" declared implicitly
main.c(260): warning:  #177-D: variable "temp" was declared but never referenced
main.c(533): warning:  #223-D: function "I2C_Configuration" declared implicitly
main.c(534): warning:  #223-D: function "adc_init" declared implicitly
compiling SystemInit.c...
systemInit\SystemInit.c(241): warning:  #223-D: function "delay_ms" declared implicitly
compiling serial.c...
compiling delay.c...
compiling lib_crc.c...
compiling adc.c...
compiling eeprom.c...
eeprom\eeprom.c(57): warning:  #68-D: integer conversion resulted in a change of sign
compiling memory.c...
eeprom\memory.c(66): warning:  #223-D: function "send_string" declared implicitly
compiling SSD1306.c...
compiling DS3231.c...
compiling commandline.c...
compiling Log.c...
log\Log.c(35): warning:  #177-D: variable "lastUpdateRecord" was declared but never referenced
log\Log.c(93): warning:  #177-D: variable "temp" was declared but never referenced
linking...
Program Size: Code=31456 RO-data=2244 RW-data=96 ZI-data=5368  
FromELF: creating hex file...
"template.axf" - 0 Error(s), 10 Warning(s).
Build target 'Target 1'
compiling STM32_Init.c...
assembling STM32F10x.s...
compiling main.c...
main.c(116): warning:  #223-D: function "readadc" declared implicitly
main.c(188): warning:  #223-D: function "AppendEnergyRecord" declared implicitly
main.c(260): warning:  #177-D: variable "temp" was declared but never referenced
main.c(533): warning:  #223-D: function "I2C_Configuration" declared implicitly
main.c(534): warning:  #223-D: function "adc_init" declared implicitly
compiling SystemInit.c...
systemInit\SystemInit.c(241): warning:  #223-D: function "delay_ms" declared implicitly
compiling serial.c...
compiling delay.c...
compiling lib_crc.c...
compiling adc.c...
compiling eeprom.c...
eeprom\eeprom.c(57): warning:  #68-D: integer conversion resulted in a change of sign
compiling memory.c...
eeprom\memory.c(66): warning:  #223-D: function "send_string" declared implicitly
compiling SSD1306.c...
compiling DS3231.c...
compiling commandline.c...
compiling Log.c...
log\Log.c(35): warning:  #177-D: variable "lastUpdateRecord" was declared but never referenced
log\Log.c(93): warning:  #177-D: variable "temp" was declared but never referenced
linking...
Program Size: Code=31368 RO-data=2244 RW-data=96 ZI-data=5368  
FromELF: creating hex file...
"template.axf" - 0 Error(s), 10 Warning(s).
Build target 'Target 1'
compiling STM32_Init.c...
assembling STM32F10x.s...
compiling main.c...
main.c(116): warning:  #223-D: function "readadc" declared implicitly
main.c(188): warning:  #223-D: function "AppendEnergyRecord" declared implicitly
main.c(260): warning:  #177-D: variable "temp" was declared but never referenced
main.c(533): warning:  #223-D: function "I2C_Configuration" declared implicitly
main.c(534): warning:  #223-D: function "adc_init" declared implicitly
compiling SystemInit.c...
systemInit\SystemInit.c(241): warning:  #223-D: function "delay_ms" declared implicitly
compiling serial.c...
compiling delay.c...
compiling lib_crc.c...
compiling adc.c...
compiling eeprom.c...
eeprom\eeprom.c(57): warning:  #68-D: integer conversion resulted in a change of sign
compiling memory.c...
eeprom\memory.c(66): warning:  #223-D: function "send_string" declared implicitly
compiling SSD1306.c...
compiling DS3231.c...
compiling commandline.c...
compiling Log.c...
log\Log.c(35): warning:  #177-D: variable "lastUpdateRecord" was declared but never referenced
log\Log.c(93): warning:  #177-D: variable "temp" was declared but never referenced
linking...
Program Size: Code=31368 RO-data=2244 RW-data=96 ZI-data=5368  
FromELF: creating hex file...
"template.axf" - 0 Error(s), 10 Warning(s).
