ARM Linker, 4.1 [Build 791] [Standard]

==============================================================================

Section Cross References

    stm32f10x.o(STACK) refers (Special) to heapauxi.o(.text) for __use_two_region_memory
    stm32f10x.o(HEAP) refers (Special) to heapauxi.o(.text) for __use_two_region_memory
    stm32f10x.o(RESET) refers (Special) to heapauxi.o(.text) for __use_two_region_memory
    stm32f10x.o(RESET) refers to stm32f10x.o(STACK) for __initial_sp
    stm32f10x.o(RESET) refers to stm32f10x.o(.text) for Reset_Handler
    stm32f10x.o(RESET) refers to main.o(.text) for TIM1_UP_IRQHandler
    stm32f10x.o(.text) refers (Special) to heapauxi.o(.text) for __use_two_region_memory
    stm32f10x.o(.text) refers to __main.o(!!!main) for __main
    stm32f10x.o(.text) refers to stm32f10x.o(HEAP) for Heap_Mem
    stm32f10x.o(.text) refers to stm32f10x.o(STACK) for Stack_Mem
    main.o(.text) refers to scanf1.o(x$fpl$scanf1) for _scanf_real
    main.o(.text) refers to _printf_pad.o(.text) for _printf_pre_padding
    main.o(.text) refers to _printf_percent.o(.ARM.Collect$$_printf_percent$$00000000) for _printf_percent
    main.o(.text) refers to _printf_d.o(.ARM.Collect$$_printf_percent$$00000009) for _printf_d
    main.o(.text) refers to _printf_dec.o(.text) for _printf_int_dec
    main.o(.text) refers to _printf_f.o(.ARM.Collect$$_printf_percent$$00000003) for _printf_f
    main.o(.text) refers to printf1.o(x$fpl$printf1) for _printf_fp_dec
    main.o(.text) refers to _scanf_int.o(.text) for _scanf_int
    main.o(.text) refers to _printf_x.o(.ARM.Collect$$_printf_percent$$0000000C) for _printf_x
    main.o(.text) refers to _printf_hex_int.o(.text) for _printf_longlong_hex
    main.o(.text) refers to serial.o(.text) for getkey
    main.o(.text) refers to commandline.o(.text) for CommandlineHandle
    main.o(.text) refers to __0sscanf.o(.text) for __0sscanf
    main.o(.text) refers to f2d.o(x$fpl$f2d) for __aeabi_f2d
    main.o(.text) refers to dleqf.o(x$fpl$dleqf) for __aeabi_cdcmple
    main.o(.text) refers to log.o(.text) for AppendEnergyRecord
    main.o(.text) refers to ssd1306.o(.text) for SSD1306_Fill
    main.o(.text) refers to noretval__2sprintf.o(.text) for __2sprintf
    main.o(.text) refers to fmul.o(x$fpl$fmul) for __aeabi_fmul
    main.o(.text) refers to dmul.o(x$fpl$dmul) for __aeabi_dmul
    main.o(.text) refers to systeminit.o(.text) for Beep
    main.o(.text) refers to main.o(.bss) for Usart1Buff
    main.o(.text) refers to main.o(.data) for Usart1BuffIndex
    main.o(.text) refers to main.o(.constdata) for fdata
    main.o(.text) refers to ds3231.o(.text) for DS3231_WriteDate
    main.o(.text) refers to lib_crc.o(.text) for update_crc_32
    main.o(.text) refers to faddsub_clz.o(x$fpl$fadd) for __aeabi_fadd
    main.o(.text) refers to stm32_init.o(.text) for stm32_Init
    main.o(.text) refers to delay.o(.text) for delay_ms
    systeminit.o(.text) refers to stm32f10x_rcc.o(i.RCC_APB2PeriphClockCmd) for RCC_APB2PeriphClockCmd
    systeminit.o(.text) refers to stm32f10x_gpio.o(i.GPIO_Init) for GPIO_Init
    systeminit.o(.text) refers to stm32f10x_rcc.o(i.RCC_APB1PeriphClockCmd) for RCC_APB1PeriphClockCmd
    systeminit.o(.text) refers to stm32f10x_tim.o(i.TIM_TimeBaseInit) for TIM_TimeBaseInit
    systeminit.o(.text) refers to stm32f10x_tim.o(i.TIM_OC1Init) for TIM_OC1Init
    systeminit.o(.text) refers to stm32f10x_tim.o(i.TIM_OC1PreloadConfig) for TIM_OC1PreloadConfig
    systeminit.o(.text) refers to stm32f10x_tim.o(i.TIM_OC2Init) for TIM_OC2Init
    systeminit.o(.text) refers to stm32f10x_tim.o(i.TIM_OC2PreloadConfig) for TIM_OC2PreloadConfig
    systeminit.o(.text) refers to stm32f10x_tim.o(i.TIM_ARRPreloadConfig) for TIM_ARRPreloadConfig
    systeminit.o(.text) refers to stm32f10x_tim.o(i.TIM_Cmd) for TIM_Cmd
    systeminit.o(.text) refers to stm32f10x_nvic.o(i.NVIC_Init) for NVIC_Init
    systeminit.o(.text) refers to stm32f10x_tim.o(i.TIM_OC3Init) for TIM_OC3Init
    systeminit.o(.text) refers to stm32f10x_tim.o(i.TIM_OC3PreloadConfig) for TIM_OC3PreloadConfig
    systeminit.o(.text) refers to stm32f10x_tim.o(i.TIM_PWMIConfig) for TIM_PWMIConfig
    systeminit.o(.text) refers to stm32f10x_tim.o(i.TIM_SelectInputTrigger) for TIM_SelectInputTrigger
    systeminit.o(.text) refers to stm32f10x_tim.o(i.TIM_SelectSlaveMode) for TIM_SelectSlaveMode
    systeminit.o(.text) refers to stm32f10x_tim.o(i.TIM_SelectMasterSlaveMode) for TIM_SelectMasterSlaveMode
    systeminit.o(.text) refers to stm32f10x_tim.o(i.TIM_ITConfig) for TIM_ITConfig
    systeminit.o(.text) refers to delay.o(.text) for delay_ms
    systeminit.o(.text) refers to systeminit.o(.data) for roundRobin
    serial.o(.text) refers to strcat.o(.text) for strcat
    serial.o(.text) refers to strcmpv7m.o(.text) for strcmp
    lib_crc.o(.text) refers to lib_crc.o(.bss) for crc_tabccitt
    lib_crc.o(.text) refers to lib_crc.o(.data) for crc_tabccitt_init
[...]
    .text                                    0x08003c60   Section        0  __0sscanf.o(.text)
    .text                                    0x08003c9c   Section        0  _scanf_int.o(.text)
    .text                                    0x08003dec   Section        0  _scanf_str.o(.text)
    .text                                    0x08003ec6   Section        0  strstr.o(.text)
    .text                                    0x08003eea   Section        0  strcpy.o(.text)
    .text                                    0x08003f32   Section        0  strlen.o(.text)
    .text                                    0x08003f70   Section        0  strcat.o(.text)
    .text                                    0x08003f88   Section      128  strcmpv7m.o(.text)
    .text                                    0x08004008   Section        0  heapauxi.o(.text)
    .text                                    0x0800400e   Section        0  _printf_intcommon.o(.text)
    .text                                    0x080040c6   Section        0  _printf_fp_dec.o(.text)
    _fp_digits                               0x080040c9   Thumb Code   426  _printf_fp_dec.o(.text)
    .text                                    0x080044e4   Section        0  _printf_char_common.o(.text)
    _printf_input_char                       0x080044e5   Thumb Code    10  _printf_char_common.o(.text)
    .text                                    0x08004514   Section        0  _sputc.o(.text)
    .text                                    0x0800451e   Section        0  _chval.o(.text)
    .text                                    0x0800453c   Section        0  scanf_fp.o(.text)
    _fp_value                                0x0800453d   Thumb Code   502  scanf_fp.o(.text)
    .text                                    0x080049e4   Section        0  scanf_char.o(.text)
    _scanf_char_input                        0x080049e5   Thumb Code    12  scanf_char.o(.text)
    .text                                    0x08004a14   Section        0  _sgetc.o(.text)
    .text                                    0x08004a54   Section        8  rt_locale_intlibspace.o(.text)
    .text                                    0x08004a5c   Section        8  rt_errno_addr_intlibspace.o(.text)
    .text                                    0x08004a64   Section      138  lludiv10.o(.text)
    .text                                    0x08004aee   Section        0  isspace.o(.text)
    .text                                    0x08004b00   Section        0  _printf_fp_infnan.o(.text)
    .text                                    0x08004b80   Section        0  _scanf.o(.text)
    .text                                    0x08004ef8   Section        0  bigflt0.o(.text)
    .text                                    0x08004fdc   Section        8  libspace.o(.text)
    .text                                    0x08004fe4   Section       74  sys_stackheap_outer.o(.text)
    .text                                    0x08005030   Section       16  rt_ctype_table.o(.text)
    .text                                    0x08005040   Section        0  _rserrno.o(.text)
    .text                                    0x08005058   Section        0  scanf_hexfp.o(.text)
    .text                                    0x08005374   Section        0  scanf_infnan.o(.text)
    .text                                    0x080054b0   Section        0  exit.o(.text)
    .text                                    0x080054bc   Section       38  llshl.o(.text)
    .text                                    0x080054e4   Section        8  rt_fp_status_addr_intlibspace.o(.text)
    .text                                    0x080054ec   Section        0  sys_exit.o(.text)
    .text                                    0x080054f8   Section        2  use_no_semi.o(.text)
    .text                                    0x080054fa   Section        0  indicate_semi.o(.text)
    CL$$btod_d2e                             0x080054fa   Section       62  btod.o(CL$$btod_d2e)
    CL$$btod_d2e_denorm_low                  0x08005538   Section       70  btod.o(CL$$btod_d2e_denorm_low)
    CL$$btod_d2e_norm_op1                    0x0800557e   Section       96  btod.o(CL$$btod_d2e_norm_op1)
    CL$$btod_div_common                      0x080055de   Section      824  btod.o(CL$$btod_div_common)
    CL$$btod_e2d                             0x08005918   Section       84  btod.o(CL$$btod_e2d)
    CL$$btod_e2e                             0x0800596c   Section      198  btod.o(CL$$btod_e2e)
    CL$$btod_ediv                            0x08005a32   Section       40  btod.o(CL$$btod_ediv)
    CL$$btod_edivd                           0x08005a5a   Section       40  btod.o(CL$$btod_edivd)
    CL$$btod_emul                            0x08005a82   Section       40  btod.o(CL$$btod_emul)
    CL$$btod_emuld                           0x08005aaa   Section       40  btod.o(CL$$btod_emuld)
    CL$$btod_mult_common                     0x08005ad2   Section      580  btod.o(CL$$btod_mult_common)
    i.GPIO_Init                              0x08005d18   Section        0  stm32f10x_gpio.o(i.GPIO_Init)
    i.I2C_AcknowledgeConfig                  0x08005db8   Section        0  stm32f10x_i2c.o(i.I2C_AcknowledgeConfig)
    i.I2C_CheckEvent                         0x08005dcc   Section        0  stm32f10x_i2c.o(i.I2C_CheckEvent)
    i.I2C_Cmd                                0x08005de4   Section        0  stm32f10x_i2c.o(i.I2C_Cmd)
    i.I2C_DeInit                             0x08005df8   Section        0  stm32f10x_i2c.o(i.I2C_DeInit)
    i.I2C_GenerateSTART                      0x08005e28   Section        0  stm32f10x_i2c.o(i.I2C_GenerateSTART)
    i.I2C_GenerateSTOP                       0x08005e3c   Section        0  stm32f10x_i2c.o(i.I2C_GenerateSTOP)
    i.I2C_GetFlagStatus                      0x08005e50   Section        0  stm32f10x_i2c.o(i.I2C_GetFlagStatus)
    i.I2C_Init                               0x08005e68   Section        0  stm32f10x_i2c.o(i.I2C_Init)
    i.I2C_ReceiveData                        0x08005f1c   Section        0  stm32f10x_i2c.o(i.I2C_ReceiveData)
    i.I2C_Send7bitAddress                    0x08005f22   Section        0  stm32f10x_i2c.o(i.I2C_Send7bitAddress)
    i.I2C_SendData                           0x08005f32   Section        0  stm32f10x_i2c.o(i.I2C_SendData)
    i.NVIC_Init                              0x08005f36   Section        0  stm32f10x_nvic.o(i.NVIC_Init)
    i.RCC_APB1PeriphClockCmd                 0x08005fac   Section        0  stm32f10x_rcc.o(i.RCC_APB1PeriphClockCmd)
    i.RCC_APB1PeriphResetCmd                 0x08005fc4   Section        0  stm32f10x_rcc.o(i.RCC_APB1PeriphResetCmd)
    i.RCC_APB2PeriphClockCmd                 0x08005fdc   Section        0  stm32f10x_rcc.o(i.RCC_APB2PeriphClockCmd)
    i.RCC_GetClocksFreq                      0x08005ff4   Section        0  stm32f10x_rcc.o(i.RCC_GetClocksFreq)
    i.TI1_Config                             0x08006088   Section        0  stm32f10x_tim.o(i.TI1_Config)
    TI1_Config                               0x08006089   Thumb Code    40  stm32f10x_tim.o(i.TI1_Config)
    i.TI2_Config                             0x080060b0   Section        0  stm32f10x_tim.o(i.TI2_Config)
    TI2_Config                               0x080060b1   Thumb Code    44  stm32f10x_tim.o(i.TI2_Config)
    i.TIM_ARRPreloadConfig                   0x080060dc   Section        0  stm32f10x_tim.o(i.TIM_ARRPreloadConfig)
    i.TIM_Cmd                                0x080060f2   Section        0  stm32f10x_tim.o(i.TIM_Cmd)
    i.TIM_ITConfig                           0x08006108   Section        0  stm32f10x_tim.o(i.TIM_ITConfig)
    i.TIM_OC1Init                            0x08006118   Section        0  stm32f10x_tim.o(i.TIM_OC1Init)
    i.TIM_OC1PreloadConfig                   0x08006178   Section        0  stm32f10x_tim.o(i.TIM_OC1PreloadConfig)
    i.TIM_OC2Init                            0x08006184   Section        0  stm32f10x_tim.o(i.TIM_OC2Init)
    i.TIM_OC2PreloadConfig                   0x08006200   Section        0  stm32f10x_tim.o(i.TIM_OC2PreloadConfig)
    i.TIM_OC3Init                            0x08006210   Section        0  stm32f10x_tim.o(i.TIM_OC3Init)
    i.TIM_OC3PreloadConfig                   0x08006288   Section        0  stm32f10x_tim.o(i.TIM_OC3PreloadConfig)
    i.TIM_PWMIConfig                         0x08006294   Section        0  stm32f10x_tim.o(i.TIM_PWMIConfig)
    i.TIM_SelectInputTrigger                 0x08006300   Section        0  stm32f10x_tim.o(i.TIM_SelectInputTrigger)
    i.TIM_SelectMasterSlaveMode              0x0800630c   Section        0  stm32f10x_tim.o(i.TIM_SelectMasterSlaveMode)
    i.TIM_SelectSlaveMode                    0x0800631c   Section        0  stm32f10x_tim.o(i.TIM_SelectSlaveMode)
    i.TIM_SetIC1Prescaler                    0x0800632c   Section        0  stm32f10x_tim.o(i.TIM_SetIC1Prescaler)
    i.TIM_SetIC2Prescaler                    0x0800633c   Section        0  stm32f10x_tim.o(i.TIM_SetIC2Prescaler)
    i.TIM_TimeBaseInit                       0x08006350   Section        0  stm32f10x_tim.o(i.TIM_TimeBaseInit)
    i.__ARM_fpclassify                       0x0800638c   Section        0  fpclassify.o(i.__ARM_fpclassify)
    i.__mathlib_dbl_underflow                0x080063b4   Section        0  dunder.o(i.__mathlib_dbl_underflow)
    i.__mathlib_narrow                       0x080063c4   Section        0  narrow.o(i.__mathlib_narrow)
    i.__mathlib_tofloat                      0x080063d4   Section        0  narrow.o(i.__mathlib_tofloat)
    i.__support_ldexp                        0x0800645c   Section        0  ldexp.o(i.__support_ldexp)
    i._is_digit                              0x08006472   Section        0  __printf_wp.o(i._is_digit)
    i.frexp                                  0x08006480   Section        0  frexp.o(i.frexp)
    i.ldexp                                  0x080064d8   Section        0  ldexp.o(i.ldexp)
    locale$$code                             0x08006558   Section       44  lc_numeric_c.o(locale$$code)
    locale$$code                             0x08006584   Section       44  lc_ctype_c.o(locale$$code)
    x$fpl$d2f                                0x080065b0   Section       98  d2f.o(x$fpl$d2f)
    x$fpl$dcheck1                            0x08006614   Section       16  dcheck1.o(x$fpl$dcheck1)
    x$fpl$dcmpinf                            0x08006624   Section       24  dcmpi.o(x$fpl$dcmpinf)
    x$fpl$deqf                               0x0800663c   Section      120  deqf.o(x$fpl$deqf)
    x$fpl$dleqf                              0x080066b4   Section      120  dleqf.o(x$fpl$dleqf)
    x$fpl$dmul                               0x0800672c   Section      340  dmul.o(x$fpl$dmul)
    x$fpl$dnaninf                            0x08006880   Section      156  dnaninf.o(x$fpl$dnaninf)
    x$fpl$dretinf                            0x0800691c   Section       12  dretinf.o(x$fpl$dretinf)
    x$fpl$drleqf                             0x08006928   Section      108  drleqf.o(x$fpl$drleqf)
    x$fpl$f2d                                0x08006994   Section       86  f2d.o(x$fpl$f2d)
    x$fpl$fadd                               0x080069ec   Section      196  faddsub_clz.o(x$fpl$fadd)
    _fadd1                                   0x080069fb   Thumb Code     0  faddsub_clz.o(x$fpl$fadd)
    x$fpl$fmul                               0x08006ab0   Section      258  fmul.o(x$fpl$fmul)
    x$fpl$fnaninf                            0x08006bb2   Section      140  fnaninf.o(x$fpl$fnaninf)
    x$fpl$fpinit                             0x08006c3e   Section       14  fpinit.o(x$fpl$fpinit)
    x$fpl$fretinf                            0x08006c4c   Section       10  fretinf.o(x$fpl$fretinf)
    x$fpl$fsub                               0x08006c58   Section      234  faddsub_clz.o(x$fpl$fsub)
    _fsub1                                   0x08006c67   Thumb Code     0  faddsub_clz.o(x$fpl$fsub)
    x$fpl$printf1                            0x08006d42   Section        4  printf1.o(x$fpl$printf1)
    x$fpl$retnan                             0x08006d46   Section      100  retnan.o(x$fpl$retnan)
    x$fpl$scalbn                             0x08006daa   Section       92  scalbn.o(x$fpl$scalbn)
    x$fpl$scanf1                             0x08006e06   Section        4  scanf1.o(x$fpl$scanf1)
    x$fpl$scanf2                             0x08006e0a   Section        8  scanf2.o(x$fpl$scanf2)
    x$fpl$trapveneer                         0x08006e12   Section       48  trapv.o(x$fpl$trapveneer)
    .constdata                               0x08006e42   Section     1011  main.o(.constdata)
    x$fpl$usenofp                            0x08006e42   Section        0  usenofp.o(x$fpl$usenofp)
    SSD1306_SET_ADDR_0x0                     0x08006e42   Data           6  main.o(.constdata)
    Font7x10                                 0x080071fe   Data           7  main.o(.constdata)
    bmp_tile                                 0x08007205   Data          48  main.o(.constdata)
    .constdata                               0x08007235   Section       22  ssd1306.o(.constdata)
    SSD1306_SET_ADDR_0x0                     0x08007235   Data           6  ssd1306.o(.constdata)
    LUT_FB                                   0x0800723b   Data           8  ssd1306.o(.constdata)
    LUT_LB                                   0x08007243   Data           8  ssd1306.o(.constdata)
    .constdata                               0x0800724c   Section      576  commandline.o(.constdata)
    tskcmd                                   0x0800724c   Data         576  commandline.o(.constdata)
    .constdata                               0x0800748c   Section       20  stm32f10x_rcc.o(.constdata)
    ADCPrescTable                            0x0800748c   Data           4  stm32f10x_rcc.o(.constdata)
    APBAHBPrescTable                         0x08007490   Data          16  stm32f10x_rcc.o(.constdata)
    .constdata                               0x080074a0   Section       40  _printf_hex_int.o(.constdata)
    uc_hextab                                0x080074a0   Data          20  _printf_hex_int.o(.constdata)
    lc_hextab                                0x080074b4   Data          20  _printf_hex_int.o(.constdata)
    .constdata                               0x080074c8   Section       17  __printf_flags_wp.o(.constdata)
    maptable                                 0x080074c8   Data          17  __printf_flags_wp.o(.constdata)
    .constdata                               0x080074dc   Section      148  bigflt0.o(.constdata)
    tenpwrs_x                                0x080074dc   Data          60  bigflt0.o(.constdata)
    tenpwrs_i                                0x08007518   Data          64  bigflt0.o(.constdata)
    c$$dinf                                  0x08007590   Section        8  fpconst.o(c$$dinf)
    locale$$data                             0x08007598   Section       28  lc_numeric_c.o(locale$$data)
    __lcnum_c_name                           0x0800759c   Data           2  lc_numeric_c.o(locale$$data)
    __lcnum_c_start                          0x080075a4   Data           0  lc_numeric_c.o(locale$$data)
    __lcnum_c_point                          0x080075b0   Data           0  lc_numeric_c.o(locale$$data)
    __lcnum_c_thousands                      0x080075b2   Data           0  lc_numeric_c.o(locale$$data)
    __lcnum_c_grouping                       0x080075b3   Data           0  lc_numeric_c.o(locale$$data)
    locale$$data                             0x080075b4   Section      272  lc_ctype_c.o(locale$$data)
    __lcnum_c_end                            0x080075b4   Data           0  lc_numeric_c.o(locale$$data)
    __lcctype_c_name                         0x080075b8   Data           2  lc_ctype_c.o(locale$$data)
    __lcctype_c_start                        0x080075c0   Data           0  lc_ctype_c.o(locale$$data)
    __lcctype_c_end                          0x080076c4   Data           0  lc_ctype_c.o(locale$$data)
    .data                                    0x20000000   Section       56  main.o(.data)
    roundRobinLcd                            0x20000024   Data           4  main.o(.data)
    lock                                     0x20000028   Data           1  main.o(.data)
    lockCount                                0x2000002c   Data           4  main.o(.data)
    lastUpdateHour                           0x20000030   Data           4  main.o(.data)
    .data                                    0x20000038   Section        5  systeminit.o(.data)
    roundRobin                               0x20000038   Data           4  systeminit.o(.data)
    counter                                  0x2000003c   Data           1  systeminit.o(.data)
    .data                                    0x20000040   Section       20  lib_crc.o(.data)
    crc_tab16_init                           0x20000040   Data           4  lib_crc.o(.data)
    crc_tab32_init                           0x20000044   Data           4  lib_crc.o(.data)
    crc_tabccitt_init                        0x20000048   Data           4  lib_crc.o(.data)
    crc_tabdnp_init                          0x2000004c   Data           4  lib_crc.o(.data)
    crc_tabkermit_init                       0x20000050   Data           4  lib_crc.o(.data)
    .data                                    0x20000054   Section        6  ssd1306.o(.data)
    scr_orientation                          0x20000059   Data           1  ssd1306.o(.data)
    .data                                    0x2000005c   Section        4  commandline.o(.data)
    .data                                    0x20000060   Section        4  log.o(.data)
    RecordIndex                              0x20000060   Data           4  log.o(.data)
    .bss                                     0x20000064   Section      150  main.o(.bss)
    .bss                                     0x200000fc   Section     3072  lib_crc.o(.bss)
    crc_tab16                                0x200000fc   Data         512  lib_crc.o(.bss)
    crc_tab32                                0x200002fc   Data        1024  lib_crc.o(.bss)
    crc_tabccitt                             0x200006fc   Data         512  lib_crc.o(.bss)
    crc_tabdnp                               0x200008fc   Data         512  lib_crc.o(.bss)
    crc_tabkermit                            0x20000afc   Data         512  lib_crc.o(.bss)
    .bss                                     0x20000cfc   Section     1024  ssd1306.o(.bss)
    vRAM                                     0x20000cfc   Data        1024  ssd1306.o(.bss)
    .bss                                     0x200010fc   Section       96  libspace.o(.bss)
    HEAP                                     0x20001160   Section      512  stm32f10x.o(HEAP)
    Heap_Mem                                 0x20001160   Data         512  stm32f10x.o(HEAP)
    STACK                                    0x20001360   Section      512  stm32f10x.o(STACK)
    Stack_Mem                                0x20001360   Data         512  stm32f10x.o(STACK)
    __initial_sp                             0x20001560   Data           0  stm32f10x.o(STACK)

    Global Symbols

    Symbol Name                              Value     Ov Type        Size  Object(Section)

    BuildAttributes$$THM_ISAv4$P$D$K$B$S$PE$A:L22UL41UL21$X:L11$S22US41US21$IEEE1$IW$USESV6$~STKCKD$USESV7$~SHL$OTIME$ROPI$IEEEX$EBA8$UX$STANDARDLIB$REQ8$PRES8$EABIv2 0x00000000   Number         0  anon$$obj.o ABSOLUTE
    __ARM_use_no_argv                        0x00000000   Number         0  main.o ABSOLUTE
    _printf_flags                            0x00000000   Number         0  printf_stubs.o ABSOLUTE
    _printf_return_value                     0x00000000   Number         0  printf_stubs.o ABSOLUTE
    _printf_sizespec                         0x00000000   Number         0  printf_stubs.o ABSOLUTE
    _printf_widthprec                        0x00000000   Number         0  printf_stubs.o ABSOLUTE
    __ARM_exceptions_init                     - Undefined Weak Reference
    __alloca_initialize                       - Undefined Weak Reference
    __cpp_initialize__aeabi_                  - Undefined Weak Reference
    __cxa_finalize                            - Undefined Weak Reference
    __sigvec_lookup                           - Undefined Weak Reference
    _atexit_init                              - Undefined Weak Reference
    _call_atexit_fns                          - Undefined Weak Reference
    _clock_init                               - Undefined Weak Reference
    _fp_trap_init                             - Undefined Weak Reference
    _fp_trap_shutdown                         - Undefined Weak Reference
    _get_lc_collate                           - Undefined Weak Reference
    _get_lc_monetary                          - Undefined Weak Reference
    _get_lc_time                              - Undefined Weak Reference
    _getenv_init                              - Undefined Weak Reference
    _handle_redirection                       - Undefined Weak Reference
    _init_alloc                               - Undefined Weak Reference
    _init_user_alloc                          - Undefined Weak Reference
    _initio                                   - Undefined Weak Reference
    _printf_truncate_signed                   - Undefined Weak Reference
    _printf_truncate_unsigned                 - Undefined Weak Reference
    _rand_init                                - Undefined Weak Reference
    _scanf_longlong                           - Undefined Weak Reference
    _scanf_mbtowc                             - Undefined Weak Reference
    _scanf_wctomb                             - Undefined Weak Reference
    _scanf_wstring                            - Undefined Weak Reference
    _signal_finish                            - Undefined Weak Reference
    _signal_init                              - Undefined Weak Reference
    _terminate_alloc                          - Undefined Weak Reference
    _terminate_user_alloc                     - Undefined Weak Reference
    _terminateio                              - Undefined Weak Reference
    __Vectors                                0x08000000   Data           4  stm32f10x.o(RESET)
    __main                                   0x080000ed   Thumb Code     8  __main.o(!!!main)
    __scatterload                            0x080000f5   Thumb Code     0  __scatter.o(!!!scatter)
    __scatterload_rt2                        0x080000f5   Thumb Code    44  __scatter.o(!!!scatter)
    __scatterload_rt2_thumb_only             0x080000f5   Thumb Code     0  __scatter.o(!!!scatter)
    __scatterload_null                       0x08000103   Thumb Code     0  __scatter.o(!!!scatter)
    __scatterload_copy                       0x08000129   Thumb Code    26  __scatter_copy.o(!!handler_copy)
    __scatterload_zeroinit                   0x08000145   Thumb Code    28  __scatter_zi.o(!!handler_zi)
    _printf_f                                0x08000161   Thumb Code     0  _printf_f.o(.ARM.Collect$$_printf_percent$$00000003)
    _printf_percent                          0x08000161   Thumb Code     0  _printf_percent.o(.ARM.Collect$$_printf_percent$$00000000)
    _printf_d                                0x08000167   Thumb Code     0  _printf_d.o(.ARM.Collect$$_printf_percent$$00000009)
    _printf_x                                0x0800016d   Thumb Code     0  _printf_x.o(.ARM.Collect$$_printf_percent$$0000000C)
    _printf_percent_end                      0x08000173   Thumb Code     0  _printf_percent_end.o(.ARM.Collect$$_printf_percent$$00000017)
    __rt_lib_init                            0x08000177   Thumb Code     0  libinit.o(.ARM.Collect$$libinit$$00000000)
    __rt_lib_init_heap_1                     0x0800017d   Thumb Code     0  libinit2.o(.ARM.Collect$$libinit$$00000006)
    __rt_lib_init_lc_common                  0x0800017d   Thumb Code     0  libinit2.o(.ARM.Collect$$libinit$$0000000B)
    __rt_lib_init_rand_1                     0x0800017d   Thumb Code     0  libinit2.o(.ARM.Collect$$libinit$$0000000A)
    __rt_lib_init_user_alloc_1               0x0800017d   Thumb Code     0  libinit2.o(.ARM.Collect$$libinit$$00000008)
    __rt_lib_init_lc_collate_1               0x08000183   Thumb Code     0  libinit2.o(.ARM.Collect$$libinit$$0000000D)
    __rt_lib_init_lc_ctype_2                 0x08000183   Thumb Code     0  libinit2.o(.ARM.Collect$$libinit$$0000000E)
    __rt_lib_init_lc_ctype_1                 0x0800018f   Thumb Code     0  libinit2.o(.ARM.Collect$$libinit$$0000000F)
    __rt_lib_init_lc_monetary_1              0x0800018f   Thumb Code     0  libinit2.o(.ARM.Collect$$libinit$$00000011)
    __rt_lib_init_lc_numeric_2               0x0800018f   Thumb Code     0  libinit2.o(.ARM.Collect$$libinit$$00000012)
    __rt_lib_init_alloca_1                   0x08000199   Thumb Code     0  libinit2.o(.ARM.Collect$$libinit$$0000002A)
    __rt_lib_init_argv_1                     0x08000199   Thumb Code     0  libinit2.o(.ARM.Collect$$libinit$$00000028)
    __rt_lib_init_atexit_1                   0x08000199   Thumb Code     0  libinit2.o(.ARM.Collect$$libinit$$00000017)
    __rt_lib_init_clock_1                    0x08000199   Thumb Code     0  libinit2.o(.ARM.Collect$$libinit$$0000001D)
    __rt_lib_init_cpp_1                      0x08000199   Thumb Code     0  libinit2.o(.ARM.Collect$$libinit$$0000002E)
    __rt_lib_init_exceptions_1               0x08000199   Thumb Code     0  libinit2.o(.ARM.Collect$$libinit$$0000002C)
    __rt_lib_init_fp_trap_1                  0x08000199   Thumb Code     0  libinit2.o(.ARM.Collect$$libinit$$0000001B)
    __rt_lib_init_getenv_1                   0x08000199   Thumb Code     0  libinit2.o(.ARM.Collect$$libinit$$0000001F)
    __rt_lib_init_lc_numeric_1               0x08000199   Thumb Code     0  libinit2.o(.ARM.Collect$$libinit$$00000013)
    __rt_lib_init_lc_time_1                  0x08000199   Thumb Code     0  libinit2.o(.ARM.Collect$$libinit$$00000015)
    __rt_lib_init_return                     0x08000199   Thumb Code     0  libinit2.o(.ARM.Collect$$libinit$$0000002F)
    __rt_lib_init_signal_1                   0x08000199   Thumb Code     0  libinit2.o(.ARM.Collect$$libinit$$00000019)
    __rt_lib_init_stdio_1                    0x08000199   Thumb Code     0  libinit2.o(.ARM.Collect$$libinit$$00000021)
    __rt_lib_shutdown                        0x0800019b   Thumb Code     0  libshutdown.o(.ARM.Collect$$libshutdown$$00000000)
    __rt_lib_shutdown_fp_trap_1              0x0800019d   Thumb Code     0  libshutdown2.o(.ARM.Collect$$libshutdown$$00000006)
    __rt_lib_shutdown_heap_1                 0x0800019d   Thumb Code     0  libshutdown2.o(.ARM.Collect$$libshutdown$$0000000E)
    __rt_lib_shutdown_return                 0x0800019d   Thumb Code     0  libshutdown2.o(.ARM.Collect$$libshutdown$$0000000F)
    __rt_lib_shutdown_signal_1               0x0800019d   Thumb Code     0  libshutdown2.o(.ARM.Collect$$libshutdown$$00000009)
    __rt_lib_shutdown_stdio_1                0x0800019d   Thumb Code     0  libshutdown2.o(.ARM.Collect$$libshutdown$$00000003)
    __rt_lib_shutdown_user_alloc_1           0x0800019d   Thumb Code     0  libshutdown2.o(.ARM.Collect$$libshutdown$$0000000B)
    __rt_entry                               0x0800019f   Thumb Code     0  rtentry.o(.ARM.Collect$$rtentry$$00000000)
    __rt_entry_presh_1                       0x0800019f   Thumb Code     0  rtentry2.o(.ARM.Collect$$rtentry$$00000002)
    __rt_entry_sh                            0x0800019f   Thumb Code     0  rtentry4.o(.ARM.Collect$$rtentry$$00000004)
    __rt_entry_li                            0x080001a5   Thumb Code     0  rtentry2.o(.ARM.Collect$$rtentry$$0000000A)
    __rt_entry_postsh_1                      0x080001a5   Thumb Code     0  rtentry2.o(.ARM.Collect$$rtentry$$00000009)
    __rt_entry_main                          0x080001a9   Thumb Code     0  rtentry2.o(.ARM.Collect$$rtentry$$0000000D)
    __rt_entry_postli_1                      0x080001a9   Thumb Code     0  rtentry2.o(.ARM.Collect$$rtentry$$0000000C)
    __rt_exit                                0x080001b1   Thumb Code     0  rtexit.o(.ARM.Collect$$rtexit$$00000000)
    __rt_exit_ls                             0x080001b3   Thumb Code     0  rtexit2.o(.ARM.Collect$$rtexit$$00000003)
    __rt_exit_prels_1                        0x080001b3   Thumb Code     0  rtexit2.o(.ARM.Collect$$rtexit$$00000002)
    __rt_exit_exit                           0x080001b7   Thumb Code     0  rtexit2.o(.ARM.Collect$$rtexit$$00000004)
    stm32_Init                               0x08000347   Thumb Code   222  stm32_init.o(.text)
    stm32_GetPCLK1                           0x08000425   Thumb Code     4  stm32_init.o(.text)
    stm32_GetPCLK2                           0x08000429   Thumb Code     4  stm32_init.o(.text)
    Reset_Handler                            0x08000489   Thumb Code     4  stm32f10x.o(.text)
    NMI_Handler                              0x0800048d   Thumb Code     2  stm32f10x.o(.text)
    HardFault_Handler                        0x0800048f   Thumb Code     2  stm32f10x.o(.text)
    MemManage_Handler                        0x08000491   Thumb Code     2  stm32f10x.o(.text)
    BusFault_Handler                         0x08000493   Thumb Code     2  stm32f10x.o(.text)
    UsageFault_Handler                       0x08000495   Thumb Code     2  stm32f10x.o(.text)
    SVC_Handler                              0x08000497   Thumb Code     2  stm32f10x.o(.text)
    DebugMon_Handler                         0x08000499   Thumb Code     2  stm32f10x.o(.text)
    PendSV_Handler                           0x0800049b   Thumb Code     2  stm32f10x.o(.text)
    SysTick_Handler                          0x0800049d   Thumb Code     2  stm32f10x.o(.text)
    ADC_IRQHandler                           0x0800049f   Thumb Code     0  stm32f10x.o(.text)
    CAN_RX1_IRQHandler                       0x0800049f   Thumb Code     0  stm32f10x.o(.text)
    CAN_SCE_IRQHandler                       0x0800049f   Thumb Code     0  stm32f10x.o(.text)
    DMAChannel1_IRQHandler                   0x0800049f   Thumb Code     0  stm32f10x.o(.text)
    DMAChannel2_IRQHandler                   0x0800049f   Thumb Code     0  stm32f10x.o(.text)
    DMAChannel3_IRQHandler                   0x0800049f   Thumb Code     0  stm32f10x.o(.text)
    DMAChannel4_IRQHandler                   0x0800049f   Thumb Code     0  stm32f10x.o(.text)
    DMAChannel5_IRQHandler                   0x0800049f   Thumb Code     0  stm32f10x.o(.text)
    DMAChannel6_IRQHandler                   0x0800049f   Thumb Code     0  stm32f10x.o(.text)
    DMAChannel7_IRQHandler                   0x0800049f   Thumb Code     0  stm32f10x.o(.text)
    EXTI0_IRQHandler                         0x0800049f   Thumb Code     0  stm32f10x.o(.text)
    EXTI15_10_IRQHandler                     0x0800049f   Thumb Code     0  stm32f10x.o(.text)
    EXTI1_IRQHandler                         0x0800049f   Thumb Code     0  stm32f10x.o(.text)
    EXTI2_IRQHandler                         0x0800049f   Thumb Code     0  stm32f10x.o(.text)
    EXTI3_IRQHandler                         0x0800049f   Thumb Code     0  stm32f10x.o(.text)
    EXTI4_IRQHandler                         0x0800049f   Thumb Code     0  stm32f10x.o(.text)
    EXTI9_5_IRQHandler                       0x0800049f   Thumb Code     0  stm32f10x.o(.text)
    FLASH_IRQHandler                         0x0800049f   Thumb Code     0  stm32f10x.o(.text)
    I2C1_ER_IRQHandler                       0x0800049f   Thumb Code     0  stm32f10x.o(.text)
    I2C1_EV_IRQHandler                       0x0800049f   Thumb Code     0  stm32f10x.o(.text)
    I2C2_ER_IRQHandler                       0x0800049f   Thumb Code     0  stm32f10x.o(.text)
    I2C2_EV_IRQHandler                       0x0800049f   Thumb Code     0  stm32f10x.o(.text)
    PVD_IRQHandler                           0x0800049f   Thumb Code     0  stm32f10x.o(.text)
    RCC_IRQHandler                           0x0800049f   Thumb Code     0  stm32f10x.o(.text)
    RTCAlarm_IRQHandler                      0x0800049f   Thumb Code     0  stm32f10x.o(.text)
    RTC_IRQHandler                           0x0800049f   Thumb Code     0  stm32f10x.o(.text)
    SPI1_IRQHandler                          0x0800049f   Thumb Code     0  stm32f10x.o(.text)
    SPI2_IRQHandler                          0x0800049f   Thumb Code     0  stm32f10x.o(.text)
    TAMPER_IRQHandler                        0x0800049f   Thumb Code     0  stm32f10x.o(.text)
    TIM1_BRK_IRQHandler                      0x0800049f   Thumb Code     0  stm32f10x.o(.text)
    TIM1_CC_IRQHandler                       0x0800049f   Thumb Code     0  stm32f10x.o(.text)
    TIM1_TRG_COM_IRQHandler                  0x0800049f   Thumb Code     0  stm32f10x.o(.text)
    TIM2_IRQHandler                          0x0800049f   Thumb Code     0  stm32f10x.o(.text)
    TIM3_IRQHandler                          0x0800049f   Thumb Code     0  stm32f10x.o(.text)
    TIM4_IRQHandler                          0x0800049f   Thumb Code     0  stm32f10x.o(.text)
    USART2_IRQHandler                        0x0800049f   Thumb Code     0  stm32f10x.o(.text)
    USBWakeUp_IRQHandler                     0x0800049f   Thumb Code     0  stm32f10x.o(.text)
    USB_HP_CAN_TX_IRQHandler                 0x0800049f   Thumb Code     0  stm32f10x.o(.text)
    USB_LP_CAN_RX0_IRQHandler                0x0800049f   Thumb Code     0  stm32f10x.o(.text)
    WWDG_IRQHandler                          0x0800049f   Thumb Code     0  stm32f10x.o(.text)
    __user_initial_stackheap                 0x080004a1   Thumb Code     0  stm32f10x.o(.text)
    RadTemp                                  0x080004c1   Thumb Code     4  main.o(.text)
    USART1_IRQHandler                        0x080004c5   Thumb Code    80  main.o(.text)
    USART3_IRQHandler                        0x08000515   Thumb Code   110  main.o(.text)
    DoLog                                    0x08000583   Thumb Code    84  main.o(.text)
    DisplayValues                            0x080005d7   Thumb Code   222  main.o(.text)
    OnStartButtonPresed                      0x080006b5   Thumb Code     2  main.o(.text)
    OnStopButtonPresed                       0x080006b7   Thumb Code     2  main.o(.text)
    OnUpButtonPresed                         0x080006b9   Thumb Code     2  main.o(.text)
    OnDownButtonPresed                       0x080006bb   Thumb Code     2  main.o(.text)
    OnPlusButtonPresed                       0x080006bd   Thumb Code     2  main.o(.text)
    OnMinusButtonPresed                      0x080006bf   Thumb Code     2  main.o(.text)
    CheckKeyPad                              0x080006c1   Thumb Code   148  main.o(.text)
    Ping                                     0x08000755   Thumb Code    10  main.o(.text)
    EraseMemory                              0x0800075f   Thumb Code    12  main.o(.text)
    GetInfo                                  0x0800076b   Thumb Code    12  main.o(.text)
    GetOnlineParameters                      0x08000777   Thumb Code    80  main.o(.text)
    GetDate                                  0x080007c7   Thumb Code   108  main.o(.text)
    SetDate                                  0x08000833   Thumb Code   414  main.o(.text)
    GetTime                                  0x080009d1   Thumb Code    50  main.o(.text)
    SetTime                                  0x08000a03   Thumb Code   264  main.o(.text)
    GetPeackTime                             0x08000b0b   Thumb Code    12  main.o(.text)
    SetPeakTime                              0x08000b17   Thumb Code    12  main.o(.text)
    GetConsumePattern                        0x08000b23   Thumb Code    12  main.o(.text)
    SetConsumePattern                        0x08000b2f   Thumb Code    12  main.o(.text)
    GetLedBarLevels                          0x08000b3b   Thumb Code    12  main.o(.text)
    SetLedBarLevels                          0x08000b47   Thumb Code    12  main.o(.text)
    ReadRecord                               0x08000b53   Thumb Code   116  main.o(.text)
    ReadMemory                               0x08000bc7   Thumb Code   108  main.o(.text)
    TIM1_UP_IRQHandler                       0x08000c33   Thumb Code   162  main.o(.text)
    main                                     0x08000cd5   Thumb Code    40  main.o(.text)
    BuzerInit                                0x08000e41   Thumb Code    44  systeminit.o(.text)
    RGBInit                                  0x08000e6d   Thumb Code    44  systeminit.o(.text)
    SetRGB                                   0x08000e99   Thumb Code    84  systeminit.o(.text)
    SetRGBColor                              0x08000eed   Thumb Code   102  systeminit.o(.text)
    Tim4Init                                 0x08000f53   Thumb Code   146  systeminit.o(.text)
    Tim3Init                                 0x08000fe5   Thumb Code   146  systeminit.o(.text)
    Tim2Init                                 0x08001077   Thumb Code   140  systeminit.o(.text)
    Beep                                     0x08001103   Thumb Code    56  systeminit.o(.text)
    GetUniqID                                0x08001155   Thumb Code   118  serial.o(.text)
    Encrypt                                  0x080011cb   Thumb Code    40  serial.o(.text)
    jtag_Disable                             0x080011f3   Thumb Code    36  serial.o(.text)
    ltoa                                     0x08001217   Thumb Code    78  serial.o(.text)
    sendchar                                 0x08001265   Thumb Code    24  serial.o(.text)
    getkey                                   0x0800127d   Thumb Code    24  serial.o(.text)
    sendchar2                                0x08001295   Thumb Code    46  serial.o(.text)
    getkey2                                  0x080012c3   Thumb Code    22  serial.o(.text)
    getkey3                                  0x080012d9   Thumb Code    24  serial.o(.text)
    send_static_string                       0x080012f1   Thumb Code    24  serial.o(.text)
    send_string                              0x08001309   Thumb Code    24  serial.o(.text)
    send_static_string2                      0x08001321   Thumb Code    24  serial.o(.text)
    sendbyte                                 0x08001339   Thumb Code    20  serial.o(.text)
    send_bytes                               0x0800134d   Thumb Code    32  serial.o(.text)
    send_string2                             0x0800136d   Thumb Code    24  serial.o(.text)
    get_udir                                 0x08001385   Thumb Code   240  serial.o(.text)
    clear_array                              0x08001475   Thumb Code    26  serial.o(.text)
    delay_ms                                 0x080014d9   Thumb Code    38  delay.o(.text)
    delay_us                                 0x080014ff   Thumb Code    34  delay.o(.text)
    update_crc_ccitt                         0x0800157f   Thumb Code    42  lib_crc.o(.text)
    update_crc_sick                          0x080015a9   Thumb Code    46  lib_crc.o(.text)
    update_crc_16                            0x08001625   Thumb Code    42  lib_crc.o(.text)
    update_crc_kermit                        0x0800169d   Thumb Code    42  lib_crc.o(.text)
    update_crc_dnp                           0x08001715   Thumb Code    42  lib_crc.o(.text)
    update_crc_32                            0x08001781   Thumb Code    42  lib_crc.o(.text)
    TM_SPI_Send                              0x080017d9   Thumb Code    58  ssd1306.o(.text)
    TM_SPI_Send_Buff                         0x08001813   Thumb Code    28  ssd1306.o(.text)
    SSD1306_cmd                              0x0800182f   Thumb Code    20  ssd1306.o(.text)
    SSD1306_cmd_double                       0x08001843   Thumb Code    28  ssd1306.o(.text)
    SSD1306_InitGPIO                         0x0800185f   Thumb Code   192  ssd1306.o(.text)
    SSD1306_Init                             0x0800191f   Thumb Code   146  ssd1306.o(.text)
    SSD1306_Contrast                         0x080019b1   Thumb Code    32  ssd1306.o(.text)
    SSD1306_SetAllPixelsOn                   0x080019d1   Thumb Code    36  ssd1306.o(.text)
    SSD1306_SetInvert                        0x080019f5   Thumb Code    36  ssd1306.o(.text)
    SSD1306_SetDisplayState                  0x08001a19   Thumb Code    36  ssd1306.o(.text)
    SSD1306_SetXDir                          0x08001a3d   Thumb Code    36  ssd1306.o(.text)
    SSD1306_SetYDir                          0x08001a61   Thumb Code    36  ssd1306.o(.text)
    SSD1306_Orientation                      0x08001a85   Thumb Code   154  ssd1306.o(.text)
    SSD1306_Flush                            0x08001b1f   Thumb Code    56  ssd1306.o(.text)
    SSD1306_Fill                             0x08001b57   Thumb Code    22  ssd1306.o(.text)
    SSD1306_ScrollHSetup                     0x08001b6d   Thumb Code    78  ssd1306.o(.text)
    SSD1306_ScrollDSetup                     0x08001bbb   Thumb Code   116  ssd1306.o(.text)
    SSD1306_ScrollStart                      0x08001c2f   Thumb Code    28  ssd1306.o(.text)
    SSD1306_ScrollStop                       0x08001c4b   Thumb Code    28  ssd1306.o(.text)
    LCD_Pixel                                0x08001c67   Thumb Code   140  ssd1306.o(.text)
    LCD_HLine                                0x08001e85   Thumb Code    80  ssd1306.o(.text)
    LCD_VLine                                0x08001ed5   Thumb Code    80  ssd1306.o(.text)
    LCD_FillRect                             0x08001f25   Thumb Code   146  ssd1306.o(.text)
    LCD_Line                                 0x08001fb7   Thumb Code   294  ssd1306.o(.text)
    LCD_Circle                               0x080020dd   Thumb Code   410  ssd1306.o(.text)
    LCD_Ellipse                              0x08002277   Thumb Code   390  ssd1306.o(.text)
    LCD_PutChar                              0x080023fd   Thumb Code   420  ssd1306.o(.text)
    LCD_PutStr                               0x080025a1   Thumb Code    82  ssd1306.o(.text)
    LCD_PutStrLF                             0x080025f3   Thumb Code   126  ssd1306.o(.text)
    LCD_Rect                                 0x08002671   Thumb Code    64  ssd1306.o(.text)
    LCD_PutInt                               0x080026b1   Thumb Code   132  ssd1306.o(.text)
    LCD_PutIntU                              0x08002735   Thumb Code   104  ssd1306.o(.text)
    LCD_PutIntF                              0x0800279d   Thumb Code   244  ssd1306.o(.text)
    LCD_PutIntLZ                             0x08002891   Thumb Code   168  ssd1306.o(.text)
    LCD_PutHex                               0x08002939   Thumb Code   108  ssd1306.o(.text)
    LCD_DrawBitmap                           0x080029a5   Thumb Code   122  ssd1306.o(.text)
    DS3231_ReadDateRAW                       0x08002a25   Thumb Code   402  ds3231.o(.text)
    DS3231_WriteDateRAW                      0x08002bb7   Thumb Code   250  ds3231.o(.text)
    DS3231_ReadDate                          0x08002cb1   Thumb Code   182  ds3231.o(.text)
    DecToBcd                                 0x08002d67   Thumb Code    26  ds3231.o(.text)
    DS3231_WriteDate                         0x08002d81   Thumb Code    84  ds3231.o(.text)
    DS3231_DateToTimeStr                     0x08002dd5   Thumb Code   118  ds3231.o(.text)
    DS3231_DateToDateStr                     0x08002e4b   Thumb Code   118  ds3231.o(.text)
    DS3231_ReadTemp                          0x08002ec1   Thumb Code   362  ds3231.o(.text)
    i2c_init                                 0x0800302b   Thumb Code   112  ds3231.o(.text)
    DS3231Init                               0x0800309b   Thumb Code   558  ds3231.o(.text)
    I2C_Configuration                        0x080032c9   Thumb Code   124  ds3231.o(.text)
    I2C_EE_ByteWrite                         0x08003345   Thumb Code   266  ds3231.o(.text)
    I2C_EE_BufferRead                        0x0800344f   Thumb Code   382  ds3231.o(.text)
    I2C_EE_ByteRead                          0x080035cd   Thumb Code    26  ds3231.o(.text)
    start_with                               0x080035fd   Thumb Code    62  commandline.o(.text)
    CommandlineHandle                        0x0800363b   Thumb Code   142  commandline.o(.text)
    CompareRecordDate                        0x080036dd   Thumb Code   178  log.o(.text)
    ReadEnergyRecord                         0x0800378f   Thumb Code    96  log.o(.text)
    LogInit                                  0x080037ef   Thumb Code   200  log.o(.text)
    WriteEnergyRecord                        0x080038b7   Thumb Code   140  log.o(.text)
    AppendEnergyRecord                       0x08003943   Thumb Code    54  log.o(.text)
    __2sprintf                               0x080039d5   Thumb Code    34  noretval__2sprintf.o(.text)
    _printf_pre_padding                      0x080039fd   Thumb Code    46  _printf_pad.o(.text)
    _printf_post_padding                     0x08003a2b   Thumb Code    36  _printf_pad.o(.text)
    _printf_int_dec                          0x08003a51   Thumb Code   102  _printf_dec.o(.text)
    _printf_int_hex                          0x08003ac9   Thumb Code    88  _printf_hex_int.o(.text)
    _printf_longlong_hex                     0x08003ac9   Thumb Code     0  _printf_hex_int.o(.text)
    __printf                                 0x08003b25   Thumb Code   310  __printf_flags_wp.o(.text)
    __0sscanf                                0x08003c61   Thumb Code    52  __0sscanf.o(.text)
    _scanf_int                               0x08003c9d   Thumb Code   336  _scanf_int.o(.text)
    _scanf_string                            0x08003ded   Thumb Code   218  _scanf_str.o(.text)
    strstr                                   0x08003ec7   Thumb Code    36  strstr.o(.text)
    strcpy                                   0x08003eeb   Thumb Code    72  strcpy.o(.text)
    strlen                                   0x08003f33   Thumb Code    62  strlen.o(.text)
    strcat                                   0x08003f71   Thumb Code    24  strcat.o(.text)
    strcmp                                   0x08003f89   Thumb Code   128  strcmpv7m.o(.text)
    __use_two_region_memory                  0x08004009   Thumb Code     2  heapauxi.o(.text)
    __rt_heap_escrow$2region                 0x0800400b   Thumb Code     2  heapauxi.o(.text)
    __rt_heap_expand$2region                 0x0800400d   Thumb Code     2  heapauxi.o(.text)
    _printf_int_common                       0x0800400f   Thumb Code   184  _printf_intcommon.o(.text)
    __lib_sel_fp_printf                      0x080040c7   Thumb Code     2  _printf_fp_dec.o(.text)
    _printf_fp_dec_real                      0x08004273   Thumb Code   626  _printf_fp_dec.o(.text)
    _printf_char_common                      0x080044ef   Thumb Code    32  _printf_char_common.o(.text)
    _sputc                                   0x08004515   Thumb Code    10  _sputc.o(.text)
    _chval                                   0x0800451f   Thumb Code    28  _chval.o(.text)
    _scanf_really_real                       0x08004733   Thumb Code   676  scanf_fp.o(.text)
    __vfscanf_char                           0x080049f1   Thumb Code    26  scanf_char.o(.text)
    _sgetc                                   0x08004a15   Thumb Code    30  _sgetc.o(.text)
    _sbackspace                              0x08004a33   Thumb Code    34  _sgetc.o(.text)
    __rt_locale                              0x08004a55   Thumb Code     8  rt_locale_intlibspace.o(.text)
    __aeabi_errno_addr                       0x08004a5d   Thumb Code     8  rt_errno_addr_intlibspace.o(.text)
    __errno$intlibspace                      0x08004a5d   Thumb Code     0  rt_errno_addr_intlibspace.o(.text)
    __rt_errno_addr$intlibspace              0x08004a5d   Thumb Code     0  rt_errno_addr_intlibspace.o(.text)
    _ll_udiv10                               0x08004a65   Thumb Code   138  lludiv10.o(.text)
    isspace                                  0x08004aef   Thumb Code    18  isspace.o(.text)
    _printf_fp_infnan                        0x08004b01   Thumb Code   112  _printf_fp_infnan.o(.text)
    __vfscanf                                0x08004b81   Thumb Code   882  _scanf.o(.text)
    _btod_etento                             0x08004ef9   Thumb Code   222  bigflt0.o(.text)
    __user_libspace                          0x08004fdd   Thumb Code     8  libspace.o(.text)
    __user_perproc_libspace                  0x08004fdd   Thumb Code     0  libspace.o(.text)
    __user_perthread_libspace                0x08004fdd   Thumb Code     0  libspace.o(.text)
    __user_setup_stackheap                   0x08004fe5   Thumb Code    74  sys_stackheap_outer.o(.text)
    __rt_ctype_table                         0x08005031   Thumb Code    16  rt_ctype_table.o(.text)
    __read_errno                             0x08005041   Thumb Code    10  _rserrno.o(.text)
    __set_errno                              0x0800504b   Thumb Code    12  _rserrno.o(.text)
    _scanf_really_hex_real                   0x08005059   Thumb Code   782  scanf_hexfp.o(.text)
    _scanf_really_infnan                     0x08005375   Thumb Code   298  scanf_infnan.o(.text)
    exit                                     0x080054b1   Thumb Code    12  exit.o(.text)
    __aeabi_llsl                             0x080054bd   Thumb Code     0  llshl.o(.text)
    _ll_shift_l                              0x080054bd   Thumb Code    38  llshl.o(.text)
    __rt_fp_status_addr                      0x080054e5   Thumb Code     8  rt_fp_status_addr_intlibspace.o(.text)
    _sys_exit                                0x080054ed   Thumb Code     8  sys_exit.o(.text)
    __I$use$semihosting                      0x080054f9   Thumb Code     0  use_no_semi.o(.text)
    __use_no_semihosting_swi                 0x080054f9   Thumb Code     2  use_no_semi.o(.text)
    __semihosting_library_function           0x080054fb   Thumb Code     0  indicate_semi.o(.text)
    _btod_d2e                                0x080054fb   Thumb Code    62  btod.o(CL$$btod_d2e)
    _d2e_denorm_low                          0x08005539   Thumb Code    70  btod.o(CL$$btod_d2e_denorm_low)
    _d2e_norm_op1                            0x0800557f   Thumb Code    96  btod.o(CL$$btod_d2e_norm_op1)
    __btod_div_common                        0x080055df   Thumb Code   696  btod.o(CL$$btod_div_common)
    _e2d                                     0x08005919   Thumb Code    80  btod.o(CL$$btod_e2d)
    _e2e                                     0x0800596d   Thumb Code   198  btod.o(CL$$btod_e2e)
    _btod_ediv                               0x08005a33   Thumb Code    40  btod.o(CL$$btod_ediv)
    _btod_edivd                              0x08005a5b   Thumb Code    40  btod.o(CL$$btod_edivd)
    _btod_emul                               0x08005a83   Thumb Code    40  btod.o(CL$$btod_emul)
    _btod_emuld                              0x08005aab   Thumb Code    40  btod.o(CL$$btod_emuld)
    __btod_mult_common                       0x08005ad3   Thumb Code   580  btod.o(CL$$btod_mult_common)
    GPIO_Init                                0x08005d19   Thumb Code   160  stm32f10x_gpio.o(i.GPIO_Init)
    I2C_AcknowledgeConfig                    0x08005db9   Thumb Code    20  stm32f10x_i2c.o(i.I2C_AcknowledgeConfig)
    I2C_CheckEvent                           0x08005dcd   Thumb Code    24  stm32f10x_i2c.o(i.I2C_CheckEvent)
    I2C_Cmd                                  0x08005de5   Thumb Code    20  stm32f10x_i2c.o(i.I2C_Cmd)
    I2C_DeInit                               0x08005df9   Thumb Code    44  stm32f10x_i2c.o(i.I2C_DeInit)
    I2C_GenerateSTART                        0x08005e29   Thumb Code    20  stm32f10x_i2c.o(i.I2C_GenerateSTART)
    I2C_GenerateSTOP                         0x08005e3d   Thumb Code    20  stm32f10x_i2c.o(i.I2C_GenerateSTOP)
    I2C_GetFlagStatus                        0x08005e51   Thumb Code    24  stm32f10x_i2c.o(i.I2C_GetFlagStatus)
    I2C_Init                                 0x08005e69   Thumb Code   172  stm32f10x_i2c.o(i.I2C_Init)
    I2C_ReceiveData                          0x08005f1d   Thumb Code     6  stm32f10x_i2c.o(i.I2C_ReceiveData)
    I2C_Send7bitAddress                      0x08005f23   Thumb Code    16  stm32f10x_i2c.o(i.I2C_Send7bitAddress)
    I2C_SendData                             0x08005f33   Thumb Code     4  stm32f10x_i2c.o(i.I2C_SendData)
    NVIC_Init                                0x08005f37   Thumb Code   116  stm32f10x_nvic.o(i.NVIC_Init)
    RCC_APB1PeriphClockCmd                   0x08005fad   Thumb Code    18  stm32f10x_rcc.o(i.RCC_APB1PeriphClockCmd)
    RCC_APB1PeriphResetCmd                   0x08005fc5   Thumb Code    18  stm32f10x_rcc.o(i.RCC_APB1PeriphResetCmd)
    RCC_APB2PeriphClockCmd                   0x08005fdd   Thumb Code    18  stm32f10x_rcc.o(i.RCC_APB2PeriphClockCmd)
    RCC_GetClocksFreq                        0x08005ff5   Thumb Code   132  stm32f10x_rcc.o(i.RCC_GetClocksFreq)
    TIM_ARRPreloadConfig                     0x080060dd   Thumb Code    22  stm32f10x_tim.o(i.TIM_ARRPreloadConfig)
    TIM_Cmd                                  0x080060f3   Thumb Code    22  stm32f10x_tim.o(i.TIM_Cmd)
    TIM_ITConfig                             0x08006109   Thumb Code    16  stm32f10x_tim.o(i.TIM_ITConfig)
    TIM_OC1Init                              0x08006119   Thumb Code    88  stm32f10x_tim.o(i.TIM_OC1Init)
    TIM_OC1PreloadConfig                     0x08006179   Thumb Code    12  stm32f10x_tim.o(i.TIM_OC1PreloadConfig)
    TIM_OC2Init                              0x08006185   Thumb Code   116  stm32f10x_tim.o(i.TIM_OC2Init)
    TIM_OC2PreloadConfig                     0x08006201   Thumb Code    14  stm32f10x_tim.o(i.TIM_OC2PreloadConfig)
    TIM_OC3Init                              0x08006211   Thumb Code   112  stm32f10x_tim.o(i.TIM_OC3Init)
    TIM_OC3PreloadConfig                     0x08006289   Thumb Code    12  stm32f10x_tim.o(i.TIM_OC3PreloadConfig)
    TIM_PWMIConfig                           0x08006295   Thumb Code   108  stm32f10x_tim.o(i.TIM_PWMIConfig)
    TIM_SelectInputTrigger                   0x08006301   Thumb Code    12  stm32f10x_tim.o(i.TIM_SelectInputTrigger)
    TIM_SelectMasterSlaveMode                0x0800630d   Thumb Code    16  stm32f10x_tim.o(i.TIM_SelectMasterSlaveMode)
    TIM_SelectSlaveMode                      0x0800631d   Thumb Code    16  stm32f10x_tim.o(i.TIM_SelectSlaveMode)
    TIM_SetIC1Prescaler                      0x0800632d   Thumb Code    16  stm32f10x_tim.o(i.TIM_SetIC1Prescaler)
    TIM_SetIC2Prescaler                      0x0800633d   Thumb Code    18  stm32f10x_tim.o(i.TIM_SetIC2Prescaler)
    TIM_TimeBaseInit                         0x08006351   Thumb Code    52  stm32f10x_tim.o(i.TIM_TimeBaseInit)
    __ARM_fpclassify                         0x0800638d   Thumb Code    40  fpclassify.o(i.__ARM_fpclassify)
    __mathlib_dbl_underflow                  0x080063b5   Thumb Code    10  dunder.o(i.__mathlib_dbl_underflow)
    __mathlib_narrow                         0x080063c5   Thumb Code    16  narrow.o(i.__mathlib_narrow)
    __mathlib_tofloat                        0x080063d5   Thumb Code   132  narrow.o(i.__mathlib_tofloat)
    __support_ldexp                          0x0800645d   Thumb Code    22  ldexp.o(i.__support_ldexp)
    _is_digit                                0x08006473   Thumb Code    14  __printf_wp.o(i._is_digit)
    frexp                                    0x08006481   Thumb Code    80  frexp.o(i.frexp)
    ldexp                                    0x080064d9   Thumb Code   126  ldexp.o(i.ldexp)
    _get_lc_numeric                          0x08006559   Thumb Code    44  lc_numeric_c.o(locale$$code)
    _get_lc_ctype                            0x08006585   Thumb Code    44  lc_ctype_c.o(locale$$code)
    __aeabi_d2f                              0x080065b1   Thumb Code     0  d2f.o(x$fpl$d2f)
    _d2f                                     0x080065b1   Thumb Code    98  d2f.o(x$fpl$d2f)
    __fpl_dcheck_NaN1                        0x08006615   Thumb Code    10  dcheck1.o(x$fpl$dcheck1)
    __fpl_dcmp_Inf                           0x08006625   Thumb Code    24  dcmpi.o(x$fpl$dcmpinf)
    __aeabi_cdcmpeq                          0x0800663d   Thumb Code     0  deqf.o(x$fpl$deqf)
    _dcmpeq                                  0x0800663d   Thumb Code   120  deqf.o(x$fpl$deqf)
    __aeabi_cdcmple                          0x080066b5   Thumb Code     0  dleqf.o(x$fpl$dleqf)
    _dcmple                                  0x080066b5   Thumb Code   120  dleqf.o(x$fpl$dleqf)
    __fpl_dcmple_InfNaN                      0x08006717   Thumb Code     0  dleqf.o(x$fpl$dleqf)
    __aeabi_dmul                             0x0800672d   Thumb Code     0  dmul.o(x$fpl$dmul)
    _dmul                                    0x0800672d   Thumb Code   332  dmul.o(x$fpl$dmul)
    __fpl_dnaninf                            0x08006881   Thumb Code   156  dnaninf.o(x$fpl$dnaninf)
    __fpl_dretinf                            0x0800691d   Thumb Code    12  dretinf.o(x$fpl$dretinf)
    __aeabi_cdrcmple                         0x08006929   Thumb Code     0  drleqf.o(x$fpl$drleqf)
    _drcmple                                 0x08006929   Thumb Code   108  drleqf.o(x$fpl$drleqf)
    __aeabi_f2d                              0x08006995   Thumb Code     0  f2d.o(x$fpl$f2d)
    _f2d                                     0x08006995   Thumb Code    86  f2d.o(x$fpl$f2d)
    __aeabi_fadd                             0x080069ed   Thumb Code     0  faddsub_clz.o(x$fpl$fadd)
    _fadd                                    0x080069ed   Thumb Code   196  faddsub_clz.o(x$fpl$fadd)
    __aeabi_fmul                             0x08006ab1   Thumb Code     0  fmul.o(x$fpl$fmul)
    _fmul                                    0x08006ab1   Thumb Code   258  fmul.o(x$fpl$fmul)
    __fpl_fnaninf                            0x08006bb3   Thumb Code   140  fnaninf.o(x$fpl$fnaninf)
    _fp_init                                 0x08006c3f   Thumb Code    14  fpinit.o(x$fpl$fpinit)
    __fplib_config_pureend_doubles           0x08006c4b   Thumb Code     0  fpinit.o(x$fpl$fpinit)
    __fpl_fretinf                            0x08006c4d   Thumb Code    10  fretinf.o(x$fpl$fretinf)
    __aeabi_fsub                             0x08006c59   Thumb Code     0  faddsub_clz.o(x$fpl$fsub)
    _fsub                                    0x08006c59   Thumb Code   234  faddsub_clz.o(x$fpl$fsub)
    _printf_fp_dec                           0x08006d43   Thumb Code     4  printf1.o(x$fpl$printf1)
    __fpl_return_NaN                         0x08006d47   Thumb Code   100  retnan.o(x$fpl$retnan)
    __ARM_scalbn                             0x08006dab   Thumb Code    92  scalbn.o(x$fpl$scalbn)
    _scanf_real                              0x08006e07   Thumb Code     4  scanf1.o(x$fpl$scanf1)
    _scanf_hex_real                          0x08006e0b   Thumb Code     4  scanf2.o(x$fpl$scanf2)
    _scanf_infnan                            0x08006e0f   Thumb Code     4  scanf2.o(x$fpl$scanf2)
    __fpl_cmpreturn                          0x08006e13   Thumb Code    48  trapv.o(x$fpl$trapveneer)
    __I$use$fp                               0x08006e43   Thumb Code     0  usenofp.o(x$fpl$usenofp)
    fdata                                    0x08006e48   Data         950  main.o(.constdata)
    Region$$Table$$Base                      0x08007570   Number         0  anon$$obj.o(Region$$Table)
    Region$$Table$$Limit                     0x08007590   Number         0  anon$$obj.o(Region$$Table)
    __aeabi_HUGE_VAL                         0x08007590   Data           0  fpconst.o(c$$dinf)
    __aeabi_HUGE_VALL                        0x08007590   Data           0  fpconst.o(c$$dinf)
    __aeabi_INFINITY                         0x08007590   Data           0  fpconst.o(c$$dinf)
    __dInf                                   0x08007590   Data           0  fpconst.o(c$$dinf)
    __huge_val                               0x08007590   Data           0  fpconst.o(c$$dinf)
    __ctype                                  0x080075c1   Data           0  lc_ctype_c.o(locale$$data)
    Usart1BuffIndex                          0x20000000   Data           4  main.o(.data)
    Usart3BuffIndex                          0x20000004   Data           4  main.o(.data)
    InputCurrent                             0x20000008   Data           4  main.o(.data)
    InputVoltage                             0x2000000c   Data           4  main.o(.data)
    DeviceInitialized                        0x20000010   Data           1  main.o(.data)
    TotalEnergy                              0x20000014   Data           4  main.o(.data)
    Voltage                                  0x20000018   Data           4  main.o(.data)
    Current                                  0x2000001c   Data           4  main.o(.data)
    CurrentTemperature                       0x20000020   Data           4  main.o(.data)
    i                                        0x20000034   Data           4  main.o(.data)
    scr_width                                0x20000054   Data           2  ssd1306.o(.data)
    scr_height                               0x20000056   Data           2  ssd1306.o(.data)
    LCD_PixelMode                            0x20000058   Data           1  ssd1306.o(.data)
    p                                        0x2000005c   Data           4  commandline.o(.data)
    Usart1Buff                               0x20000064   Data          40  main.o(.bss)
    Usart3Buff                               0x2000008c   Data          20  main.o(.bss)
    temp_main                                0x200000a0   Data          70  main.o(.bss)
    CurrentDate                              0x200000e6   Data          10  main.o(.bss)
    Rx1_Buffer                               0x200000f0   Data          10  main.o(.bss)
    __libspace_start                         0x200010fc   Data          96  libspace.o(.bss)
    __temporary_stack_top$libspace           0x2000115c   Data           0  libspace.o(.bss)



==============================================================================

Memory Map of the image

  Image Entry point : 0x080000ed

  Load Region LR_IROM1 (Base: 0x08000000, Size: 0x00007728, Max: 0x00010000, ABSOLUTE)

    Execution Region ER_IROM1 (Base: 0x08000000, Size: 0x000076c4, Max: 0x00010000, ABSOLUTE)

    Base Addr    Size         Type   Attr      Idx    E Section Name        Object

    0x08000000   0x000000ec   Data   RO          104    RESET               stm32f10x.o
    0x080000ec   0x00000008   Code   RO         2094  * !!!main             c_w.l(__main.o)
    0x080000f4   0x00000034   Code   RO         2410    !!!scatter          c_w.l(__scatter.o)
    0x08000128   0x0000001a   Code   RO         2412    !!handler_copy      c_w.l(__scatter_copy.o)
    0x08000142   0x00000002   PAD
    0x08000144   0x0000001c   Code   RO         2414    !!handler_zi        c_w.l(__scatter_zi.o)
    0x08000160   0x00000000   Code   RO         2075    .ARM.Collect$$_printf_percent$$00000000  c_w.l(_printf_percent.o)
    0x08000160   0x00000006   Code   RO         2074    .ARM.Collect$$_printf_percent$$00000003  c_w.l(_printf_f.o)
    0x08000166   0x00000006   Code   RO         2073    .ARM.Collect$$_printf_percent$$00000009  c_w.l(_printf_d.o)
    0x0800016c   0x00000006   Code   RO         2072    .ARM.Collect$$_printf_percent$$0000000C  c_w.l(_printf_x.o)
    0x08000172   0x00000004   Code   RO         2123    .ARM.Collect$$_printf_percent$$00000017  c_w.l(_printf_percent_end.o)
    0x08000176   0x00000006   Code   RO         2245    .ARM.Collect$$libinit$$00000000  c_w.l(libinit.o)
    0x0800017c   0x00000000   Code   RO         2248    .ARM.Collect$$libinit$$00000006  c_w.l(libinit2.o)
    0x0800017c   0x00000000   Code   RO         2250    .ARM.Collect$$libinit$$00000008  c_w.l(libinit2.o)
    0x0800017c   0x00000000   Code   RO         2252    .ARM.Collect$$libinit$$0000000A  c_w.l(libinit2.o)
    0x0800017c   0x00000006   Code   RO         2253    .ARM.Collect$$libinit$$0000000B  c_w.l(libinit2.o)
    0x08000182   0x00000000   Code   RO         2255    .ARM.Collect$$libinit$$0000000D  c_w.l(libinit2.o)
    0x08000182   0x0000000c   Code   RO         2256    .ARM.Collect$$libinit$$0000000E  c_w.l(libinit2.o)
    0x0800018e   0x00000000   Code   RO         2257    .ARM.Collect$$libinit$$0000000F  c_w.l(libinit2.o)
    0x0800018e   0x00000000   Code   RO         2259    .ARM.Collect$$libinit$$00000011  c_w.l(libinit2.o)
    0x0800018e   0x0000000a   Code   RO         2260    .ARM.Collect$$libinit$$00000012  c_w.l(libinit2.o)
    0x08000198   0x00000000   Code   RO         2261    .ARM.Collect$$libinit$$00000013  c_w.l(libinit2.o)
    0x08000198   0x00000000   Code   RO         2263    .ARM.Collect$$libinit$$00000015  c_w.l(libinit2.o)
    0x08000198   0x00000000   Code   RO         2265    .ARM.Collect$$libinit$$00000017  c_w.l(libinit2.o)
    0x08000198   0x00000000   Code   RO         2267    .ARM.Collect$$libinit$$00000019  c_w.l(libinit2.o)
    0x08000198   0x00000000   Code   RO         2269    .ARM.Collect$$libinit$$0000001B  c_w.l(libinit2.o)
    0x08000198   0x00000000   Code   RO         2271    .ARM.Collect$$libinit$$0000001D  c_w.l(libinit2.o)
    0x08000198   0x00000000   Code   RO         2273    .ARM.Collect$$libinit$$0000001F  c_w.l(libinit2.o)
    0x08000198   0x00000000   Code   RO         2275    .ARM.Collect$$libinit$$00000021  c_w.l(libinit2.o)
    0x08000198   0x00000000   Code   RO         2279    .ARM.Collect$$libinit$$00000028  c_w.l(libinit2.o)
    0x08000198   0x00000000   Code   RO         2281    .ARM.Collect$$libinit$$0000002A  c_w.l(libinit2.o)
    0x08000198   0x00000000   Code   RO         2283    .ARM.Collect$$libinit$$0000002C  c_w.l(libinit2.o)
    0x08000198   0x00000000   Code   RO         2285    .ARM.Collect$$libinit$$0000002E  c_w.l(libinit2.o)
    0x08000198   0x00000002   Code   RO         2286    .ARM.Collect$$libinit$$0000002F  c_w.l(libinit2.o)
    0x0800019a   0x00000002   Code   RO         2355    .ARM.Collect$$libshutdown$$00000000  c_w.l(libshutdown.o)
    0x0800019c   0x00000000   Code   RO         2369    .ARM.Collect$$libshutdown$$00000003  c_w.l(libshutdown2.o)
    0x0800019c   0x00000000   Code   RO         2372    .ARM.Collect$$libshutdown$$00000006  c_w.l(libshutdown2.o)
    0x0800019c   0x00000000   Code   RO         2375    .ARM.Collect$$libshutdown$$00000009  c_w.l(libshutdown2.o)
    0x0800019c   0x00000000   Code   RO         2377    .ARM.Collect$$libshutdown$$0000000B  c_w.l(libshutdown2.o)
    0x0800019c   0x00000000   Code   RO         2380    .ARM.Collect$$libshutdown$$0000000E  c_w.l(libshutdown2.o)
    0x0800019c   0x00000002   Code   RO         2381    .ARM.Collect$$libshutdown$$0000000F  c_w.l(libshutdown2.o)
    0x0800019e   0x00000000   Code   RO         2114    .ARM.Collect$$rtentry$$00000000  c_w.l(rtentry.o)
    0x0800019e   0x00000000   Code   RO         2144    .ARM.Collect$$rtentry$$00000002  c_w.l(rtentry2.o)
    0x0800019e   0x00000006   Code   RO         2156    .ARM.Collect$$rtentry$$00000004  c_w.l(rtentry4.o)
    0x080001a4   0x00000000   Code   RO         2146    .ARM.Collect$$rtentry$$00000009  c_w.l(rtentry2.o)
    0x080001a4   0x00000004   Code   RO         2147    .ARM.Collect$$rtentry$$0000000A  c_w.l(rtentry2.o)
    0x080001a8   0x00000000   Code   RO         2149    .ARM.Collect$$rtentry$$0000000C  c_w.l(rtentry2.o)
    0x080001a8   0x00000008   Code   RO         2150    .ARM.Collect$$rtentry$$0000000D  c_w.l(rtentry2.o)
    0x080001b0   0x00000002   Code   RO         2297    .ARM.Collect$$rtexit$$00000000  c_w.l(rtexit.o)
    0x080001b2   0x00000000   Code   RO         2323    .ARM.Collect$$rtexit$$00000002  c_w.l(rtexit2.o)
    0x080001b2   0x00000004   Code   RO         2324    .ARM.Collect$$rtexit$$00000003  c_w.l(rtexit2.o)
    0x080001b6   0x00000006   Code   RO         2325    .ARM.Collect$$rtexit$$00000004  c_w.l(rtexit2.o)
    0x080001bc   0x000002cc   Code   RO            1    .text               stm32_init.o
    0x08000488   0x00000038   Code   RO          105    .text               stm32f10x.o
    0x080004c0   0x00000980   Code   RO          110    .text               main.o
    0x08000e40   0x00000314   Code   RO          181    .text               systeminit.o
    0x08001154   0x00000384   Code   RO          200    .text               serial.o
    0x080014d8   0x00000048   Code   RO          215    .text               delay.o
    0x08001520   0x000002b8   Code   RO          224    .text               lib_crc.o
    0x080017d8   0x0000124c   Code   RO          295    .text               ssd1306.o
    0x08002a24   0x00000bd8   Code   RO          315    .text               ds3231.o
    0x080035fc   0x000000e0   Code   RO          330    .text               commandline.o
    0x080036dc   0x000002f8   Code   RO          359    .text               log.o
    0x080039d4   0x00000028   Code   RO         2023    .text               c_w.l(noretval__2sprintf.o)
    0x080039fc   0x00000052   Code   RO         2027    .text               c_w.l(_printf_pad.o)
    0x08003a4e   0x00000002   PAD
    0x08003a50   0x00000078   Code   RO         2029    .text               c_w.l(_printf_dec.o)
    0x08003ac8   0x0000005c   Code   RO         2034    .text               c_w.l(_printf_hex_int.o)
    0x08003b24   0x0000013c   Code   RO         2064    .text               c_w.l(__printf_flags_wp.o)
    0x08003c60   0x0000003c   Code   RO         2076    .text               c_w.l(__0sscanf.o)
    0x08003c9c   0x00000150   Code   RO         2078    .text               c_w.l(_scanf_int.o)
    0x08003dec   0x000000da   Code   RO         2080    .text               c_w.l(_scanf_str.o)
    0x08003ec6   0x00000024   Code   RO         2082    .text               c_w.l(strstr.o)
    0x08003eea   0x00000048   Code   RO         2084    .text               c_w.l(strcpy.o)
    0x08003f32   0x0000003e   Code   RO         2086    .text               c_w.l(strlen.o)
    0x08003f70   0x00000018   Code   RO         2088    .text               c_w.l(strcat.o)
    0x08003f88   0x00000080   Code   RO         2090    .text               c_w.l(strcmpv7m.o)
    0x08004008   0x00000006   Code   RO         2092    .text               c_w.l(heapauxi.o)
    0x0800400e   0x000000b8   Code   RO         2115    .text               c_w.l(_printf_intcommon.o)
    0x080040c6   0x0000041e   Code   RO         2117    .text               c_w.l(_printf_fp_dec.o)
    0x080044e4   0x00000030   Code   RO         2119    .text               c_w.l(_printf_char_common.o)
    0x08004514   0x0000000a   Code   RO         2121    .text               c_w.l(_sputc.o)
    0x0800451e   0x0000001c   Code   RO         2124    .text               c_w.l(_chval.o)
    0x0800453a   0x00000002   PAD
    0x0800453c   0x000004a8   Code   RO         2126    .text               c_w.l(scanf_fp.o)
    0x080049e4   0x00000030   Code   RO         2128    .text               c_w.l(scanf_char.o)
    0x08004a14   0x00000040   Code   RO         2130    .text               c_w.l(_sgetc.o)
    0x08004a54   0x00000008   Code   RO         2161    .text               c_w.l(rt_locale_intlibspace.o)
    0x08004a5c   0x00000008   Code   RO         2166    .text               c_w.l(rt_errno_addr_intlibspace.o)
    0x08004a64   0x0000008a   Code   RO         2168    .text               c_w.l(lludiv10.o)
    0x08004aee   0x00000012   Code   RO         2170    .text               c_w.l(isspace.o)
    0x08004b00   0x00000080   Code   RO         2172    .text               c_w.l(_printf_fp_infnan.o)
    0x08004b80   0x00000378   Code   RO         2176    .text               c_w.l(_scanf.o)
    0x08004ef8   0x000000e4   Code   RO         2178    .text               c_w.l(bigflt0.o)
    0x08004fdc   0x00000008   Code   RO         2225    .text               c_w.l(libspace.o)
    0x08004fe4   0x0000004a   Code   RO         2228    .text               c_w.l(sys_stackheap_outer.o)
    0x0800502e   0x00000002   PAD
    0x08005030   0x00000010   Code   RO         2230    .text               c_w.l(rt_ctype_table.o)
    0x08005040   0x00000016   Code   RO         2232    .text               c_w.l(_rserrno.o)
    0x08005056   0x00000002   PAD
    0x08005058   0x0000031c   Code   RO         2234    .text               c_w.l(scanf_hexfp.o)
    0x08005374   0x0000013c   Code   RO         2236    .text               c_w.l(scanf_infnan.o)
    0x080054b0   0x0000000c   Code   RO         2238    .text               c_w.l(exit.o)
    0x080054bc   0x00000026   Code   RO         2299    .text               c_w.l(llshl.o)
    0x080054e2   0x00000002   PAD
    0x080054e4   0x00000008   Code   RO         2332    .text               c_w.l(rt_fp_status_addr_intlibspace.o)
    0x080054ec   0x0000000c   Code   RO         2345    .text               c_w.l(sys_exit.o)
    0x080054f8   0x00000002   Code   RO         2358    .text               c_w.l(use_no_semi.o)
    0x080054fa   0x00000000   Code   RO         2360    .text               c_w.l(indicate_semi.o)
    0x080054fa   0x0000003e   Code   RO         2181    CL$$btod_d2e        c_w.l(btod.o)
    0x08005538   0x00000046   Code   RO         2183    CL$$btod_d2e_denorm_low  c_w.l(btod.o)
    0x0800557e   0x00000060   Code   RO         2182    CL$$btod_d2e_norm_op1  c_w.l(btod.o)
    0x080055de   0x00000338   Code   RO         2191    CL$$btod_div_common  c_w.l(btod.o)
    0x08005916   0x00000002   PAD
    0x08005918   0x00000054   Code   RO         2189    CL$$btod_e2d        c_w.l(btod.o)
    0x0800596c   0x000000c6   Code   RO         2188    CL$$btod_e2e        c_w.l(btod.o)
    0x08005a32   0x00000028   Code   RO         2185    CL$$btod_ediv       c_w.l(btod.o)
    0x08005a5a   0x00000028   Code   RO         2187    CL$$btod_edivd      c_w.l(btod.o)
    0x08005a82   0x00000028   Code   RO         2184    CL$$btod_emul       c_w.l(btod.o)
    0x08005aaa   0x00000028   Code   RO         2186    CL$$btod_emuld      c_w.l(btod.o)
    0x08005ad2   0x00000244   Code   RO         2190    CL$$btod_mult_common  c_w.l(btod.o)
    0x08005d16   0x00000002   PAD
    0x08005d18   0x000000a0   Code   RO          777    i.GPIO_Init         STM32F10xR.LIB(stm32f10x_gpio.o)
    0x08005db8   0x00000014   Code   RO          894    i.I2C_AcknowledgeConfig  STM32F10xR.LIB(stm32f10x_i2c.o)
    0x08005dcc   0x00000018   Code   RO          913    i.I2C_CheckEvent    STM32F10xR.LIB(stm32f10x_i2c.o)
    0x08005de4   0x00000014   Code   RO          889    i.I2C_Cmd           STM32F10xR.LIB(stm32f10x_i2c.o)
    0x08005df8   0x00000030   Code   RO          886    i.I2C_DeInit        STM32F10xR.LIB(stm32f10x_i2c.o)
    0x08005e28   0x00000014   Code   RO          892    i.I2C_GenerateSTART  STM32F10xR.LIB(stm32f10x_i2c.o)
    0x08005e3c   0x00000014   Code   RO          893    i.I2C_GenerateSTOP  STM32F10xR.LIB(stm32f10x_i2c.o)
    0x08005e50   0x00000018   Code   RO          914    i.I2C_GetFlagStatus  STM32F10xR.LIB(stm32f10x_i2c.o)
    0x08005e68   0x000000b4   Code   RO          887    i.I2C_Init          STM32F10xR.LIB(stm32f10x_i2c.o)
    0x08005f1c   0x00000006   Code   RO          900    i.I2C_ReceiveData   STM32F10xR.LIB(stm32f10x_i2c.o)
    0x08005f22   0x00000010   Code   RO          901    i.I2C_Send7bitAddress  STM32F10xR.LIB(stm32f10x_i2c.o)
    0x08005f32   0x00000004   Code   RO          899    i.I2C_SendData      STM32F10xR.LIB(stm32f10x_i2c.o)
    0x08005f36   0x00000074   Code   RO         1090    i.NVIC_Init         STM32F10xR.LIB(stm32f10x_nvic.o)
    0x08005faa   0x00000002   PAD
    0x08005fac   0x00000018   Code   RO         1299    i.RCC_APB1PeriphClockCmd  STM32F10xR.LIB(stm32f10x_rcc.o)
    0x08005fc4   0x00000018   Code   RO         1301    i.RCC_APB1PeriphResetCmd  STM32F10xR.LIB(stm32f10x_rcc.o)
    0x08005fdc   0x00000018   Code   RO         1298    i.RCC_APB2PeriphClockCmd  STM32F10xR.LIB(stm32f10x_rcc.o)
    0x08005ff4   0x00000094   Code   RO         1296    i.RCC_GetClocksFreq  STM32F10xR.LIB(stm32f10x_rcc.o)
    0x08006088   0x00000028   Code   RO         1565    i.TI1_Config        STM32F10xR.LIB(stm32f10x_tim.o)
    0x080060b0   0x0000002c   Code   RO         1486    i.TI2_Config        STM32F10xR.LIB(stm32f10x_tim.o)
    0x080060dc   0x00000016   Code   RO         1515    i.TIM_ARRPreloadConfig  STM32F10xR.LIB(stm32f10x_tim.o)
    0x080060f2   0x00000016   Code   RO         1495    i.TIM_Cmd           STM32F10xR.LIB(stm32f10x_tim.o)
    0x08006108   0x00000010   Code   RO         1497    i.TIM_ITConfig      STM32F10xR.LIB(stm32f10x_tim.o)
    0x08006118   0x00000060   Code   RO         1479    i.TIM_OC1Init       STM32F10xR.LIB(stm32f10x_tim.o)
    0x08006178   0x0000000c   Code   RO         1519    i.TIM_OC1PreloadConfig  STM32F10xR.LIB(stm32f10x_tim.o)
    0x08006184   0x0000007c   Code   RO         1480    i.TIM_OC2Init       STM32F10xR.LIB(stm32f10x_tim.o)
    0x08006200   0x0000000e   Code   RO         1520    i.TIM_OC2PreloadConfig  STM32F10xR.LIB(stm32f10x_tim.o)
    0x0800620e   0x00000002   PAD
    0x08006210   0x00000078   Code   RO         1481    i.TIM_OC3Init       STM32F10xR.LIB(stm32f10x_tim.o)
    0x08006288   0x0000000c   Code   RO         1521    i.TIM_OC3PreloadConfig  STM32F10xR.LIB(stm32f10x_tim.o)
    0x08006294   0x0000006c   Code   RO         1489    i.TIM_PWMIConfig    STM32F10xR.LIB(stm32f10x_tim.o)
    0x08006300   0x0000000c   Code   RO         1502    i.TIM_SelectInputTrigger  STM32F10xR.LIB(stm32f10x_tim.o)
    0x0800630c   0x00000010   Code   RO         1547    i.TIM_SelectMasterSlaveMode  STM32F10xR.LIB(stm32f10x_tim.o)
    0x0800631c   0x00000010   Code   RO         1546    i.TIM_SelectSlaveMode  STM32F10xR.LIB(stm32f10x_tim.o)
    0x0800632c   0x00000010   Code   RO         1487    i.TIM_SetIC1Prescaler  STM32F10xR.LIB(stm32f10x_tim.o)
    0x0800633c   0x00000012   Code   RO         1485    i.TIM_SetIC2Prescaler  STM32F10xR.LIB(stm32f10x_tim.o)
    0x0800634e   0x00000002   PAD
    0x08006350   0x0000003c   Code   RO         1478    i.TIM_TimeBaseInit  STM32F10xR.LIB(stm32f10x_tim.o)
    0x0800638c   0x00000028   Code   RO         2217    i.__ARM_fpclassify  m_ws.l(fpclassify.o)
    0x080063b4   0x00000010   Code   RO         2340    i.__mathlib_dbl_underflow  m_ws.l(dunder.o)
    0x080063c4   0x00000010   Code   RO         2219    i.__mathlib_narrow  m_ws.l(narrow.o)
    0x080063d4   0x00000088   Code   RO         2220    i.__mathlib_tofloat  m_ws.l(narrow.o)
    0x0800645c   0x00000016   Code   RO         2311    i.__support_ldexp   m_ws.l(ldexp.o)
    0x08006472   0x0000000e   Code   RO         2062    i._is_digit         c_w.l(__printf_wp.o)
    0x08006480   0x00000058   Code   RO         2294    i.frexp             m_ws.l(frexp.o)
    0x080064d8   0x0000007e   Code   RO         2312    i.ldexp             m_ws.l(ldexp.o)
    0x08006556   0x00000002   PAD
    0x08006558   0x0000002c   Code   RO         2204    locale$$code        c_w.l(lc_numeric_c.o)
    0x08006584   0x0000002c   Code   RO         2302    locale$$code        c_w.l(lc_ctype_c.o)
    0x080065b0   0x00000062   Code   RO         2287    x$fpl$d2f           fz_ws.l(d2f.o)
    0x08006612   0x00000002   PAD
    0x08006614   0x00000010   Code   RO         2338    x$fpl$dcheck1       fz_ws.l(dcheck1.o)
    0x08006624   0x00000018   Code   RO         2132    x$fpl$dcmpinf       fz_ws.l(dcmpi.o)
    0x0800663c   0x00000078   Code   RO         2289    x$fpl$deqf          fz_ws.l(deqf.o)
    0x080066b4   0x00000078   Code   RO         2096    x$fpl$dleqf         fz_ws.l(dleqf.o)
    0x0800672c   0x00000154   Code   RO         2098    x$fpl$dmul          fz_ws.l(dmul.o)
    0x08006880   0x0000009c   Code   RO         2134    x$fpl$dnaninf       fz_ws.l(dnaninf.o)
    0x0800691c   0x0000000c   Code   RO         2136    x$fpl$dretinf       fz_ws.l(dretinf.o)
    0x08006928   0x0000006c   Code   RO         2291    x$fpl$drleqf        fz_ws.l(drleqf.o)
    0x08006994   0x00000056   Code   RO         2100    x$fpl$f2d           fz_ws.l(f2d.o)
    0x080069ea   0x00000002   PAD
    0x080069ec   0x000000c4   Code   RO         2102    x$fpl$fadd          fz_ws.l(faddsub_clz.o)
    0x08006ab0   0x00000102   Code   RO         2108    x$fpl$fmul          fz_ws.l(fmul.o)
    0x08006bb2   0x0000008c   Code   RO         2138    x$fpl$fnaninf       fz_ws.l(fnaninf.o)
    0x08006c3e   0x0000000e   Code   RO         2306    x$fpl$fpinit        fz_ws.l(fpinit.o)
    0x08006c4c   0x0000000a   Code   RO         2140    x$fpl$fretinf       fz_ws.l(fretinf.o)
    0x08006c56   0x00000002   PAD
    0x08006c58   0x000000ea   Code   RO         2104    x$fpl$fsub          fz_ws.l(faddsub_clz.o)
    0x08006d42   0x00000004   Code   RO         2110    x$fpl$printf1       fz_ws.l(printf1.o)
    0x08006d46   0x00000064   Code   RO         2356    x$fpl$retnan        fz_ws.l(retnan.o)
    0x08006daa   0x0000005c   Code   RO         2308    x$fpl$scalbn        fz_ws.l(scalbn.o)
    0x08006e06   0x00000004   Code   RO         2112    x$fpl$scanf1        fz_ws.l(scanf1.o)
    0x08006e0a   0x00000008   Code   RO         2211    x$fpl$scanf2        fz_ws.l(scanf2.o)
    0x08006e12   0x00000030   Code   RO         2382    x$fpl$trapveneer    fz_ws.l(trapv.o)
    0x08006e42   0x00000000   Code   RO         2142    x$fpl$usenofp       fz_ws.l(usenofp.o)
    0x08006e42   0x000003f3   Data   RO          112    .constdata          main.o
    0x08007235   0x00000016   Data   RO          297    .constdata          ssd1306.o
    0x0800724b   0x00000001   PAD
    0x0800724c   0x00000240   Data   RO          331    .constdata          commandline.o
    0x0800748c   0x00000014   Data   RO         1309    .constdata          STM32F10xR.LIB(stm32f10x_rcc.o)
    0x080074a0   0x00000028   Data   RO         2035    .constdata          c_w.l(_printf_hex_int.o)
    0x080074c8   0x00000011   Data   RO         2065    .constdata          c_w.l(__printf_flags_wp.o)
    0x080074d9   0x00000003   PAD
    0x080074dc   0x00000094   Data   RO         2179    .constdata          c_w.l(bigflt0.o)
    0x08007570   0x00000020   Data   RO         2408    Region$$Table       anon$$obj.o
    0x08007590   0x00000008   Data   RO         2206    c$$dinf             fz_ws.l(fpconst.o)
    0x08007598   0x0000001c   Data   RO         2203    locale$$data        c_w.l(lc_numeric_c.o)
    0x080075b4   0x00000110   Data   RO         2301    locale$$data        c_w.l(lc_ctype_c.o)


    Execution Region RW_IRAM1 (Base: 0x20000000, Size: 0x00001560, Max: 0x00005000, ABSOLUTE)

    Base Addr    Size         Type   Attr      Idx    E Section Name        Object

    0x20000000   0x00000038   Data   RW          113    .data               main.o
    0x20000038   0x00000005   Data   RW          182    .data               systeminit.o
    0x2000003d   0x00000003   PAD
    0x20000040   0x00000014   Data   RW          226    .data               lib_crc.o
    0x20000054   0x00000006   Data   RW          298    .data               ssd1306.o
    0x2000005a   0x00000002   PAD
    0x2000005c   0x00000004   Data   RW          332    .data               commandline.o
    0x20000060   0x00000004   Data   RW          360    .data               log.o
    0x20000064   0x00000096   Zero   RW          111    .bss                main.o
    0x200000fa   0x00000002   PAD
    0x200000fc   0x00000c00   Zero   RW          225    .bss                lib_crc.o
    0x20000cfc   0x00000400   Zero   RW          296    .bss                ssd1306.o
    0x200010fc   0x00000060   Zero   RW         2226    .bss                c_w.l(libspace.o)
    0x2000115c   0x00000004   PAD
    0x20001160   0x00000200   Zero   RW          103    HEAP                stm32f10x.o
    0x20001360   0x00000200   Zero   RW          102    STACK               stm32f10x.o


==============================================================================

Image component sizes


      Code (inc. data)   RO Data    RW Data    ZI Data      Debug   Object Name

       224         20        576          4          0       1995   commandline.o
        72          0          0          0          0        664   delay.o
      3032         60          0          0          0       7458   ds3231.o
       696         46          0         20       3072       3876   lib_crc.o
       760         92          0          4          0       4318   log.o
      2432        624       1011         56        150      15337   main.o
       900         74          0          0          0       3957   serial.o
      4684         94         22          6       1024      18449   ssd1306.o
       716         92          0          0          0      52923   stm32_init.o
        56         22        236          0       1024        728   stm32f10x.o
       788         26          0          5          0       2239   systeminit.o

    ----------------------------------------------------------------------
     14360       1150       1878        100       5272     111944   Object Totals
         0          0         32          0          0          0   (incl. Generated)
         0          0          1          5          2          0   (incl. Padding)

    ----------------------------------------------------------------------

      Code (inc. data)   RO Data    RW Data    ZI Data      Debug   Library Member Name

         0          0          0          0          0      23768   stm32f10x_adc.o
       160          0          0          0          0       7948   stm32f10x_gpio.o
       382         12          0          0          0      14941   stm32f10x_i2c.o
       116          0          0          0          0       8676   stm32f10x_nvic.o
       220         34         20          0          0       4607   stm32f10x_rcc.o
       768         32          0          0          0      35504   stm32f10x_tim.o
        60          8          0          0          0         84   __0sscanf.o
         8          0          0          0          0         68   __main.o
       316          6         17          0          0         92   __printf_flags_wp.o
        14          0          0          0          0         68   __printf_wp.o
        52          8          0          0          0          0   __scatter.o
        26          0          0          0          0          0   __scatter_copy.o
        28          0          0          0          0          0   __scatter_zi.o
        28          0          0          0          0         68   _chval.o
        48          6          0          0          0         96   _printf_char_common.o
         6          0          0          0          0          0   _printf_d.o
       120         18          0          0          0         92   _printf_dec.o
         6          0          0          0          0          0   _printf_f.o
      1054          0          0          0          0        216   _printf_fp_dec.o
       128         16          0          0          0         84   _printf_fp_infnan.o
        92          4         40          0          0         88   _printf_hex_int.o
       184          0          0          0          0         88   _printf_intcommon.o
        82          0          0          0          0        108   _printf_pad.o
         0          0          0          0          0          0   _printf_percent.o
         4          0          0          0          0          0   _printf_percent_end.o
         6          0          0          0          0          0   _printf_x.o
        22          0          0          0          0        100   _rserrno.o
       888          6          0          0          0        100   _scanf.o
       336          0          0          0          0         96   _scanf_int.o
       218          0          0          0          0         96   _scanf_str.o
        64          0          0          0          0         84   _sgetc.o
        10          0          0          0          0         68   _sputc.o
       228          6        148          0          0         96   bigflt0.o
      2074        132          0          0          0        940   btod.o
        12          0          0          0          0         72   exit.o
         6          0          0          0          0        152   heapauxi.o
         0          0          0          0          0          0   indicate_semi.o
        18          0          0          0          0         76   isspace.o
        44         10        272          0          0         76   lc_ctype_c.o
        44         10         28          0          0         76   lc_numeric_c.o
         6          0          0          0          0          0   libinit.o
        30          0          0          0          0          0   libinit2.o
         2          0          0          0          0          0   libshutdown.o
         2          0          0          0          0          0   libshutdown2.o
         8          4          0          0         96         68   libspace.o
        38          0          0          0          0         68   llshl.o
       138          0          0          0          0         80   lludiv10.o
        40          6          0          0          0         84   noretval__2sprintf.o
        16          4          0          0          0         76   rt_ctype_table.o
         8          4          0          0          0         68   rt_errno_addr_intlibspace.o
         8          4          0          0          0         68   rt_fp_status_addr_intlibspace.o
         8          4          0          0          0         68   rt_locale_intlibspace.o
         0          0          0          0          0          0   rtentry.o
        12          0          0          0          0          0   rtentry2.o
         6          0          0          0          0          0   rtentry4.o
         2          0          0          0          0          0   rtexit.o
        10          0          0          0          0          0   rtexit2.o
        48         10          0          0          0         84   scanf_char.o
      1192         14          0          0          0        148   scanf_fp.o
       796         14          0          0          0        100   scanf_hexfp.o
       316         18          0          0          0        100   scanf_infnan.o
        24          0          0          0          0         68   strcat.o
       128          0          0          0          0         68   strcmpv7m.o
        72          0          0          0          0         80   strcpy.o
        62          0          0          0          0         76   strlen.o
        36          0          0          0          0         80   strstr.o
        12          4          0          0          0         68   sys_exit.o
        74          0          0          0          0         80   sys_stackheap_outer.o
         2          0          0          0          0         68   use_no_semi.o
        98          4          0          0          0         92   d2f.o
        16          4          0          0          0         68   dcheck1.o
        24          0          0          0          0         68   dcmpi.o
       120          4          0          0          0         92   deqf.o
       120          4          0          0          0         92   dleqf.o
       340         12          0          0          0        104   dmul.o
       156          4          0          0          0         92   dnaninf.o
        12          0          0          0          0         68   dretinf.o
       108          0          0          0          0         80   drleqf.o
        86          4          0          0          0         84   f2d.o
       430          8          0          0          0        168   faddsub_clz.o
       258          4          0          0          0         84   fmul.o
       140          4          0          0          0         84   fnaninf.o
         0          0          8          0          0          0   fpconst.o
        14          0          0          0          0         76   fpinit.o
        10          0          0          0          0         68   fretinf.o
         4          0          0          0          0         68   printf1.o
       100          0          0          0          0         68   retnan.o
        92          0          0          0          0         68   scalbn.o
         4          0          0          0          0         68   scanf1.o
         8          0          0          0          0         84   scanf2.o
        48          0          0          0          0         68   trapv.o
         0          0          0          0          0          0   usenofp.o
        16          6          0          0          0         68   dunder.o
        40          0          0          0          0         68   fpclassify.o
        88          8          0          0          0         76   frexp.o
       148          0          0          0          0        160   ldexp.o
       152          4          0          0          0        160   narrow.o

    ----------------------------------------------------------------------
     13630        466        536          0        100     102504   Library Totals
        30          2          3          0          4          0   (incl. Padding)

    ----------------------------------------------------------------------

      Code (inc. data)   RO Data    RW Data    ZI Data      Debug   Library Name

      1646         78         20          0          0      95444   STM32F10xR.LIB
      9322        316        505          0         96       4784   c_w.l
      2188         52          8          0          0       1744   fz_ws.l
       444         18          0          0          0        532   m_ws.l

    ----------------------------------------------------------------------
     13630        466        536          0        100     102504   Library Totals

    ----------------------------------------------------------------------

==============================================================================


      Code (inc. data)   RO Data    RW Data    ZI Data      Debug   

     27990       1616       2414        100       5372     207904   Grand Totals
     27990       1616       2414        100       5372     207904   ELF Image Totals
     27990       1616       2414        100          0          0   ROM Totals

==============================================================================

    Total RO  Size (Code + RO Data)                30404 (  29.69kB)
    Total RW  Size (RW Data + ZI Data)              5472 (   5.34kB)
    Total ROM Size (Code + RO Data + RW Data)      30504 (  29.79kB)

==============================================================================

