<html>
<body>
<pre>
<h1>µVision Build Log</h1>
<h2>Project:</h2>
D:\current Projects\in home dispaly\In-Home-Display\Dispaly board\template.uvproj
Project File Date:  01/13/2019

<h2>Output:</h2>
Build target 'Target 1'
compiling main.c...
main.c(116): warning:  #223-D: function "readadc" declared implicitly
main.c(188): warning:  #223-D: function "AppendEnergyRecord" declared implicitly
main.c(202): warning:  #177-D: variable "temp" was declared but never referenced
main.c(559): warning:  #223-D: function "adc_init" declared implicitly
main.c(664): warning:  #111-D: statement is unreachable
linking...
Program Size: Code=30754 RO-data=2366 RW-data=104 ZI-data=5368  
FromELF: creating hex file...
"template.axf" - 0 Error(s), 5 Warning(s).
Build target 'Target 1'
compiling main.c...
main.c(116): warning:  #223-D: function "readadc" declared implicitly
main.c(188): warning:  #223-D: function "AppendEnergyRecord" declared implicitly
main.c(202): warning:  #177-D: variable "temp" was declared but never referenced
main.c(559): warning:  #223-D: function "adc_init" declared implicitly
main.c(665): warning:  #111-D: statement is unreachable
linking...
Program Size: Code=30758 RO-data=2366 RW-data=104 ZI-data=5368  
FromELF: creating hex file...
"template.axf" - 0 Error(s), 5 Warning(s).
Build target 'Target 1'
compiling main.c...
main.c(116): warning:  #223-D: function "readadc" declared implicitly
main.c(188): warning:  #223-D: function "AppendEnergyRecord" declared implicitly
main.c(202): warning:  #177-D: variable "temp" was declared but never referenced
main.c(559): warning:  #223-D: function "adc_init" declared implicitly
main.c(573): error:  #29: expected an expression
main.c(575): error:  #165: too few arguments in function call
main.c(680): warning:  #111-D: statement is unreachable
Target not created
Build target 'Target 1'
compiling main.c...
main.c(116): warning:  #223-D: function "readadc" declared implicitly
main.c(188): warning:  #223-D: function "AppendEnergyRecord" declared implicitly
main.c(202): warning:  #177-D: variable "temp" was declared but never referenced
main.c(559): warning:  #223-D: function "adc_init" declared implicitly
main.c(575): error:  #165: too few arguments in function call
main.c(680): warning:  #111-D: statement is unreachable
Target not created
Build target 'Target 1'
compiling STM32_Init.c...
assembling STM32F10x.s...
compiling main.c...
main.c(116): warning:  #223-D: function "readadc" declared implicitly
main.c(188): warning:  #223-D: function "AppendEnergyRecord" declared implicitly
main.c(202): warning:  #177-D: variable "temp" was declared but never referenced
main.c(559): warning:  #223-D: function "adc_init" declared implicitly
main.c(575): error:  #165: too few arguments in function call
main.c(680): warning:  #111-D: statement is unreachable
compiling SystemInit.c...
systemInit\SystemInit.c(241): warning:  #223-D: function "delay_ms" declared implicitly
compiling serial.c...
compiling delay.c...
compiling lib_crc.c...
compiling adc.c...
compiling eeprom.c...
eeprom\eeprom.c(57): warning:  #68-D: integer conversion resulted in a change of sign
compiling memory.c...
eeprom\memory.c(66): warning:  #223-D: function "send_string" declared implicitly
compiling SSD1306.c...
compiling DS3231.c...
compiling commandline.c...
compiling Log.c...
log\Log.c(35): warning:  #177-D: variable "lastUpdateRecord" was declared but never referenced
log\Log.c(75): warning:  #177-D: variable "temp" was declared but never referenced
Target not created
Build target 'Target 1'
compiling STM32_Init.c...
assembling STM32F10x.s...
compiling main.c...
main.c(116): warning:  #223-D: function "readadc" declared implicitly
main.c(188): warning:  #223-D: function "AppendEnergyRecord" declared implicitly
main.c(202): warning:  #177-D: variable "temp" was declared but never referenced
main.c(559): warning:  #223-D: function "adc_init" declared implicitly
main.c(680): warning:  #111-D: statement is unreachable
compiling SystemInit.c...
systemInit\SystemInit.c(241): warning:  #223-D: function "delay_ms" declared implicitly
compiling serial.c...
compiling delay.c...
compiling lib_crc.c...
compiling adc.c...
compiling eeprom.c...
eeprom\eeprom.c(57): warning:  #68-D: integer conversion resulted in a change of sign
compiling memory.c...
eeprom\memory.c(66): warning:  #223-D: function "send_string" declared implicitly
compiling SSD1306.c...
compiling DS3231.c...
compiling commandline.c...
compiling Log.c...
log\Log.c(35): warning:  #177-D: variable "lastUpdateRecord" was declared but never referenced
log\Log.c(75): warning:  #177-D: variable "temp" was declared but never referenced
linking...
Program Size: Code=30810 RO-data=2366 RW-data=104 ZI-data=5368  
FromELF: creating hex file...
"template.axf" - 0 Error(s), 10 Warning(s).
Build target 'Target 1'
linking...
Program Size: Code=30810 RO-data=2366 RW-data=104 ZI-data=5368  
FromELF: creating hex file...
"template.axf" - 0 Error(s), 0 Warning(s).
Build target 'Target 1'
compiling main.c...
main.c(116): warning:  #223-D: function "readadc" declared implicitly
main.c(188): warning:  #223-D: function "AppendEnergyRecord" declared implicitly
main.c(202): warning:  #177-D: variable "temp" was declared but never referenced
main.c(559): warning:  #223-D: function "adc_init" declared implicitly
main.c(681): warning:  #111-D: statement is unreachable
linking...
Program Size: Code=30814 RO-data=2366 RW-data=104 ZI-data=5368  
FromELF: creating hex file...
"template.axf" - 0 Error(s), 5 Warning(s).
Build target 'Target 1'
compiling main.c...
main.c(116): warning:  #223-D: function "readadc" declared implicitly
main.c(188): warning:  #223-D: function "AppendEnergyRecord" declared implicitly
main.c(202): warning:  #177-D: variable "temp" was declared but never referenced
main.c(559): warning:  #223-D: function "adc_init" declared implicitly
main.c(685): warning:  #111-D: statement is unreachable
linking...
Program Size: Code=30818 RO-data=2366 RW-data=104 ZI-data=5368  
FromELF: creating hex file...
"template.axf" - 0 Error(s), 5 Warning(s).
Build target 'Target 1'
compiling STM32_Init.c...
assembling STM32F10x.s...
compiling main.c...
main.c(116): warning:  #223-D: function "readadc" declared implicitly
main.c(188): warning:  #223-D: function "AppendEnergyRecord" declared implicitly
main.c(202): warning:  #177-D: variable "temp" was declared but never referenced
main.c(559): warning:  #223-D: function "adc_init" declared implicitly
main.c(681): warning:  #111-D: statement is unreachable
compiling SystemInit.c...
systemInit\SystemInit.c(241): warning:  #223-D: function "delay_ms" declared implicitly
compiling serial.c...
compiling delay.c...
compiling lib_crc.c...
compiling adc.c...
compiling eeprom.c...
eeprom\eeprom.c(57): warning:  #68-D: integer conversion resulted in a change of sign
compiling memory.c...
eeprom\memory.c(66): warning:  #223-D: function "send_string" declared implicitly
compiling SSD1306.c...
compiling DS3231.c...
compiling commandline.c...
compiling Log.c...
log\Log.c(35): warning:  #177-D: variable "lastUpdateRecord" was declared but never referenced
log\Log.c(75): warning:  #177-D: variable "temp" was declared but never referenced
linking...
Program Size: Code=30834 RO-data=2366 RW-data=104 ZI-data=5368  
FromELF: creating hex file...
"template.axf" - 0 Error(s), 10 Warning(s).
